15:15:41 **** Incremental Build of configuration Debug for project Bai2_Timer_7seg ****
make -j8 all 
arm-none-eabi-gcc "../Core/Src/stm32f4xx_it.c" -mcpu=cortex-m4 -std=gnu11 -g3 -DDEBUG -DUSE_HAL_DRIVER -DSTM32F407xx -c -I../Core/Inc -I../Drivers/STM32F4xx_HAL_Driver/Inc -I../Drivers/STM32F4xx_HAL_Driver/Inc/Legacy -I../Drivers/CMSIS/Device/ST/STM32F4xx/Include -I../Drivers/CMSIS/Include -O0 -ffunction-sections -fdata-sections -Wall -fstack-usage -MMD -MP -MF"Core/Src/stm32f4xx_it.d" -MT"Core/Src/stm32f4xx_it.o" --specs=nano.specs -mfpu=fpv4-sp-d16 -mfloat-abi=hard -mthumb -o "Core/Src/stm32f4xx_it.o"
arm-none-eabi-gcc -o "Bai2_Timer_7seg.elf" @"objects.list"   -mcpu=cortex-m4 -T"D:\ADMINISTRATOR\Education\241\HTN\Labs\STM32_ARM4_Lab2\BKIT_ARM4_Bai2_Timer_7seg-main\BKIT_ARM4_Bai2_Timer_7seg-main\Bai2_Timer_7seg\STM32F407ZGTX_FLASH.ld" --specs=nosys.specs -Wl,-Map="Bai2_Timer_7seg.map" -Wl,--gc-sections -static --specs=nano.specs -mfpu=fpv4-sp-d16 -mfloat-abi=hard -mthumb -Wl,--start-group -lc -lm -Wl,--end-group
Finished building target: Bai2_Timer_7seg.elf
 
arm-none-eabi-size   Bai2_Timer_7seg.elf 
arm-none-eabi-objdump -h -S  Bai2_Timer_7seg.elf  > "Bai2_Timer_7seg.list"
arm-none-eabi-objcopy  -O binary  Bai2_Timer_7seg.elf  "Bai2_Timer_7seg.bin"
   text	   data	    bss	    dec	    hex	filename
  11288	     36	   1740	  13064	   3308	Bai2_Timer_7seg.elf
Finished building: default.size.stdout
 
Finished building: Bai2_Timer_7seg.bin
 
Finished building: Bai2_Timer_7seg.list
 

15:15:43 Build Finished. 0 errors, 0 warnings. (took 2s.69ms)

