lcd.c:16:6:LCD_WR_REG	16	static
lcd.c:21:6:LCD_WR_DATA	16	static
lcd.c:26:10:LCD_RD_DATA	16	static
lcd.c:34:6:lcd_AddressSet	24	static
lcd.c:50:6:lcd_SetCursor	16	static
lcd.c:60:6:lcd_DisplayOn	8	static
lcd.c:65:6:lcd_DisplayOff	8	static
lcd.c:70:10:lcd_ReadPoint	24	static
lcd.c:88:6:lcd_Clear	24	static
lcd.c:110:6:lcd_Fill	32	static
lcd.c:130:6:lcd_DrawPoint	16	static
lcd.c:145:6:lcd_DrawLine	64	static
lcd.c:181:6:lcd_DrawRectangle	32	static
lcd.c:189:6:lcd_ShowChar	40	static
lcd.c:233:10:mypow	24	static
lcd.c:240:6:lcd_ShowIntNum	48	static
lcd.c:262:6:lcd_ShowFloatNum	56	static
lcd.c:281:6:lcd_ShowPicture	40	static
lcd.c:300:6:lcd_SetDir	16	static
lcd.c:314:6:lcd_init	8	static
lcd.c:424:13:_draw_circle_8	24	static
lcd.c:443:6:lcd_DrawCircle	48	static
lcd.c:479:6:lcd_ShowStr	56	static
lcd.c:507:6:lcd_StrCenter	48	static
