Archive member included to satisfy reference by file (symbol)

d:/installation_directory/stm32cubeide_1.7.0/stm32cubeide/plugins/com.st.stm32cube.ide.mcu.externaltools.gnu-tools-for-stm32.9-2020-q2-update.win32_2.0.0.202105311346/tools/bin/../lib/gcc/arm-none-eabi/9.3.1/../../../../arm-none-eabi/lib/thumb/v7e-m+fp/hard\libc_nano.a(lib_a-errno.o)
                              ./Core/Src/syscalls.o (__errno)
d:/installation_directory/stm32cubeide_1.7.0/stm32cubeide/plugins/com.st.stm32cube.ide.mcu.externaltools.gnu-tools-for-stm32.9-2020-q2-update.win32_2.0.0.202105311346/tools/bin/../lib/gcc/arm-none-eabi/9.3.1/../../../../arm-none-eabi/lib/thumb/v7e-m+fp/hard\libc_nano.a(lib_a-exit.o)
                              d:/installation_directory/stm32cubeide_1.7.0/stm32cubeide/plugins/com.st.stm32cube.ide.mcu.externaltools.gnu-tools-for-stm32.9-2020-q2-update.win32_2.0.0.202105311346/tools/bin/../lib/gcc/arm-none-eabi/9.3.1/../../../../arm-none-eabi/lib/thumb/v7e-m+fp/hard/crt0.o (exit)
d:/installation_directory/stm32cubeide_1.7.0/stm32cubeide/plugins/com.st.stm32cube.ide.mcu.externaltools.gnu-tools-for-stm32.9-2020-q2-update.win32_2.0.0.202105311346/tools/bin/../lib/gcc/arm-none-eabi/9.3.1/../../../../arm-none-eabi/lib/thumb/v7e-m+fp/hard\libc_nano.a(lib_a-impure.o)
                              d:/installation_directory/stm32cubeide_1.7.0/stm32cubeide/plugins/com.st.stm32cube.ide.mcu.externaltools.gnu-tools-for-stm32.9-2020-q2-update.win32_2.0.0.202105311346/tools/bin/../lib/gcc/arm-none-eabi/9.3.1/../../../../arm-none-eabi/lib/thumb/v7e-m+fp/hard\libc_nano.a(lib_a-exit.o) (_global_impure_ptr)
d:/installation_directory/stm32cubeide_1.7.0/stm32cubeide/plugins/com.st.stm32cube.ide.mcu.externaltools.gnu-tools-for-stm32.9-2020-q2-update.win32_2.0.0.202105311346/tools/bin/../lib/gcc/arm-none-eabi/9.3.1/../../../../arm-none-eabi/lib/thumb/v7e-m+fp/hard\libc_nano.a(lib_a-init.o)
                              d:/installation_directory/stm32cubeide_1.7.0/stm32cubeide/plugins/com.st.stm32cube.ide.mcu.externaltools.gnu-tools-for-stm32.9-2020-q2-update.win32_2.0.0.202105311346/tools/bin/../lib/gcc/arm-none-eabi/9.3.1/../../../../arm-none-eabi/lib/thumb/v7e-m+fp/hard/crt0.o (__libc_init_array)
d:/installation_directory/stm32cubeide_1.7.0/stm32cubeide/plugins/com.st.stm32cube.ide.mcu.externaltools.gnu-tools-for-stm32.9-2020-q2-update.win32_2.0.0.202105311346/tools/bin/../lib/gcc/arm-none-eabi/9.3.1/../../../../arm-none-eabi/lib/thumb/v7e-m+fp/hard\libc_nano.a(lib_a-memset.o)
                              d:/installation_directory/stm32cubeide_1.7.0/stm32cubeide/plugins/com.st.stm32cube.ide.mcu.externaltools.gnu-tools-for-stm32.9-2020-q2-update.win32_2.0.0.202105311346/tools/bin/../lib/gcc/arm-none-eabi/9.3.1/../../../../arm-none-eabi/lib/thumb/v7e-m+fp/hard/crt0.o (memset)
d:/installation_directory/stm32cubeide_1.7.0/stm32cubeide/plugins/com.st.stm32cube.ide.mcu.externaltools.gnu-tools-for-stm32.9-2020-q2-update.win32_2.0.0.202105311346/tools/bin/../lib/gcc/arm-none-eabi/9.3.1/../../../../arm-none-eabi/lib/thumb/v7e-m+fp/hard\libc_nano.a(lib_a-strlen.o)
                              ./Core/Src/lcd.o (strlen)
d:/installation_directory/stm32cubeide_1.7.0/stm32cubeide/plugins/com.st.stm32cube.ide.mcu.externaltools.gnu-tools-for-stm32.9-2020-q2-update.win32_2.0.0.202105311346/tools/bin/../lib/gcc/arm-none-eabi/9.3.1/thumb/v7e-m+fp/hard\libgcc.a(_arm_addsubdf3.o)
                              ./Core/Src/software_timer.o (__aeabi_ui2d)
d:/installation_directory/stm32cubeide_1.7.0/stm32cubeide/plugins/com.st.stm32cube.ide.mcu.externaltools.gnu-tools-for-stm32.9-2020-q2-update.win32_2.0.0.202105311346/tools/bin/../lib/gcc/arm-none-eabi/9.3.1/thumb/v7e-m+fp/hard\libgcc.a(_arm_muldivdf3.o)
                              ./Core/Src/software_timer.o (__aeabi_ddiv)
d:/installation_directory/stm32cubeide_1.7.0/stm32cubeide/plugins/com.st.stm32cube.ide.mcu.externaltools.gnu-tools-for-stm32.9-2020-q2-update.win32_2.0.0.202105311346/tools/bin/../lib/gcc/arm-none-eabi/9.3.1/thumb/v7e-m+fp/hard\libgcc.a(_arm_fixunsdfsi.o)
                              ./Core/Src/software_timer.o (__aeabi_d2uiz)
d:/installation_directory/stm32cubeide_1.7.0/stm32cubeide/plugins/com.st.stm32cube.ide.mcu.externaltools.gnu-tools-for-stm32.9-2020-q2-update.win32_2.0.0.202105311346/tools/bin/../lib/gcc/arm-none-eabi/9.3.1/thumb/v7e-m+fp/hard\libgcc.a(_aeabi_uldivmod.o)
                              ./Drivers/STM32F4xx_HAL_Driver/Src/stm32f4xx_hal_rcc.o (__aeabi_uldivmod)
d:/installation_directory/stm32cubeide_1.7.0/stm32cubeide/plugins/com.st.stm32cube.ide.mcu.externaltools.gnu-tools-for-stm32.9-2020-q2-update.win32_2.0.0.202105311346/tools/bin/../lib/gcc/arm-none-eabi/9.3.1/thumb/v7e-m+fp/hard\libgcc.a(_udivmoddi4.o)
[...]
Memory Configuration

Name             Origin             Length             Attributes
CCMRAM           0x0000000010000000 0x0000000000010000 xrw
RAM              0x0000000020000000 0x0000000000020000 xrw
FLASH            0x0000000008000000 0x0000000000100000 xr
*default*        0x0000000000000000 0xffffffffffffffff

Linker script and memory map

LOAD d:/installation_directory/stm32cubeide_1.7.0/stm32cubeide/plugins/com.st.stm32cube.ide.mcu.externaltools.gnu-tools-for-stm32.9-2020-q2-update.win32_2.0.0.202105311346/tools/bin/../lib/gcc/arm-none-eabi/9.3.1/thumb/v7e-m+fp/hard/crti.o
LOAD d:/installation_directory/stm32cubeide_1.7.0/stm32cubeide/plugins/com.st.stm32cube.ide.mcu.externaltools.gnu-tools-for-stm32.9-2020-q2-update.win32_2.0.0.202105311346/tools/bin/../lib/gcc/arm-none-eabi/9.3.1/thumb/v7e-m+fp/hard/crtbegin.o
LOAD d:/installation_directory/stm32cubeide_1.7.0/stm32cubeide/plugins/com.st.stm32cube.ide.mcu.externaltools.gnu-tools-for-stm32.9-2020-q2-update.win32_2.0.0.202105311346/tools/bin/../lib/gcc/arm-none-eabi/9.3.1/../../../../arm-none-eabi/lib/thumb/v7e-m+fp/hard/crt0.o
LOAD ./Core/Src/button.o
LOAD ./Core/Src/fsm.o
LOAD ./Core/Src/fsmc.o
LOAD ./Core/Src/gpio.o
LOAD ./Core/Src/lcd.o
LOAD ./Core/Src/led.o
LOAD ./Core/Src/led_7seg.o
LOAD ./Core/Src/main.o
LOAD ./Core/Src/picture.o
LOAD ./Core/Src/software_timer.o
LOAD ./Core/Src/spi.o
LOAD ./Core/Src/stm32f4xx_hal_msp.o
LOAD ./Core/Src/stm32f4xx_it.o
LOAD ./Core/Src/syscalls.o
LOAD ./Core/Src/sysmem.o
LOAD ./Core/Src/system_stm32f4xx.o
LOAD ./Core/Src/tim.o
LOAD ./Core/Startup/startup_stm32f407zetx.o
LOAD ./Drivers/STM32F4xx_HAL_Driver/Src/stm32f4xx_hal.o
LOAD ./Drivers/STM32F4xx_HAL_Driver/Src/stm32f4xx_hal_cortex.o
LOAD ./Drivers/STM32F4xx_HAL_Driver/Src/stm32f4xx_hal_dma.o
LOAD ./Drivers/STM32F4xx_HAL_Driver/Src/stm32f4xx_hal_dma_ex.o
LOAD ./Drivers/STM32F4xx_HAL_Driver/Src/stm32f4xx_hal_exti.o
LOAD ./Drivers/STM32F4xx_HAL_Driver/Src/stm32f4xx_hal_flash.o
LOAD ./Drivers/STM32F4xx_HAL_Driver/Src/stm32f4xx_hal_flash_ex.o
LOAD ./Drivers/STM32F4xx_HAL_Driver/Src/stm32f4xx_hal_flash_ramfunc.o
LOAD ./Drivers/STM32F4xx_HAL_Driver/Src/stm32f4xx_hal_gpio.o
LOAD ./Drivers/STM32F4xx_HAL_Driver/Src/stm32f4xx_hal_pwr.o
LOAD ./Drivers/STM32F4xx_HAL_Driver/Src/stm32f4xx_hal_pwr_ex.o
LOAD ./Drivers/STM32F4xx_HAL_Driver/Src/stm32f4xx_hal_rcc.o
LOAD ./Drivers/STM32F4xx_HAL_Driver/Src/stm32f4xx_hal_rcc_ex.o
LOAD ./Drivers/STM32F4xx_HAL_Driver/Src/stm32f4xx_hal_spi.o
LOAD ./Drivers/STM32F4xx_HAL_Driver/Src/stm32f4xx_hal_sram.o
LOAD ./Drivers/STM32F4xx_HAL_Driver/Src/stm32f4xx_hal_tim.o
LOAD ./Drivers/STM32F4xx_HAL_Driver/Src/stm32f4xx_hal_tim_ex.o
LOAD ./Drivers/STM32F4xx_HAL_Driver/Src/stm32f4xx_ll_fsmc.o
START GROUP
LOAD d:/installation_directory/stm32cubeide_1.7.0/stm32cubeide/plugins/com.st.stm32cube.ide.mcu.externaltools.gnu-tools-for-stm32.9-2020-q2-update.win32_2.0.0.202105311346/tools/bin/../lib/gcc/arm-none-eabi/9.3.1/../../../../arm-none-eabi/lib/thumb/v7e-m+fp/hard\libc_nano.a
LOAD d:/installation_directory/stm32cubeide_1.7.0/stm32cubeide/plugins/com.st.stm32cube.ide.mcu.externaltools.gnu-tools-for-stm32.9-2020-q2-update.win32_2.0.0.202105311346/tools/bin/../lib/gcc/arm-none-eabi/9.3.1/../../../../arm-none-eabi/lib/thumb/v7e-m+fp/hard\libm.a
END GROUP
START GROUP
LOAD d:/installation_directory/stm32cubeide_1.7.0/stm32cubeide/plugins/com.st.stm32cube.ide.mcu.externaltools.gnu-tools-for-stm32.9-2020-q2-update.win32_2.0.0.202105311346/tools/bin/../lib/gcc/arm-none-eabi/9.3.1/thumb/v7e-m+fp/hard\libgcc.a
LOAD d:/installation_directory/stm32cubeide_1.7.0/stm32cubeide/plugins/com.st.stm32cube.ide.mcu.externaltools.gnu-tools-for-stm32.9-2020-q2-update.win32_2.0.0.202105311346/tools/bin/../lib/gcc/arm-none-eabi/9.3.1/../../../../arm-none-eabi/lib/thumb/v7e-m+fp/hard\libc_nano.a
END GROUP
START GROUP
LOAD d:/installation_directory/stm32cubeide_1.7.0/stm32cubeide/plugins/com.st.stm32cube.ide.mcu.externaltools.gnu-tools-for-stm32.9-2020-q2-update.win32_2.0.0.202105311346/tools/bin/../lib/gcc/arm-none-eabi/9.3.1/thumb/v7e-m+fp/hard\libgcc.a
LOAD d:/installation_directory/stm32cubeide_1.7.0/stm32cubeide/plugins/com.st.stm32cube.ide.mcu.externaltools.gnu-tools-for-stm32.9-2020-q2-update.win32_2.0.0.202105311346/tools/bin/../lib/gcc/arm-none-eabi/9.3.1/../../../../arm-none-eabi/lib/thumb/v7e-m+fp/hard\libc_nano.a
LOAD d:/installation_directory/stm32cubeide_1.7.0/stm32cubeide/plugins/com.st.stm32cube.ide.mcu.externaltools.gnu-tools-for-stm32.9-2020-q2-update.win32_2.0.0.202105311346/tools/bin/../lib/gcc/arm-none-eabi/9.3.1/../../../../arm-none-eabi/lib/thumb/v7e-m+fp/hard\libnosys.a
END GROUP
START GROUP
LOAD d:/installation_directory/stm32cubeide_1.7.0/stm32cubeide/plugins/com.st.stm32cube.ide.mcu.externaltools.gnu-tools-for-stm32.9-2020-q2-update.win32_2.0.0.202105311346/tools/bin/../lib/gcc/arm-none-eabi/9.3.1/thumb/v7e-m+fp/hard\libgcc.a
LOAD d:/installation_directory/stm32cubeide_1.7.0/stm32cubeide/plugins/com.st.stm32cube.ide.mcu.externaltools.gnu-tools-for-stm32.9-2020-q2-update.win32_2.0.0.202105311346/tools/bin/../lib/gcc/arm-none-eabi/9.3.1/../../../../arm-none-eabi/lib/thumb/v7e-m+fp/hard\libc_nano.a
LOAD d:/installation_directory/stm32cubeide_1.7.0/stm32cubeide/plugins/com.st.stm32cube.ide.mcu.externaltools.gnu-tools-for-stm32.9-2020-q2-update.win32_2.0.0.202105311346/tools/bin/../lib/gcc/arm-none-eabi/9.3.1/../../../../arm-none-eabi/lib/thumb/v7e-m+fp/hard\libnosys.a
END GROUP
LOAD d:/installation_directory/stm32cubeide_1.7.0/stm32cubeide/plugins/com.st.stm32cube.ide.mcu.externaltools.gnu-tools-for-stm32.9-2020-q2-update.win32_2.0.0.202105311346/tools/bin/../lib/gcc/arm-none-eabi/9.3.1/thumb/v7e-m+fp/hard/crtend.o
LOAD d:/installation_directory/stm32cubeide_1.7.0/stm32cubeide/plugins/com.st.stm32cube.ide.mcu.externaltools.gnu-tools-for-stm32.9-2020-q2-update.win32_2.0.0.202105311346/tools/bin/../lib/gcc/arm-none-eabi/9.3.1/thumb/v7e-m+fp/hard/crtn.o
                0x0000000020020000                _estack = (ORIGIN (RAM) + LENGTH (RAM))
                0x0000000000000200                _Min_Heap_Size = 0x200
                0x0000000000000400                _Min_Stack_Size = 0x400

.isr_vector     0x0000000008000000      0x188
                0x0000000008000000                . = ALIGN (0x4)
 *(.isr_vector)
 .isr_vector    0x0000000008000000      0x188 ./Core/Startup/startup_stm32f407zetx.o
                0x0000000008000000                g_pfnVectors
                0x0000000008000188                . = ALIGN (0x4)

.text           0x0000000008000188     0x53e0
                0x0000000008000188                . = ALIGN (0x4)
 *(.text)
 .text          0x0000000008000188       0x40 d:/installation_directory/stm32cubeide_1.7.0/stm32cubeide/plugins/com.st.stm32cube.ide.mcu.externaltools.gnu-tools-for-stm32.9-2020-q2-update.win32_2.0.0.202105311346/tools/bin/../lib/gcc/arm-none-eabi/9.3.1/thumb/v7e-m+fp/hard/crtbegin.o
 .text          0x00000000080001c8      0x378 d:/installation_directory/stm32cubeide_1.7.0/stm32cubeide/plugins/com.st.stm32cube.ide.mcu.externaltools.gnu-tools-for-stm32.9-2020-q2-update.win32_2.0.0.202105311346/tools/bin/../lib/gcc/arm-none-eabi/9.3.1/thumb/v7e-m+fp/hard\libgcc.a(_arm_addsubdf3.o)
                0x00000000080001c8                __aeabi_drsub
                0x00000000080001d0                __aeabi_dsub
                0x00000000080001d0                __subdf3
                0x00000000080001d4                __aeabi_dadd
                0x00000000080001d4                __adddf3
                0x000000000800044c                __floatunsidf
                0x000000000800044c                __aeabi_ui2d
                0x000000000800046c                __floatsidf
                0x000000000800046c                __aeabi_i2d
                0x0000000008000490                __aeabi_f2d
                0x0000000008000490                __extendsfdf2
                0x00000000080004d4                __floatundidf
                0x00000000080004d4                __aeabi_ul2d
                0x00000000080004e4                __floatdidf
                0x00000000080004e4                __aeabi_l2d
 .text          0x0000000008000540      0x424 d:/installation_directory/stm32cubeide_1.7.0/stm32cubeide/plugins/com.st.stm32cube.ide.mcu.externaltools.gnu-tools-for-stm32.9-2020-q2-update.win32_2.0.0.202105311346/tools/bin/../lib/gcc/arm-none-eabi/9.3.1/thumb/v7e-m+fp/hard\libgcc.a(_arm_muldivdf3.o)
                0x0000000008000540                __aeabi_dmul
                0x0000000008000540                __muldf3
                0x0000000008000794                __divdf3
                0x0000000008000794                __aeabi_ddiv
 .text          0x0000000008000964       0x40 d:/installation_directory/stm32cubeide_1.7.0/stm32cubeide/plugins/com.st.stm32cube.ide.mcu.externaltools.gnu-tools-for-stm32.9-2020-q2-update.win32_2.0.0.202105311346/tools/bin/../lib/gcc/arm-none-eabi/9.3.1/thumb/v7e-m+fp/hard\libgcc.a(_arm_fixunsdfsi.o)
                0x0000000008000964                __aeabi_d2uiz
                0x0000000008000964                __fixunsdfsi
 .text          0x00000000080009a4       0x30 d:/installation_directory/stm32cubeide_1.7.0/stm32cubeide/plugins/com.st.stm32cube.ide.mcu.externaltools.gnu-tools-for-stm32.9-2020-q2-update.win32_2.0.0.202105311346/tools/bin/../lib/gcc/arm-none-eabi/9.3.1/thumb/v7e-m+fp/hard\libgcc.a(_aeabi_uldivmod.o)
                0x00000000080009a4                __aeabi_uldivmod
 .text          0x00000000080009d4      0x2c4 d:/installation_directory/stm32cubeide_1.7.0/stm32cubeide/plugins/com.st.stm32cube.ide.mcu.externaltools.gnu-tools-for-stm32.9-2020-q2-update.win32_2.0.0.202105311346/tools/bin/../lib/gcc/arm-none-eabi/9.3.1/thumb/v7e-m+fp/hard\libgcc.a(_udivmoddi4.o)
                0x00000000080009d4                __udivmoddi4
 .text          0x0000000008000c98        0x4 d:/installation_directory/stm32cubeide_1.7.0/stm32cubeide/plugins/com.st.stm32cube.ide.mcu.externaltools.gnu-tools-for-stm32.9-2020-q2-update.win32_2.0.0.202105311346/tools/bin/../lib/gcc/arm-none-eabi/9.3.1/thumb/v7e-m+fp/hard\libgcc.a(_dvmd_tls.o)
                0x0000000008000c98                __aeabi_idiv0
                0x0000000008000c98                __aeabi_ldiv0
 *(.text*)
 .text.button_init
                0x0000000008000c9c       0x18 ./Core/Src/button.o
                0x0000000008000c9c                button_init
 .text.button_Scan
                0x0000000008000cb4       0xd8 ./Core/Src/button.o
                0x0000000008000cb4                button_Scan
 .text.is_button_pressed
                0x0000000008000d8c       0x38 ./Core/Src/button.o
                0x0000000008000d8c                is_button_pressed
 .text.is_button_long_pressed
                0x0000000008000dc4       0x40 ./Core/Src/button.o
                0x0000000008000dc4                is_button_long_pressed
 .text.traffic_light_fsm
                0x0000000008000e04      0x120 ./Core/Src/fsm.o
                0x0000000008000e04                traffic_light_fsm
 .text.button_fsm
                0x0000000008000f24      0x110 ./Core/Src/fsm.o
                0x0000000008000f24                button_fsm
 .text.traffic_run
                0x0000000008001034      0x204 ./Core/Src/fsm.o
                0x0000000008001034                traffic_run
 .text.MX_FSMC_Init
                0x0000000008001238       0xf4 ./Core/Src/fsmc.o
                0x0000000008001238                MX_FSMC_Init
 .text.HAL_FSMC_MspInit
                0x000000000800132c       0x98 ./Core/Src/fsmc.o
 .text.HAL_SRAM_MspInit
                0x00000000080013c4       0x14 ./Core/Src/fsmc.o
                0x00000000080013c4                HAL_SRAM_MspInit
 .text.MX_GPIO_Init
                0x00000000080013d8      0x1f0 ./Core/Src/gpio.o
                0x00000000080013d8                MX_GPIO_Init
 .text.LCD_WR_REG
                0x00000000080015c8       0x20 ./Core/Src/lcd.o
                0x00000000080015c8                LCD_WR_REG
 .text.LCD_WR_DATA
                0x00000000080015e8       0x20 ./Core/Src/lcd.o
 .text.LCD_RD_DATA
                0x0000000008001608       0x24 ./Core/Src/lcd.o
 .text.lcd_AddressSet
                0x000000000800162c       0x98 ./Core/Src/lcd.o
                0x000000000800162c                lcd_AddressSet
 .text.lcd_Clear
                0x00000000080016c4       0x64 ./Core/Src/lcd.o
                0x00000000080016c4                lcd_Clear
 .text.lcd_Fill
                0x0000000008001728       0x6c ./Core/Src/lcd.o
                0x0000000008001728                lcd_Fill
 .text.lcd_DrawPoint
                0x0000000008001794       0x2e ./Core/Src/lcd.o
                0x0000000008001794                lcd_DrawPoint
 .text.lcd_DrawLine
                0x00000000080017c2      0x108 ./Core/Src/lcd.o
                0x00000000080017c2                lcd_DrawLine
 .text.lcd_DrawRectangle
                0x00000000080018ca       0x6e ./Core/Src/lcd.o
                0x00000000080018ca                lcd_DrawRectangle
 .text.lcd_ShowChar
                0x0000000008001938      0x1a0 ./Core/Src/lcd.o
                0x0000000008001938                lcd_ShowChar
 .text.mypow    0x0000000008001ad8       0x38 ./Core/Src/lcd.o
                0x0000000008001ad8                mypow
 .text.lcd_ShowIntNum
                0x0000000008001b10       0xfc ./Core/Src/lcd.o
                0x0000000008001b10                lcd_ShowIntNum
 .text.lcd_ShowPicture
                0x0000000008001c0c       0xac ./Core/Src/lcd.o
                0x0000000008001c0c                lcd_ShowPicture
 .text.lcd_SetDir
                0x0000000008001cb8       0x48 ./Core/Src/lcd.o
                0x0000000008001cb8                lcd_SetDir
 .text.lcd_init
                0x0000000008001d00      0x2c0 ./Core/Src/lcd.o
                0x0000000008001d00                lcd_init
 .text._draw_circle_8
                0x0000000008001fc0      0x116 ./Core/Src/lcd.o
 .text.lcd_DrawCircle
                0x00000000080020d6       0xd8 ./Core/Src/lcd.o
                0x00000000080020d6                lcd_DrawCircle
 *fill*         0x00000000080021ae        0x2 
 .text.lcd_ShowStr
                0x00000000080021b0       0xc8 ./Core/Src/lcd.o
                0x00000000080021b0                lcd_ShowStr
 .text.box_rec  0x0000000008002278      0x1e8 ./Core/Src/led.o
                0x0000000008002278                box_rec
 .text.init_traffic_light
                0x0000000008002460      0x50c ./Core/Src/led.o
                0x0000000008002460                init_traffic_light
 .text.control_traffic_light
                0x000000000800296c      0x188 ./Core/Src/led.o
                0x000000000800296c                control_traffic_light
 .text.LCD_DisplayNum
                0x0000000008002af4       0x98 ./Core/Src/led.o
                0x0000000008002af4                LCD_DisplayNum
 .text.init     0x0000000008002b8c       0x38 ./Core/Src/main.o
                0x0000000008002b8c                init
 .text.main     0x0000000008002bc4       0xd0 ./Core/Src/main.o
                0x0000000008002bc4                main
 .text.SystemClock_Config
                0x0000000008002c94       0xd4 ./Core/Src/main.o
                0x0000000008002c94                SystemClock_Config
 .text.Error_Handler
                0x0000000008002d68        0xa ./Core/Src/main.o
                0x0000000008002d68                Error_Handler
 .text.HAL_TIM_PeriodElapsedCallback
                0x0000000008002d72       0x14 ./Core/Src/software_timer.o
                0x0000000008002d72                HAL_TIM_PeriodElapsedCallback
 *fill*         0x0000000008002d86        0x2 
 .text.set_timer
                0x0000000008002d88       0x58 ./Core/Src/software_timer.o
                0x0000000008002d88                set_timer
 .text.run_timer
                0x0000000008002de0       0x64 ./Core/Src/software_timer.o
                0x0000000008002de0                run_timer
 .text.is_timer_on
                0x0000000008002e44       0x20 ./Core/Src/software_timer.o
                0x0000000008002e44                is_timer_on
 .text.MX_SPI1_Init
                0x0000000008002e64       0x6c ./Core/Src/spi.o
                0x0000000008002e64                MX_SPI1_Init
 .text.HAL_SPI_MspInit
                0x0000000008002ed0       0x90 ./Core/Src/spi.o
                0x0000000008002ed0                HAL_SPI_MspInit
 .text.HAL_MspInit
                0x0000000008002f60       0x50 ./Core/Src/stm32f4xx_hal_msp.o
                0x0000000008002f60                HAL_MspInit
 .text.NMI_Handler
                0x0000000008002fb0        0x6 ./Core/Src/stm32f4xx_it.o
                0x0000000008002fb0                NMI_Handler
 .text.HardFault_Handler
                0x0000000008002fb6        0x6 ./Core/Src/stm32f4xx_it.o
                0x0000000008002fb6                HardFault_Handler
 .text.MemManage_Handler
                0x0000000008002fbc        0x6 ./Core/Src/stm32f4xx_it.o
                0x0000000008002fbc                MemManage_Handler
 .text.BusFault_Handler
                0x0000000008002fc2        0x6 ./Core/Src/stm32f4xx_it.o
                0x0000000008002fc2                BusFault_Handler
 .text.UsageFault_Handler
                0x0000000008002fc8        0x6 ./Core/Src/stm32f4xx_it.o
                0x0000000008002fc8                UsageFault_Handler
 .text.SVC_Handler
                0x0000000008002fce        0xe ./Core/Src/stm32f4xx_it.o
                0x0000000008002fce                SVC_Handler
 .text.DebugMon_Handler
                0x0000000008002fdc        0xe ./Core/Src/stm32f4xx_it.o
                0x0000000008002fdc                DebugMon_Handler
 .text.PendSV_Handler
                0x0000000008002fea        0xe ./Core/Src/stm32f4xx_it.o
                0x0000000008002fea                PendSV_Handler
 .text.SysTick_Handler
                0x0000000008002ff8        0xc ./Core/Src/stm32f4xx_it.o
                0x0000000008002ff8                SysTick_Handler
 .text.TIM2_IRQHandler
                0x0000000008003004       0x14 ./Core/Src/stm32f4xx_it.o
                0x0000000008003004                TIM2_IRQHandler
 .text.SystemInit
                0x0000000008003018       0x24 ./Core/Src/system_stm32f4xx.o
                0x0000000008003018                SystemInit
 .text.MX_TIM2_Init
                0x000000000800303c       0x98 ./Core/Src/tim.o
                0x000000000800303c                MX_TIM2_Init
 .text.HAL_TIM_Base_MspInit
                0x00000000080030d4       0x4c ./Core/Src/tim.o
                0x00000000080030d4                HAL_TIM_Base_MspInit
 .text.Reset_Handler
                0x0000000008003120       0x50 ./Core/Startup/startup_stm32f407zetx.o
                0x0000000008003120                Reset_Handler
 .text.Default_Handler
                0x0000000008003170        0x2 ./Core/Startup/startup_stm32f407zetx.o
                0x0000000008003170                RTC_Alarm_IRQHandler
                0x0000000008003170                HASH_RNG_IRQHandler
                0x0000000008003170                EXTI2_IRQHandler
                0x0000000008003170                TIM8_CC_IRQHandler
                0x0000000008003170                TIM1_CC_IRQHandler
                0x0000000008003170                DMA2_Stream5_IRQHandler
                0x0000000008003170                DMA1_Stream5_IRQHandler
                0x0000000008003170                PVD_IRQHandler
                0x0000000008003170                SDIO_IRQHandler
                0x0000000008003170                TAMP_STAMP_IRQHandler
                0x0000000008003170                CAN2_RX1_IRQHandler
                0x0000000008003170                EXTI3_IRQHandler
                0x0000000008003170                TIM8_TRG_COM_TIM14_IRQHandler
                0x0000000008003170                TIM1_UP_TIM10_IRQHandler
                0x0000000008003170                TIM8_UP_TIM13_IRQHandler
                0x0000000008003170                I2C3_ER_IRQHandler
                0x0000000008003170                EXTI0_IRQHandler
                0x0000000008003170                I2C2_EV_IRQHandler
                0x0000000008003170                DMA1_Stream2_IRQHandler
                0x0000000008003170                CAN1_RX0_IRQHandler
                0x0000000008003170                FPU_IRQHandler
                0x0000000008003170                OTG_HS_WKUP_IRQHandler
                0x0000000008003170                CAN2_SCE_IRQHandler
                0x0000000008003170                DMA2_Stream2_IRQHandler
                0x0000000008003170                SPI1_IRQHandler
                0x0000000008003170                TIM6_DAC_IRQHandler
                0x0000000008003170                TIM1_BRK_TIM9_IRQHandler
                0x0000000008003170                DCMI_IRQHandler
                0x0000000008003170                CAN2_RX0_IRQHandler
                0x0000000008003170                DMA2_Stream3_IRQHandler
                0x0000000008003170                USART6_IRQHandler
                0x0000000008003170                USART3_IRQHandler
                0x0000000008003170                CAN1_RX1_IRQHandler
                0x0000000008003170                UART5_IRQHandler
                0x0000000008003170                DMA2_Stream0_IRQHandler
                0x0000000008003170                TIM4_IRQHandler
                0x0000000008003170                I2C1_EV_IRQHandler
                0x0000000008003170                DMA1_Stream6_IRQHandler
                0x0000000008003170                DMA1_Stream1_IRQHandler
                0x0000000008003170                UART4_IRQHandler
                0x0000000008003170                TIM3_IRQHandler
                0x0000000008003170                RCC_IRQHandler
                0x0000000008003170                TIM8_BRK_TIM12_IRQHandler
                0x0000000008003170                Default_Handler
                0x0000000008003170                EXTI15_10_IRQHandler
                0x0000000008003170                ADC_IRQHandler
                0x0000000008003170                DMA1_Stream7_IRQHandler
                0x0000000008003170                TIM7_IRQHandler
                0x0000000008003170                CAN2_TX_IRQHandler
                0x0000000008003170                TIM5_IRQHandler
                0x0000000008003170                DMA2_Stream7_IRQHandler
                0x0000000008003170                I2C3_EV_IRQHandler
                0x0000000008003170                EXTI9_5_IRQHandler
                0x0000000008003170                RTC_WKUP_IRQHandler
                0x0000000008003170                ETH_WKUP_IRQHandler
                0x0000000008003170                SPI2_IRQHandler
                0x0000000008003170                OTG_HS_EP1_IN_IRQHandler
                0x0000000008003170                DMA1_Stream0_IRQHandler
                0x0000000008003170                CAN1_TX_IRQHandler
                0x0000000008003170                EXTI4_IRQHandler
                0x0000000008003170                FSMC_IRQHandler
                0x0000000008003170                ETH_IRQHandler
                0x0000000008003170                OTG_HS_EP1_OUT_IRQHandler
                0x0000000008003170                WWDG_IRQHandler
                0x0000000008003170                OTG_FS_WKUP_IRQHandler
                0x0000000008003170                TIM1_TRG_COM_TIM11_IRQHandler
                0x0000000008003170                OTG_HS_IRQHandler
                0x0000000008003170                EXTI1_IRQHandler
                0x0000000008003170                USART2_IRQHandler
                0x0000000008003170                I2C2_ER_IRQHandler
                0x0000000008003170                DMA2_Stream1_IRQHandler
                0x0000000008003170                CAN1_SCE_IRQHandler
                0x0000000008003170                FLASH_IRQHandler
                0x0000000008003170                DMA2_Stream4_IRQHandler
                0x0000000008003170                USART1_IRQHandler
                0x0000000008003170                OTG_FS_IRQHandler
                0x0000000008003170                SPI3_IRQHandler
                0x0000000008003170                DMA1_Stream4_IRQHandler
                0x0000000008003170                I2C1_ER_IRQHandler
                0x0000000008003170                DMA2_Stream6_IRQHandler
                0x0000000008003170                DMA1_Stream3_IRQHandler
 *fill*         0x0000000008003172        0x2 
 .text.HAL_Init
                0x0000000008003174       0x44 ./Drivers/STM32F4xx_HAL_Driver/Src/stm32f4xx_hal.o
                0x0000000008003174                HAL_Init
 .text.HAL_InitTick
                0x00000000080031b8       0x60 ./Drivers/STM32F4xx_HAL_Driver/Src/stm32f4xx_hal.o
                0x00000000080031b8                HAL_InitTick
 .text.HAL_IncTick
                0x0000000008003218       0x28 ./Drivers/STM32F4xx_HAL_Driver/Src/stm32f4xx_hal.o
                0x0000000008003218                HAL_IncTick
 .text.HAL_GetTick
                0x0000000008003240       0x18 ./Drivers/STM32F4xx_HAL_Driver/Src/stm32f4xx_hal.o
                0x0000000008003240                HAL_GetTick
 .text.HAL_Delay
                0x0000000008003258       0x48 ./Drivers/STM32F4xx_HAL_Driver/Src/stm32f4xx_hal.o
                0x0000000008003258                HAL_Delay
 .text.__NVIC_SetPriorityGrouping
                0x00000000080032a0       0x48 ./Drivers/STM32F4xx_HAL_Driver/Src/stm32f4xx_hal_cortex.o
 .text.__NVIC_GetPriorityGrouping
                0x00000000080032e8       0x1c ./Drivers/STM32F4xx_HAL_Driver/Src/stm32f4xx_hal_cortex.o
 .text.__NVIC_EnableIRQ
                0x0000000008003304       0x3c ./Drivers/STM32F4xx_HAL_Driver/Src/stm32f4xx_hal_cortex.o
 .text.__NVIC_SetPriority
                0x0000000008003340       0x54 ./Drivers/STM32F4xx_HAL_Driver/Src/stm32f4xx_hal_cortex.o
 .text.NVIC_EncodePriority
                0x0000000008003394       0x66 ./Drivers/STM32F4xx_HAL_Driver/Src/stm32f4xx_hal_cortex.o
 *fill*         0x00000000080033fa        0x2 
 .text.SysTick_Config
                0x00000000080033fc       0x44 ./Drivers/STM32F4xx_HAL_Driver/Src/stm32f4xx_hal_cortex.o
 .text.HAL_NVIC_SetPriorityGrouping
                0x0000000008003440       0x16 ./Drivers/STM32F4xx_HAL_Driver/Src/stm32f4xx_hal_cortex.o
                0x0000000008003440                HAL_NVIC_SetPriorityGrouping
 .text.HAL_NVIC_SetPriority
                0x0000000008003456       0x38 ./Drivers/STM32F4xx_HAL_Driver/Src/stm32f4xx_hal_cortex.o
                0x0000000008003456                HAL_NVIC_SetPriority
 .text.HAL_NVIC_EnableIRQ
                0x000000000800348e       0x1c ./Drivers/STM32F4xx_HAL_Driver/Src/stm32f4xx_hal_cortex.o
                0x000000000800348e                HAL_NVIC_EnableIRQ
 .text.HAL_SYSTICK_Config
                0x00000000080034aa       0x18 ./Drivers/STM32F4xx_HAL_Driver/Src/stm32f4xx_hal_cortex.o
                0x00000000080034aa                HAL_SYSTICK_Config
 *fill*         0x00000000080034c2        0x2 
 .text.HAL_GPIO_Init
                0x00000000080034c4      0x338 ./Drivers/STM32F4xx_HAL_Driver/Src/stm32f4xx_hal_gpio.o
                0x00000000080034c4                HAL_GPIO_Init
 .text.HAL_GPIO_WritePin
                0x00000000080037fc       0x32 ./Drivers/STM32F4xx_HAL_Driver/Src/stm32f4xx_hal_gpio.o
                0x00000000080037fc                HAL_GPIO_WritePin
 *fill*         0x000000000800382e        0x2 
 .text.HAL_RCC_OscConfig
                0x0000000008003830      0x4f0 ./Drivers/STM32F4xx_HAL_Driver/Src/stm32f4xx_hal_rcc.o
                0x0000000008003830                HAL_RCC_OscConfig
 .text.HAL_RCC_ClockConfig
                0x0000000008003d20      0x1cc ./Drivers/STM32F4xx_HAL_Driver/Src/stm32f4xx_hal_rcc.o
                0x0000000008003d20                HAL_RCC_ClockConfig
 .text.HAL_RCC_GetSysClockFreq
                0x0000000008003eec      0x1c4 ./Drivers/STM32F4xx_HAL_Driver/Src/stm32f4xx_hal_rcc.o
                0x0000000008003eec                HAL_RCC_GetSysClockFreq
 .text.HAL_SPI_Init
                0x00000000080040b0      0x112 ./Drivers/STM32F4xx_HAL_Driver/Src/stm32f4xx_hal_spi.o
                0x00000000080040b0                HAL_SPI_Init
 .text.HAL_SPI_Receive
                0x00000000080041c2      0x232 ./Drivers/STM32F4xx_HAL_Driver/Src/stm32f4xx_hal_spi.o
                0x00000000080041c2                HAL_SPI_Receive
 .text.HAL_SPI_TransmitReceive
                0x00000000080043f4      0x352 ./Drivers/STM32F4xx_HAL_Driver/Src/stm32f4xx_hal_spi.o
                0x00000000080043f4                HAL_SPI_TransmitReceive
 *fill*         0x0000000008004746        0x2 
 .text.SPI_WaitFlagStateUntilTimeout
                0x0000000008004748      0x110 ./Drivers/STM32F4xx_HAL_Driver/Src/stm32f4xx_hal_spi.o
 .text.SPI_EndRxTransaction
                0x0000000008004858       0xca ./Drivers/STM32F4xx_HAL_Driver/Src/stm32f4xx_hal_spi.o
 *fill*         0x0000000008004922        0x2 
 .text.SPI_EndRxTxTransaction
                0x0000000008004924       0xa8 ./Drivers/STM32F4xx_HAL_Driver/Src/stm32f4xx_hal_spi.o
 .text.HAL_SRAM_Init
                0x00000000080049cc       0x90 ./Drivers/STM32F4xx_HAL_Driver/Src/stm32f4xx_hal_sram.o
                0x00000000080049cc                HAL_SRAM_Init
 .text.HAL_TIM_Base_Init
                0x0000000008004a5c       0x9e ./Drivers/STM32F4xx_HAL_Driver/Src/stm32f4xx_hal_tim.o
                0x0000000008004a5c                HAL_TIM_Base_Init
 *fill*         0x0000000008004afa        0x2 
 .text.HAL_TIM_Base_Start_IT
                0x0000000008004afc       0xe0 ./Drivers/STM32F4xx_HAL_Driver/Src/stm32f4xx_hal_tim.o
                0x0000000008004afc                HAL_TIM_Base_Start_IT
 .text.HAL_TIM_IRQHandler
                0x0000000008004bdc      0x1e0 ./Drivers/STM32F4xx_HAL_Driver/Src/stm32f4xx_hal_tim.o
                0x0000000008004bdc                HAL_TIM_IRQHandler
 .text.HAL_TIM_ConfigClockSource
                0x0000000008004dbc      0x18e ./Drivers/STM32F4xx_HAL_Driver/Src/stm32f4xx_hal_tim.o
                0x0000000008004dbc                HAL_TIM_ConfigClockSource
 .text.HAL_TIM_OC_DelayElapsedCallback
                0x0000000008004f4a       0x14 ./Drivers/STM32F4xx_HAL_Driver/Src/stm32f4xx_hal_tim.o
                0x0000000008004f4a                HAL_TIM_OC_DelayElapsedCallback
 .text.HAL_TIM_IC_CaptureCallback
                0x0000000008004f5e       0x14 ./Drivers/STM32F4xx_HAL_Driver/Src/stm32f4xx_hal_tim.o
                0x0000000008004f5e                HAL_TIM_IC_CaptureCallback
 .text.HAL_TIM_PWM_PulseFinishedCallback
                0x0000000008004f72       0x14 ./Drivers/STM32F4xx_HAL_Driver/Src/stm32f4xx_hal_tim.o
                0x0000000008004f72                HAL_TIM_PWM_PulseFinishedCallback
 .text.HAL_TIM_TriggerCallback
                0x0000000008004f86       0x14 ./Drivers/STM32F4xx_HAL_Driver/Src/stm32f4xx_hal_tim.o
                0x0000000008004f86                HAL_TIM_TriggerCallback
 *fill*         0x0000000008004f9a        0x2 
 .text.TIM_Base_SetConfig
                0x0000000008004f9c      0x158 ./Drivers/STM32F4xx_HAL_Driver/Src/stm32f4xx_hal_tim.o
                0x0000000008004f9c                TIM_Base_SetConfig
 .text.TIM_TI1_ConfigInputStage
                0x00000000080050f4       0x5e ./Drivers/STM32F4xx_HAL_Driver/Src/stm32f4xx_hal_tim.o
 .text.TIM_TI2_ConfigInputStage
                0x0000000008005152       0x60 ./Drivers/STM32F4xx_HAL_Driver/Src/stm32f4xx_hal_tim.o
 .text.TIM_ITRx_SetConfig
                0x00000000080051b2       0x36 ./Drivers/STM32F4xx_HAL_Driver/Src/stm32f4xx_hal_tim.o
 .text.TIM_ETR_SetConfig
                0x00000000080051e8       0x40 ./Drivers/STM32F4xx_HAL_Driver/Src/stm32f4xx_hal_tim.o
                0x00000000080051e8                TIM_ETR_SetConfig
 .text.HAL_TIMEx_MasterConfigSynchronization
                0x0000000008005228       0xf8 ./Drivers/STM32F4xx_HAL_Driver/Src/stm32f4xx_hal_tim_ex.o
                0x0000000008005228                HAL_TIMEx_MasterConfigSynchronization
 .text.HAL_TIMEx_CommutCallback
                0x0000000008005320       0x14 ./Drivers/STM32F4xx_HAL_Driver/Src/stm32f4xx_hal_tim_ex.o
                0x0000000008005320                HAL_TIMEx_CommutCallback
 .text.HAL_TIMEx_BreakCallback
                0x0000000008005334       0x14 ./Drivers/STM32F4xx_HAL_Driver/Src/stm32f4xx_hal_tim_ex.o
                0x0000000008005334                HAL_TIMEx_BreakCallback
 .text.FSMC_NORSRAM_Init
                0x0000000008005348       0xd4 ./Drivers/STM32F4xx_HAL_Driver/Src/stm32f4xx_ll_fsmc.o
                0x0000000008005348                FSMC_NORSRAM_Init
 .text.FSMC_NORSRAM_Timing_Init
                0x000000000800541c       0x6a ./Drivers/STM32F4xx_HAL_Driver/Src/stm32f4xx_ll_fsmc.o
                0x000000000800541c                FSMC_NORSRAM_Timing_Init
 *fill*         0x0000000008005486        0x2 
 .text.FSMC_NORSRAM_Extended_Timing_Init
                0x0000000008005488       0x70 ./Drivers/STM32F4xx_HAL_Driver/Src/stm32f4xx_ll_fsmc.o
                0x0000000008005488                FSMC_NORSRAM_Extended_Timing_Init
 .text.__libc_init_array
                0x00000000080054f8       0x48 d:/installation_directory/stm32cubeide_1.7.0/stm32cubeide/plugins/com.st.stm32cube.ide.mcu.externaltools.gnu-tools-for-stm32.9-2020-q2-update.win32_2.0.0.202105311346/tools/bin/../lib/gcc/arm-none-eabi/9.3.1/../../../../arm-none-eabi/lib/thumb/v7e-m+fp/hard\libc_nano.a(lib_a-init.o)
                0x00000000080054f8                __libc_init_array
 .text.memset   0x0000000008005540       0x10 d:/installation_directory/stm32cubeide_1.7.0/stm32cubeide/plugins/com.st.stm32cube.ide.mcu.externaltools.gnu-tools-for-stm32.9-2020-q2-update.win32_2.0.0.202105311346/tools/bin/../lib/gcc/arm-none-eabi/9.3.1/../../../../arm-none-eabi/lib/thumb/v7e-m+fp/hard\libc_nano.a(lib_a-memset.o)
                0x0000000008005540                memset
 *(.glue_7)
 .glue_7        0x0000000008005550        0x0 linker stubs
 *(.glue_7t)
 .glue_7t       0x0000000008005550        0x0 linker stubs
 *(.eh_frame)
 .eh_frame      0x0000000008005550        0x0 d:/installation_directory/stm32cubeide_1.7.0/stm32cubeide/plugins/com.st.stm32cube.ide.mcu.externaltools.gnu-tools-for-stm32.9-2020-q2-update.win32_2.0.0.202105311346/tools/bin/../lib/gcc/arm-none-eabi/9.3.1/thumb/v7e-m+fp/hard/crtbegin.o
 *(.init)
 .init          0x0000000008005550        0x4 d:/installation_directory/stm32cubeide_1.7.0/stm32cubeide/plugins/com.st.stm32cube.ide.mcu.externaltools.gnu-tools-for-stm32.9-2020-q2-update.win32_2.0.0.202105311346/tools/bin/../lib/gcc/arm-none-eabi/9.3.1/thumb/v7e-m+fp/hard/crti.o
                0x0000000008005550                _init
 .init          0x0000000008005554        0x8 d:/installation_directory/stm32cubeide_1.7.0/stm32cubeide/plugins/com.st.stm32cube.ide.mcu.externaltools.gnu-tools-for-stm32.9-2020-q2-update.win32_2.0.0.202105311346/tools/bin/../lib/gcc/arm-none-eabi/9.3.1/thumb/v7e-m+fp/hard/crtn.o
 *(.fini)
 .fini          0x000000000800555c        0x4 d:/installation_directory/stm32cubeide_1.7.0/stm32cubeide/plugins/com.st.stm32cube.ide.mcu.externaltools.gnu-tools-for-stm32.9-2020-q2-update.win32_2.0.0.202105311346/tools/bin/../lib/gcc/arm-none-eabi/9.3.1/thumb/v7e-m+fp/hard/crti.o
                0x000000000800555c                _fini
 .fini          0x0000000008005560        0x8 d:/installation_directory/stm32cubeide_1.7.0/stm32cubeide/plugins/com.st.stm32cube.ide.mcu.externaltools.gnu-tools-for-stm32.9-2020-q2-update.win32_2.0.0.202105311346/tools/bin/../lib/gcc/arm-none-eabi/9.3.1/thumb/v7e-m+fp/hard/crtn.o
                0x0000000008005568                . = ALIGN (0x4)
                0x0000000008005568                _etext = .

.vfp11_veneer   0x0000000008005568        0x0
 .vfp11_veneer  0x0000000008005568        0x0 linker stubs

.v4_bx          0x0000000008005568        0x0
 .v4_bx         0x0000000008005568        0x0 linker stubs

.iplt           0x0000000008005568        0x0
 .iplt          0x0000000008005568        0x0 d:/installation_directory/stm32cubeide_1.7.0/stm32cubeide/plugins/com.st.stm32cube.ide.mcu.externaltools.gnu-tools-for-stm32.9-2020-q2-update.win32_2.0.0.202105311346/tools/bin/../lib/gcc/arm-none-eabi/9.3.1/thumb/v7e-m+fp/hard/crtbegin.o

.rodata         0x0000000008005568     0x4350
                0x0000000008005568                . = ALIGN (0x4)
 *(.rodata)
 .rodata        0x0000000008005568       0x1f ./Core/Src/fsm.o
 *fill*         0x0000000008005587        0x1 
 .rodata        0x0000000008005588        0x6 ./Core/Src/led.o
 *fill*         0x000000000800558e        0x2 
 .rodata        0x0000000008005590        0xd ./Core/Src/main.o
 *(.rodata*)
 *fill*         0x000000000800559d        0x3 
 .rodata.ascii_1608
                0x00000000080055a0      0x5f0 ./Core/Src/lcd.o
                0x00000000080055a0                ascii_1608
 .rodata.ascii_2412
                0x0000000008005b90     0x11d0 ./Core/Src/lcd.o
                0x0000000008005b90                ascii_2412
 .rodata.ascii_3216
                0x0000000008006d60     0x17c0 ./Core/Src/lcd.o
                0x0000000008006d60                ascii_3216
 .rodata.gImage_logo_hcmut
                0x0000000008008520     0x1388 ./Core/Src/picture.o
                0x0000000008008520                gImage_logo_hcmut
 .rodata.AHBPrescTable
                0x00000000080098a8       0x10 ./Core/Src/system_stm32f4xx.o
                0x00000000080098a8                AHBPrescTable
                0x00000000080098b8                . = ALIGN (0x4)

.ARM.extab      0x00000000080098b8        0x0
                0x00000000080098b8                . = ALIGN (0x4)
 *(.ARM.extab* .gnu.linkonce.armextab.*)
                0x00000000080098b8                . = ALIGN (0x4)

.ARM            0x00000000080098b8        0x8
                0x00000000080098b8                . = ALIGN (0x4)
                0x00000000080098b8                __exidx_start = .
 *(.ARM.exidx*)
 .ARM.exidx     0x00000000080098b8        0x8 d:/installation_directory/stm32cubeide_1.7.0/stm32cubeide/plugins/com.st.stm32cube.ide.mcu.externaltools.gnu-tools-for-stm32.9-2020-q2-update.win32_2.0.0.202105311346/tools/bin/../lib/gcc/arm-none-eabi/9.3.1/thumb/v7e-m+fp/hard\libgcc.a(_udivmoddi4.o)
                0x00000000080098c0                __exidx_end = .
                0x00000000080098c0                . = ALIGN (0x4)

.rel.dyn        0x00000000080098c0        0x0
 .rel.iplt      0x00000000080098c0        0x0 d:/installation_directory/stm32cubeide_1.7.0/stm32cubeide/plugins/com.st.stm32cube.ide.mcu.externaltools.gnu-tools-for-stm32.9-2020-q2-update.win32_2.0.0.202105311346/tools/bin/../lib/gcc/arm-none-eabi/9.3.1/thumb/v7e-m+fp/hard/crtbegin.o

.preinit_array  0x00000000080098c0        0x0
                0x00000000080098c0                . = ALIGN (0x4)
                0x00000000080098c0                PROVIDE (__preinit_array_start = .)
 *(.preinit_array*)
                0x00000000080098c0                PROVIDE (__preinit_array_end = .)
                0x00000000080098c0                . = ALIGN (0x4)

.init_array     0x00000000080098c0        0x4
                0x00000000080098c0                . = ALIGN (0x4)
                0x00000000080098c0                PROVIDE (__init_array_start = .)
 *(SORT_BY_NAME(.init_array.*))
 *(.init_array*)
 .init_array    0x00000000080098c0        0x4 d:/installation_directory/stm32cubeide_1.7.0/stm32cubeide/plugins/com.st.stm32cube.ide.mcu.externaltools.gnu-tools-for-stm32.9-2020-q2-update.win32_2.0.0.202105311346/tools/bin/../lib/gcc/arm-none-eabi/9.3.1/thumb/v7e-m+fp/hard/crtbegin.o
                0x00000000080098c4                PROVIDE (__init_array_end = .)
                0x00000000080098c4                . = ALIGN (0x4)

.fini_array     0x00000000080098c4        0x4
                0x00000000080098c4                . = ALIGN (0x4)
                [!provide]                        PROVIDE (__fini_array_start = .)
 *(SORT_BY_NAME(.fini_array.*))
 *(.fini_array*)
 .fini_array    0x00000000080098c4        0x4 d:/installation_directory/stm32cubeide_1.7.0/stm32cubeide/plugins/com.st.stm32cube.ide.mcu.externaltools.gnu-tools-for-stm32.9-2020-q2-update.win32_2.0.0.202105311346/tools/bin/../lib/gcc/arm-none-eabi/9.3.1/thumb/v7e-m+fp/hard/crtbegin.o
                [!provide]                        PROVIDE (__fini_array_end = .)
                0x00000000080098c8                . = ALIGN (0x4)
                0x00000000080098c8                _sidata = LOADADDR (.data)

.data           0x0000000020000000       0x30 load address 0x00000000080098c8
                0x0000000020000000                . = ALIGN (0x4)
                0x0000000020000000                _sdata = .
 *(.data)
 *(.data*)
 .data.time_value
                0x0000000020000000        0x2 ./Core/Src/button.o
                0x0000000020000000                time_value
 *fill*         0x0000000020000002        0x2 
 .data.red_time
                0x0000000020000004        0x4 ./Core/Src/fsm.o
 .data.green_time
                0x0000000020000008        0x4 ./Core/Src/fsm.o
 .data.yellow_time
                0x000000002000000c        0x4 ./Core/Src/fsm.o
 .data.red_buffer
                0x0000000020000010        0x4 ./Core/Src/fsm.o
 .data.green_buffer
                0x0000000020000014        0x4 ./Core/Src/fsm.o
 .data.yellow_buffer
                0x0000000020000018        0x4 ./Core/Src/fsm.o
 .data.timer1   0x000000002000001c        0x4 ./Core/Src/fsm.o
 .data.timer2   0x0000000020000020        0x4 ./Core/Src/fsm.o
 .data.SystemCoreClock
                0x0000000020000024        0x4 ./Core/Src/system_stm32f4xx.o
                0x0000000020000024                SystemCoreClock
 .data.uwTickPrio
                0x0000000020000028        0x4 ./Drivers/STM32F4xx_HAL_Driver/Src/stm32f4xx_hal.o
                0x0000000020000028                uwTickPrio
 .data.uwTickFreq
                0x000000002000002c        0x1 ./Drivers/STM32F4xx_HAL_Driver/Src/stm32f4xx_hal.o
                0x000000002000002c                uwTickFreq
 *(.RamFunc)
 *(.RamFunc*)
                0x0000000020000030                . = ALIGN (0x4)
 *fill*         0x000000002000002d        0x3 
                0x0000000020000030                _edata = .
                0x00000000080098f8                _siccmram = LOADADDR (.ccmram)

.igot.plt       0x0000000020000030        0x0 load address 0x00000000080098f8
 .igot.plt      0x0000000020000030        0x0 d:/installation_directory/stm32cubeide_1.7.0/stm32cubeide/plugins/com.st.stm32cube.ide.mcu.externaltools.gnu-tools-for-stm32.9-2020-q2-update.win32_2.0.0.202105311346/tools/bin/../lib/gcc/arm-none-eabi/9.3.1/thumb/v7e-m+fp/hard/crtbegin.o

.ccmram         0x0000000010000000        0x0 load address 0x00000000080098f8
                0x0000000010000000                . = ALIGN (0x4)
                0x0000000010000000                _sccmram = .
 *(.ccmram)
 *(.ccmram*)
                0x0000000010000000                . = ALIGN (0x4)
                0x0000000010000000                _eccmram = .
                0x0000000010000000                . = ALIGN (0x4)

.bss            0x0000000020000030      0x25c
                0x0000000020000030                _sbss = .
                0x0000000020000030                __bss_start__ = _sbss
 *(.bss)
 .bss           0x0000000020000030       0x1c d:/installation_directory/stm32cubeide_1.7.0/stm32cubeide/plugins/com.st.stm32cube.ide.mcu.externaltools.gnu-tools-for-stm32.9-2020-q2-update.win32_2.0.0.202105311346/tools/bin/../lib/gcc/arm-none-eabi/9.3.1/thumb/v7e-m+fp/hard/crtbegin.o
 *(.bss*)
 .bss.spi_button
                0x000000002000004c        0x2 ./Core/Src/button.o
                0x000000002000004c                spi_button
 .bss.current_state
                0x000000002000004e        0x1 ./Core/Src/fsm.o
 .bss.previous_state
                0x000000002000004f        0x1 ./Core/Src/fsm.o
 .bss.tl_state  0x0000000020000050        0x1 ./Core/Src/fsm.o
 *fill*         0x0000000020000051        0x3 
 .bss.button_states
                0x0000000020000054        0x3 ./Core/Src/fsm.o
 *fill*         0x0000000020000057        0x1 
 .bss.FSMC_Initialized
                0x0000000020000058        0x4 ./Core/Src/fsmc.o
 *(COMMON)
 COMMON         0x000000002000005c       0x20 ./Core/Src/button.o
                0x000000002000005c                button_count
 COMMON         0x000000002000007c       0x50 ./Core/Src/fsmc.o
                0x000000002000007c                hsram1
 COMMON         0x00000000200000cc       0x3a ./Core/Src/lcd.o
                0x00000000200000cc                lcddev
                0x00000000200000d4                s
 *fill*         0x0000000020000106        0x2 
 COMMON         0x0000000020000108       0xb6 ./Core/Src/led.o
                0x0000000020000108                traffic_NS
                0x0000000020000140                BOX
                0x0000000020000188                traffic_WE
 *fill*         0x00000000200001be        0x2 
 COMMON         0x00000000200001c0       0x28 ./Core/Src/software_timer.o
                0x00000000200001c0                timer
 COMMON         0x00000000200001e8       0x58 ./Core/Src/spi.o
                0x00000000200001e8                hspi1
 COMMON         0x0000000020000240       0x48 ./Core/Src/tim.o
                0x0000000020000240                htim2
 COMMON         0x0000000020000288        0x4 ./Drivers/STM32F4xx_HAL_Driver/Src/stm32f4xx_hal.o
                0x0000000020000288                uwTick
                0x000000002000028c                . = ALIGN (0x4)
                0x000000002000028c                _ebss = .
                0x000000002000028c                __bss_end__ = _ebss

._user_heap_stack
                0x000000002000028c      0x604
                0x0000000020000290                . = ALIGN (0x8)
 *fill*         0x000000002000028c        0x4 
                [!provide]                        PROVIDE (end = .)
                0x0000000020000290                PROVIDE (_end = .)
                0x0000000020000490                . = (. + _Min_Heap_Size)
 *fill*         0x0000000020000290      0x200 
                0x0000000020000890                . = (. + _Min_Stack_Size)
 *fill*         0x0000000020000490      0x400 
                0x0000000020000890                . = ALIGN (0x8)

/DISCARD/
 libc.a(*)
 libm.a(*)
 libgcc.a(*)

.ARM.attributes
                0x0000000000000000       0x30
 *(.ARM.attributes)
 .ARM.attributes
                0x0000000000000000       0x1e d:/installation_directory/stm32cubeide_1.7.0/stm32cubeide/plugins/com.st.stm32cube.ide.mcu.externaltools.gnu-tools-for-stm32.9-2020-q2-update.win32_2.0.0.202105311346/tools/bin/../lib/gcc/arm-none-eabi/9.3.1/thumb/v7e-m+fp/hard/crti.o
 .ARM.attributes
                0x000000000000001e       0x34 d:/installation_directory/stm32cubeide_1.7.0/stm32cubeide/plugins/com.st.stm32cube.ide.mcu.externaltools.gnu-tools-for-stm32.9-2020-q2-update.win32_2.0.0.202105311346/tools/bin/../lib/gcc/arm-none-eabi/9.3.1/thumb/v7e-m+fp/hard/crtbegin.o
 .ARM.attributes
                0x0000000000000052       0x34 ./Core/Src/button.o
 .ARM.attributes
                0x0000000000000086       0x34 ./Core/Src/fsm.o
 .ARM.attributes
                0x00000000000000ba       0x34 ./Core/Src/fsmc.o
 .ARM.attributes
                0x00000000000000ee       0x34 ./Core/Src/gpio.o
 .ARM.attributes
                0x0000000000000122       0x34 ./Core/Src/lcd.o
 .ARM.attributes
                0x0000000000000156       0x34 ./Core/Src/led.o
 .ARM.attributes
                0x000000000000018a       0x34 ./Core/Src/main.o
 .ARM.attributes
                0x00000000000001be       0x39 ./Core/Src/picture.o
 .ARM.attributes
                0x00000000000001f7       0x34 ./Core/Src/software_timer.o
 .ARM.attributes
                0x000000000000022b       0x34 ./Core/Src/spi.o
 .ARM.attributes
                0x000000000000025f       0x34 ./Core/Src/stm32f4xx_hal_msp.o
 .ARM.attributes
                0x0000000000000293       0x34 ./Core/Src/stm32f4xx_it.o
 .ARM.attributes
                0x00000000000002c7       0x34 ./Core/Src/system_stm32f4xx.o
 .ARM.attributes
                0x00000000000002fb       0x34 ./Core/Src/tim.o
 .ARM.attributes
                0x000000000000032f       0x21 ./Core/Startup/startup_stm32f407zetx.o
 .ARM.attributes
                0x0000000000000350       0x34 ./Drivers/STM32F4xx_HAL_Driver/Src/stm32f4xx_hal.o
 .ARM.attributes
                0x0000000000000384       0x34 ./Drivers/STM32F4xx_HAL_Driver/Src/stm32f4xx_hal_cortex.o
 .ARM.attributes
                0x00000000000003b8       0x34 ./Drivers/STM32F4xx_HAL_Driver/Src/stm32f4xx_hal_gpio.o
 .ARM.attributes
                0x00000000000003ec       0x34 ./Drivers/STM32F4xx_HAL_Driver/Src/stm32f4xx_hal_rcc.o
 .ARM.attributes
                0x0000000000000420       0x34 ./Drivers/STM32F4xx_HAL_Driver/Src/stm32f4xx_hal_spi.o
 .ARM.attributes
                0x0000000000000454       0x34 ./Drivers/STM32F4xx_HAL_Driver/Src/stm32f4xx_hal_sram.o
 .ARM.attributes
                0x0000000000000488       0x34 ./Drivers/STM32F4xx_HAL_Driver/Src/stm32f4xx_hal_tim.o
 .ARM.attributes
                0x00000000000004bc       0x34 ./Drivers/STM32F4xx_HAL_Driver/Src/stm32f4xx_hal_tim_ex.o
 .ARM.attributes
                0x00000000000004f0       0x34 ./Drivers/STM32F4xx_HAL_Driver/Src/stm32f4xx_ll_fsmc.o
 .ARM.attributes
                0x0000000000000524       0x34 d:/installation_directory/stm32cubeide_1.7.0/stm32cubeide/plugins/com.st.stm32cube.ide.mcu.externaltools.gnu-tools-for-stm32.9-2020-q2-update.win32_2.0.0.202105311346/tools/bin/../lib/gcc/arm-none-eabi/9.3.1/../../../../arm-none-eabi/lib/thumb/v7e-m+fp/hard\libc_nano.a(lib_a-init.o)
 .ARM.attributes
                0x0000000000000558       0x34 d:/installation_directory/stm32cubeide_1.7.0/stm32cubeide/plugins/com.st.stm32cube.ide.mcu.externaltools.gnu-tools-for-stm32.9-2020-q2-update.win32_2.0.0.202105311346/tools/bin/../lib/gcc/arm-none-eabi/9.3.1/../../../../arm-none-eabi/lib/thumb/v7e-m+fp/hard\libc_nano.a(lib_a-memset.o)
 .ARM.attributes
                0x000000000000058c       0x1e d:/installation_directory/stm32cubeide_1.7.0/stm32cubeide/plugins/com.st.stm32cube.ide.mcu.externaltools.gnu-tools-for-stm32.9-2020-q2-update.win32_2.0.0.202105311346/tools/bin/../lib/gcc/arm-none-eabi/9.3.1/thumb/v7e-m+fp/hard\libgcc.a(_arm_addsubdf3.o)
 .ARM.attributes
                0x00000000000005aa       0x1e d:/installation_directory/stm32cubeide_1.7.0/stm32cubeide/plugins/com.st.stm32cube.ide.mcu.externaltools.gnu-tools-for-stm32.9-2020-q2-update.win32_2.0.0.202105311346/tools/bin/../lib/gcc/arm-none-eabi/9.3.1/thumb/v7e-m+fp/hard\libgcc.a(_arm_muldivdf3.o)
 .ARM.attributes
                0x00000000000005c8       0x1e d:/installation_directory/stm32cubeide_1.7.0/stm32cubeide/plugins/com.st.stm32cube.ide.mcu.externaltools.gnu-tools-for-stm32.9-2020-q2-update.win32_2.0.0.202105311346/tools/bin/../lib/gcc/arm-none-eabi/9.3.1/thumb/v7e-m+fp/hard\libgcc.a(_arm_fixunsdfsi.o)
 .ARM.attributes
                0x00000000000005e6       0x1e d:/installation_directory/stm32cubeide_1.7.0/stm32cubeide/plugins/com.st.stm32cube.ide.mcu.externaltools.gnu-tools-for-stm32.9-2020-q2-update.win32_2.0.0.202105311346/tools/bin/../lib/gcc/arm-none-eabi/9.3.1/thumb/v7e-m+fp/hard\libgcc.a(_aeabi_uldivmod.o)
 .ARM.attributes
                0x0000000000000604       0x34 d:/installation_directory/stm32cubeide_1.7.0/stm32cubeide/plugins/com.st.stm32cube.ide.mcu.externaltools.gnu-tools-for-stm32.9-2020-q2-update.win32_2.0.0.202105311346/tools/bin/../lib/gcc/arm-none-eabi/9.3.1/thumb/v7e-m+fp/hard\libgcc.a(_udivmoddi4.o)
 .ARM.attributes
                0x0000000000000638       0x1e d:/installation_directory/stm32cubeide_1.7.0/stm32cubeide/plugins/com.st.stm32cube.ide.mcu.externaltools.gnu-tools-for-stm32.9-2020-q2-update.win32_2.0.0.202105311346/tools/bin/../lib/gcc/arm-none-eabi/9.3.1/thumb/v7e-m+fp/hard\libgcc.a(_dvmd_tls.o)
 .ARM.attributes
                0x0000000000000656       0x1e d:/installation_directory/stm32cubeide_1.7.0/stm32cubeide/plugins/com.st.stm32cube.ide.mcu.externaltools.gnu-tools-for-stm32.9-2020-q2-update.win32_2.0.0.202105311346/tools/bin/../lib/gcc/arm-none-eabi/9.3.1/thumb/v7e-m+fp/hard/crtn.o
OUTPUT(Bai3_Lcd_button.elf elf32-littlearm)
LOAD linker stubs
LOAD d:/installation_directory/stm32cubeide_1.7.0/stm32cubeide/plugins/com.st.stm32cube.ide.mcu.externaltools.gnu-tools-for-stm32.9-2020-q2-update.win32_2.0.0.202105311346/tools/bin/../lib/gcc/arm-none-eabi/9.3.1/../../../../arm-none-eabi/lib/thumb/v7e-m+fp/hard\libc.a
LOAD d:/installation_directory/stm32cubeide_1.7.0/stm32cubeide/plugins/com.st.stm32cube.ide.mcu.externaltools.gnu-tools-for-stm32.9-2020-q2-update.win32_2.0.0.202105311346/tools/bin/../lib/gcc/arm-none-eabi/9.3.1/../../../../arm-none-eabi/lib/thumb/v7e-m+fp/hard\libm.a
LOAD d:/installation_directory/stm32cubeide_1.7.0/stm32cubeide/plugins/com.st.stm32cube.ide.mcu.externaltools.gnu-tools-for-stm32.9-2020-q2-update.win32_2.0.0.202105311346/tools/bin/../lib/gcc/arm-none-eabi/9.3.1/thumb/v7e-m+fp/hard\libgcc.a

.debug_info     0x0000000000000000    0x13eb0
 .debug_info    0x0000000000000000      0xbb5 ./Core/Src/button.o
 .debug_info    0x0000000000000bb5     0x15e6 ./Core/Src/fsm.o
 .debug_info    0x000000000000219b      0xa9a ./Core/Src/fsmc.o
 .debug_info    0x0000000000002c35      0x569 ./Core/Src/gpio.o
 .debug_info    0x000000000000319e     0x1759 ./Core/Src/lcd.o
 .debug_info    0x00000000000048f7      0xe36 ./Core/Src/led.o
 .debug_info    0x000000000000572d     0x19b0 ./Core/Src/main.o
 .debug_info    0x00000000000070dd       0xcd ./Core/Src/picture.o
 .debug_info    0x00000000000071aa      0x84f ./Core/Src/software_timer.o
 .debug_info    0x00000000000079f9      0xa60 ./Core/Src/spi.o
 .debug_info    0x0000000000008459      0x394 ./Core/Src/stm32f4xx_hal_msp.o
 .debug_info    0x00000000000087ed      0x801 ./Core/Src/stm32f4xx_it.o
 .debug_info    0x0000000000008fee      0x5a4 ./Core/Src/system_stm32f4xx.o
 .debug_info    0x0000000000009592      0xc88 ./Core/Src/tim.o
 .debug_info    0x000000000000a21a       0x22 ./Core/Startup/startup_stm32f407zetx.o
 .debug_info    0x000000000000a23c      0x9b2 ./Drivers/STM32F4xx_HAL_Driver/Src/stm32f4xx_hal.o
 .debug_info    0x000000000000abee      0xf1f ./Drivers/STM32F4xx_HAL_Driver/Src/stm32f4xx_hal_cortex.o
 .debug_info    0x000000000000bb0d      0x83e ./Drivers/STM32F4xx_HAL_Driver/Src/stm32f4xx_hal_gpio.o
 .debug_info    0x000000000000c34b      0x996 ./Drivers/STM32F4xx_HAL_Driver/Src/stm32f4xx_hal_rcc.o
 .debug_info    0x000000000000cce1     0x16cc ./Drivers/STM32F4xx_HAL_Driver/Src/stm32f4xx_hal_spi.o
 .debug_info    0x000000000000e3ad      0xdbf ./Drivers/STM32F4xx_HAL_Driver/Src/stm32f4xx_hal_sram.o
 .debug_info    0x000000000000f16c     0x2c7a ./Drivers/STM32F4xx_HAL_Driver/Src/stm32f4xx_hal_tim.o
 .debug_info    0x0000000000011de6     0x15c7 ./Drivers/STM32F4xx_HAL_Driver/Src/stm32f4xx_hal_tim_ex.o
 .debug_info    0x00000000000133ad      0xb03 ./Drivers/STM32F4xx_HAL_Driver/Src/stm32f4xx_ll_fsmc.o

.debug_abbrev   0x0000000000000000     0x2e1e
 .debug_abbrev  0x0000000000000000      0x201 ./Core/Src/button.o
 .debug_abbrev  0x0000000000000201      0x242 ./Core/Src/fsm.o
 .debug_abbrev  0x0000000000000443      0x1e2 ./Core/Src/fsmc.o
 .debug_abbrev  0x0000000000000625      0x14e ./Core/Src/gpio.o
 .debug_abbrev  0x0000000000000773      0x3aa ./Core/Src/lcd.o
 .debug_abbrev  0x0000000000000b1d      0x27a ./Core/Src/led.o
 .debug_abbrev  0x0000000000000d97      0x286 ./Core/Src/main.o
 .debug_abbrev  0x000000000000101d       0x71 ./Core/Src/picture.o
 .debug_abbrev  0x000000000000108e      0x1e7 ./Core/Src/software_timer.o
 .debug_abbrev  0x0000000000001275      0x1bb ./Core/Src/spi.o
 .debug_abbrev  0x0000000000001430      0x11d ./Core/Src/stm32f4xx_hal_msp.o
 .debug_abbrev  0x000000000000154d      0x176 ./Core/Src/stm32f4xx_it.o
 .debug_abbrev  0x00000000000016c3      0x145 ./Core/Src/system_stm32f4xx.o
 .debug_abbrev  0x0000000000001808      0x1bb ./Core/Src/tim.o
 .debug_abbrev  0x00000000000019c3       0x12 ./Core/Startup/startup_stm32f407zetx.o
 .debug_abbrev  0x00000000000019d5      0x1ed ./Drivers/STM32F4xx_HAL_Driver/Src/stm32f4xx_hal.o
 .debug_abbrev  0x0000000000001bc2      0x333 ./Drivers/STM32F4xx_HAL_Driver/Src/stm32f4xx_hal_cortex.o
 .debug_abbrev  0x0000000000001ef5      0x1f1 ./Drivers/STM32F4xx_HAL_Driver/Src/stm32f4xx_hal_gpio.o
 .debug_abbrev  0x00000000000020e6      0x275 ./Drivers/STM32F4xx_HAL_Driver/Src/stm32f4xx_hal_rcc.o
 .debug_abbrev  0x000000000000235b      0x25f ./Drivers/STM32F4xx_HAL_Driver/Src/stm32f4xx_hal_spi.o
 .debug_abbrev  0x00000000000025ba      0x1f2 ./Drivers/STM32F4xx_HAL_Driver/Src/stm32f4xx_hal_sram.o
 .debug_abbrev  0x00000000000027ac      0x25e ./Drivers/STM32F4xx_HAL_Driver/Src/stm32f4xx_hal_tim.o
 .debug_abbrev  0x0000000000002a0a      0x266 ./Drivers/STM32F4xx_HAL_Driver/Src/stm32f4xx_hal_tim_ex.o
 .debug_abbrev  0x0000000000002c70      0x1ae ./Drivers/STM32F4xx_HAL_Driver/Src/stm32f4xx_ll_fsmc.o

.debug_aranges  0x0000000000000000      0xf10
 .debug_aranges
                0x0000000000000000       0x38 ./Core/Src/button.o
 .debug_aranges
                0x0000000000000038       0x38 ./Core/Src/fsm.o
 .debug_aranges
                0x0000000000000070       0x40 ./Core/Src/fsmc.o
 .debug_aranges
                0x00000000000000b0       0x20 ./Core/Src/gpio.o
 .debug_aranges
                0x00000000000000d0       0xd8 ./Core/Src/lcd.o
 .debug_aranges
                0x00000000000001a8       0x40 ./Core/Src/led.o
 .debug_aranges
                0x00000000000001e8       0x38 ./Core/Src/main.o
 .debug_aranges
                0x0000000000000220       0x18 ./Core/Src/picture.o
 .debug_aranges
                0x0000000000000238       0x38 ./Core/Src/software_timer.o
 .debug_aranges
                0x0000000000000270       0x30 ./Core/Src/spi.o
 .debug_aranges
                0x00000000000002a0       0x20 ./Core/Src/stm32f4xx_hal_msp.o
 .debug_aranges
                0x00000000000002c0       0x68 ./Core/Src/stm32f4xx_it.o
 .debug_aranges
                0x0000000000000328       0x28 ./Core/Src/system_stm32f4xx.o
 .debug_aranges
                0x0000000000000350       0x30 ./Core/Src/tim.o
 .debug_aranges
                0x0000000000000380       0x28 ./Core/Startup/startup_stm32f407zetx.o
 .debug_aranges
                0x00000000000003a8       0xf0 ./Drivers/STM32F4xx_HAL_Driver/Src/stm32f4xx_hal.o
 .debug_aranges
                0x0000000000000498      0x130 ./Drivers/STM32F4xx_HAL_Driver/Src/stm32f4xx_hal_cortex.o
 .debug_aranges
                0x00000000000005c8       0x58 ./Drivers/STM32F4xx_HAL_Driver/Src/stm32f4xx_hal_gpio.o
 .debug_aranges
                0x0000000000000620       0x88 ./Drivers/STM32F4xx_HAL_Driver/Src/stm32f4xx_hal_rcc.o
 .debug_aranges
                0x00000000000006a8      0x1d0 ./Drivers/STM32F4xx_HAL_Driver/Src/stm32f4xx_hal_spi.o
 .debug_aranges
                0x0000000000000878       0xb8 ./Drivers/STM32F4xx_HAL_Driver/Src/stm32f4xx_hal_sram.o
 .debug_aranges
                0x0000000000000930      0x3d0 ./Drivers/STM32F4xx_HAL_Driver/Src/stm32f4xx_hal_tim.o
 .debug_aranges
                0x0000000000000d00      0x168 ./Drivers/STM32F4xx_HAL_Driver/Src/stm32f4xx_hal_tim_ex.o
 .debug_aranges
                0x0000000000000e68       0xa8 ./Drivers/STM32F4xx_HAL_Driver/Src/stm32f4xx_ll_fsmc.o

.debug_ranges   0x0000000000000000      0xd90
 .debug_ranges  0x0000000000000000       0x28 ./Core/Src/button.o
 .debug_ranges  0x0000000000000028       0x28 ./Core/Src/fsm.o
 .debug_ranges  0x0000000000000050       0x30 ./Core/Src/fsmc.o
 .debug_ranges  0x0000000000000080       0x10 ./Core/Src/gpio.o
 .debug_ranges  0x0000000000000090       0xc8 ./Core/Src/lcd.o
 .debug_ranges  0x0000000000000158       0x30 ./Core/Src/led.o
 .debug_ranges  0x0000000000000188       0x28 ./Core/Src/main.o
 .debug_ranges  0x00000000000001b0       0x28 ./Core/Src/software_timer.o
 .debug_ranges  0x00000000000001d8       0x20 ./Core/Src/spi.o
 .debug_ranges  0x00000000000001f8       0x10 ./Core/Src/stm32f4xx_hal_msp.o
 .debug_ranges  0x0000000000000208       0x58 ./Core/Src/stm32f4xx_it.o
 .debug_ranges  0x0000000000000260       0x18 ./Core/Src/system_stm32f4xx.o
 .debug_ranges  0x0000000000000278       0x20 ./Core/Src/tim.o
 .debug_ranges  0x0000000000000298       0x20 ./Core/Startup/startup_stm32f407zetx.o
 .debug_ranges  0x00000000000002b8       0xe0 ./Drivers/STM32F4xx_HAL_Driver/Src/stm32f4xx_hal.o
 .debug_ranges  0x0000000000000398      0x120 ./Drivers/STM32F4xx_HAL_Driver/Src/stm32f4xx_hal_cortex.o
 .debug_ranges  0x00000000000004b8       0x48 ./Drivers/STM32F4xx_HAL_Driver/Src/stm32f4xx_hal_gpio.o
 .debug_ranges  0x0000000000000500       0x78 ./Drivers/STM32F4xx_HAL_Driver/Src/stm32f4xx_hal_rcc.o
 .debug_ranges  0x0000000000000578      0x1c0 ./Drivers/STM32F4xx_HAL_Driver/Src/stm32f4xx_hal_spi.o
 .debug_ranges  0x0000000000000738       0xa8 ./Drivers/STM32F4xx_HAL_Driver/Src/stm32f4xx_hal_sram.o
 .debug_ranges  0x00000000000007e0      0x3c0 ./Drivers/STM32F4xx_HAL_Driver/Src/stm32f4xx_hal_tim.o
 .debug_ranges  0x0000000000000ba0      0x158 ./Drivers/STM32F4xx_HAL_Driver/Src/stm32f4xx_hal_tim_ex.o
 .debug_ranges  0x0000000000000cf8       0x98 ./Drivers/STM32F4xx_HAL_Driver/Src/stm32f4xx_ll_fsmc.o

.debug_macro    0x0000000000000000    0x22ac2
 .debug_macro   0x0000000000000000      0x23e ./Core/Src/button.o
 .debug_macro   0x000000000000023e      0xaa8 ./Core/Src/button.o
 .debug_macro   0x0000000000000ce6      0x2a1 ./Core/Src/button.o
 .debug_macro   0x0000000000000f87       0x2e ./Core/Src/button.o
 .debug_macro   0x0000000000000fb5       0x2f ./Core/Src/button.o
 .debug_macro   0x0000000000000fe4       0x22 ./Core/Src/button.o
 .debug_macro   0x0000000000001006       0x8e ./Core/Src/button.o
 .debug_macro   0x0000000000001094       0x51 ./Core/Src/button.o
 .debug_macro   0x00000000000010e5      0x103 ./Core/Src/button.o
 .debug_macro   0x00000000000011e8       0x6a ./Core/Src/button.o
 .debug_macro   0x0000000000001252      0x1df ./Core/Src/button.o
 .debug_macro   0x0000000000001431       0x1c ./Core/Src/button.o
 .debug_macro   0x000000000000144d       0x22 ./Core/Src/button.o
 .debug_macro   0x000000000000146f      0x101 ./Core/Src/button.o
 .debug_macro   0x0000000000001570     0x1011 ./Core/Src/button.o
 .debug_macro   0x0000000000002581      0x11f ./Core/Src/button.o
 .debug_macro   0x00000000000026a0    0x15e97 ./Core/Src/button.o
 .debug_macro   0x0000000000018537       0x6d ./Core/Src/button.o
 .debug_macro   0x00000000000185a4     0x369a ./Core/Src/button.o
 .debug_macro   0x000000000001bc3e      0x174 ./Core/Src/button.o
 .debug_macro   0x000000000001bdb2       0x5c ./Core/Src/button.o
 .debug_macro   0x000000000001be0e      0x980 ./Core/Src/button.o
 .debug_macro   0x000000000001c78e      0x9e9 ./Core/Src/button.o
 .debug_macro   0x000000000001d177      0x115 ./Core/Src/button.o
 .debug_macro   0x000000000001d28c      0x13e ./Core/Src/button.o
 .debug_macro   0x000000000001d3ca       0xa5 ./Core/Src/button.o
 .debug_macro   0x000000000001d46f      0x174 ./Core/Src/button.o
 .debug_macro   0x000000000001d5e3      0x287 ./Core/Src/button.o
 .debug_macro   0x000000000001d86a       0x5f ./Core/Src/button.o
 .debug_macro   0x000000000001d8c9      0x236 ./Core/Src/button.o
 .debug_macro   0x000000000001daff      0x12c ./Core/Src/button.o
 .debug_macro   0x000000000001dc2b      0x21e ./Core/Src/button.o
 .debug_macro   0x000000000001de49       0x2e ./Core/Src/button.o
 .debug_macro   0x000000000001de77      0x516 ./Core/Src/button.o
 .debug_macro   0x000000000001e38d      0x127 ./Core/Src/button.o
 .debug_macro   0x000000000001e4b4       0x7e ./Core/Src/button.o
 .debug_macro   0x000000000001e532       0x89 ./Core/Src/button.o
 .debug_macro   0x000000000001e5bb      0x225 ./Core/Src/button.o
 .debug_macro   0x000000000001e7e0      0x8ed ./Core/Src/button.o
 .debug_macro   0x000000000001f0cd       0x4d ./Core/Src/button.o
 .debug_macro   0x000000000001f11a      0x12d ./Core/Src/button.o
 .debug_macro   0x000000000001f247       0x88 ./Core/Src/button.o
 .debug_macro   0x000000000001f2cf       0x22 ./Core/Src/button.o
 .debug_macro   0x000000000001f2f1       0x28 ./Core/Src/button.o
 .debug_macro   0x000000000001f319      0x37b ./Core/Src/fsm.o
 .debug_macro   0x000000000001f694       0x18 ./Core/Src/fsm.o
 .debug_macro   0x000000000001f6ac       0x52 ./Core/Src/fsm.o
 .debug_macro   0x000000000001f6fe       0x3c ./Core/Src/fsm.o
 .debug_macro   0x000000000001f73a       0x34 ./Core/Src/fsm.o
 .debug_macro   0x000000000001f76e       0x16 ./Core/Src/fsm.o
 .debug_macro   0x000000000001f784       0x35 ./Core/Src/fsm.o
 .debug_macro   0x000000000001f7b9       0x16 ./Core/Src/fsm.o
 .debug_macro   0x000000000001f7cf       0x43 ./Core/Src/fsm.o
 .debug_macro   0x000000000001f812       0x34 ./Core/Src/fsm.o
 .debug_macro   0x000000000001f846       0x10 ./Core/Src/fsm.o
 .debug_macro   0x000000000001f856       0x58 ./Core/Src/fsm.o
 .debug_macro   0x000000000001f8ae       0x71 ./Core/Src/fsm.o
 .debug_macro   0x000000000001f91f       0x1c ./Core/Src/fsm.o
 .debug_macro   0x000000000001f93b      0x12a ./Core/Src/fsm.o
 .debug_macro   0x000000000001fa65      0x333 ./Core/Src/fsm.o
 .debug_macro   0x000000000001fd98       0x16 ./Core/Src/fsm.o
 .debug_macro   0x000000000001fdae       0x29 ./Core/Src/fsm.o
 .debug_macro   0x000000000001fdd7       0x16 ./Core/Src/fsm.o
 .debug_macro   0x000000000001fded       0x20 ./Core/Src/fsm.o
 .debug_macro   0x000000000001fe0d       0xca ./Core/Src/fsm.o
 .debug_macro   0x000000000001fed7      0x202 ./Core/Src/fsmc.o
 .debug_macro   0x00000000000200d9      0x202 ./Core/Src/gpio.o
 .debug_macro   0x00000000000202db      0x317 ./Core/Src/lcd.o
 .debug_macro   0x00000000000205f2      0x31d ./Core/Src/led.o
 .debug_macro   0x000000000002090f      0x38b ./Core/Src/main.o
 .debug_macro   0x0000000000020c9a       0x1b ./Core/Src/picture.o
 .debug_macro   0x0000000000020cb5      0x220 ./Core/Src/software_timer.o
 .debug_macro   0x0000000000020ed5      0x202 ./Core/Src/spi.o
 .debug_macro   0x00000000000210d7      0x1f8 ./Core/Src/stm32f4xx_hal_msp.o
 .debug_macro   0x00000000000212cf      0x202 ./Core/Src/stm32f4xx_it.o
 .debug_macro   0x00000000000214d1      0x1e9 ./Core/Src/system_stm32f4xx.o
 .debug_macro   0x00000000000216ba      0x202 ./Core/Src/tim.o
 .debug_macro   0x00000000000218bc      0x249 ./Drivers/STM32F4xx_HAL_Driver/Src/stm32f4xx_hal.o
 .debug_macro   0x0000000000021b05      0x1e9 ./Drivers/STM32F4xx_HAL_Driver/Src/stm32f4xx_hal_cortex.o
 .debug_macro   0x0000000000021cee      0x1ef ./Drivers/STM32F4xx_HAL_Driver/Src/stm32f4xx_hal_gpio.o
 .debug_macro   0x0000000000021edd      0x20d ./Drivers/STM32F4xx_HAL_Driver/Src/stm32f4xx_hal_rcc.o
 .debug_macro   0x00000000000220ea      0x1f8 ./Drivers/STM32F4xx_HAL_Driver/Src/stm32f4xx_hal_spi.o
 .debug_macro   0x00000000000222e2      0x1e9 ./Drivers/STM32F4xx_HAL_Driver/Src/stm32f4xx_hal_sram.o
 .debug_macro   0x00000000000224cb      0x1ea ./Drivers/STM32F4xx_HAL_Driver/Src/stm32f4xx_hal_tim.o
 .debug_macro   0x00000000000226b5      0x1e9 ./Drivers/STM32F4xx_HAL_Driver/Src/stm32f4xx_hal_tim_ex.o
 .debug_macro   0x000000000002289e      0x224 ./Drivers/STM32F4xx_HAL_Driver/Src/stm32f4xx_ll_fsmc.o

.debug_line     0x0000000000000000    0x13769
 .debug_line    0x0000000000000000      0x86d ./Core/Src/button.o
 .debug_line    0x000000000000086d      0xc46 ./Core/Src/fsm.o
 .debug_line    0x00000000000014b3      0x874 ./Core/Src/fsmc.o
 .debug_line    0x0000000000001d27      0x7d2 ./Core/Src/gpio.o
 .debug_line    0x00000000000024f9     0x10dd ./Core/Src/lcd.o
 .debug_line    0x00000000000035d6      0xdae ./Core/Src/led.o
 .debug_line    0x0000000000004384      0xafb ./Core/Src/main.o
 .debug_line    0x0000000000004e7f       0x4f ./Core/Src/picture.o
 .debug_line    0x0000000000004ece      0x80f ./Core/Src/software_timer.o
 .debug_line    0x00000000000056dd      0x7e5 ./Core/Src/spi.o
 .debug_line    0x0000000000005ec2      0x774 ./Core/Src/stm32f4xx_hal_msp.o
 .debug_line    0x0000000000006636      0x84e ./Core/Src/stm32f4xx_it.o
 .debug_line    0x0000000000006e84      0x7f5 ./Core/Src/system_stm32f4xx.o
 .debug_line    0x0000000000007679      0x7e1 ./Core/Src/tim.o
 .debug_line    0x0000000000007e5a       0x88 ./Core/Startup/startup_stm32f407zetx.o
 .debug_line    0x0000000000007ee2      0xa5b ./Drivers/STM32F4xx_HAL_Driver/Src/stm32f4xx_hal.o
 .debug_line    0x000000000000893d      0xd55 ./Drivers/STM32F4xx_HAL_Driver/Src/stm32f4xx_hal_cortex.o
 .debug_line    0x0000000000009692      0xbcf ./Drivers/STM32F4xx_HAL_Driver/Src/stm32f4xx_hal_gpio.o
 .debug_line    0x000000000000a261      0xdef ./Drivers/STM32F4xx_HAL_Driver/Src/stm32f4xx_hal_rcc.o
 .debug_line    0x000000000000b050     0x1d4e ./Drivers/STM32F4xx_HAL_Driver/Src/stm32f4xx_hal_spi.o
 .debug_line    0x000000000000cd9e      0xd84 ./Drivers/STM32F4xx_HAL_Driver/Src/stm32f4xx_hal_sram.o
 .debug_line    0x000000000000db22     0x377a ./Drivers/STM32F4xx_HAL_Driver/Src/stm32f4xx_hal_tim.o
 .debug_line    0x000000000001129c     0x1a4e ./Drivers/STM32F4xx_HAL_Driver/Src/stm32f4xx_hal_tim_ex.o
 .debug_line    0x0000000000012cea      0xa7f ./Drivers/STM32F4xx_HAL_Driver/Src/stm32f4xx_ll_fsmc.o

.debug_str      0x0000000000000000    0xce0b1
 .debug_str     0x0000000000000000    0xc6b66 ./Core/Src/button.o
                                      0xc6ee3 (size before relaxing)
 .debug_str     0x00000000000c6b66     0x36bb ./Core/Src/fsm.o
                                      0xca58c (size before relaxing)
 .debug_str     0x00000000000ca221      0x3dc ./Core/Src/fsmc.o
                                      0xc6cdb (size before relaxing)
 .debug_str     0x00000000000ca5fd       0x3c ./Core/Src/gpio.o
                                      0xc67b9 (size before relaxing)
 .debug_str     0x00000000000ca639      0x27b ./Core/Src/lcd.o
                                      0xc9e0d (size before relaxing)
 .debug_str     0x00000000000ca8b4       0xfe ./Core/Src/led.o
                                      0xc9c4a (size before relaxing)
 .debug_str     0x00000000000ca9b2      0x195 ./Core/Src/main.o
                                      0xca7de (size before relaxing)
 .debug_str     0x00000000000cab47       0x16 ./Core/Src/picture.o
                                       0x2e19 (size before relaxing)
 .debug_str     0x00000000000cab5d       0x72 ./Core/Src/software_timer.o
                                      0xc6c7c (size before relaxing)
 .debug_str     0x00000000000cabcf       0x4b ./Core/Src/spi.o
                                      0xc6c16 (size before relaxing)
 .debug_str     0x00000000000cac1a       0x2c ./Core/Src/stm32f4xx_hal_msp.o
                                      0xc671c (size before relaxing)
 .debug_str     0x00000000000cac46       0xcd ./Core/Src/stm32f4xx_it.o
                                      0xc6be1 (size before relaxing)
 .debug_str     0x00000000000cad13       0xaf ./Core/Src/system_stm32f4xx.o
                                      0xc656c (size before relaxing)
 .debug_str     0x00000000000cadc2      0x5c8 ./Core/Src/tim.o
                                      0xc7239 (size before relaxing)
 .debug_str     0x00000000000cb38a       0x36 ./Core/Startup/startup_stm32f407zetx.o
                                         0x7f (size before relaxing)
 .debug_str     0x00000000000cb3c0      0x583 ./Drivers/STM32F4xx_HAL_Driver/Src/stm32f4xx_hal.o
                                      0xc704e (size before relaxing)
 .debug_str     0x00000000000cb943      0x3d7 ./Drivers/STM32F4xx_HAL_Driver/Src/stm32f4xx_hal_cortex.o
                                      0xc6e86 (size before relaxing)
 .debug_str     0x00000000000cbd1a      0x15a ./Drivers/STM32F4xx_HAL_Driver/Src/stm32f4xx_hal_gpio.o
                                      0xc6713 (size before relaxing)
 .debug_str     0x00000000000cbe74      0x259 ./Drivers/STM32F4xx_HAL_Driver/Src/stm32f4xx_hal_rcc.o
                                      0xc696e (size before relaxing)
 .debug_str     0x00000000000cc0cd      0x579 ./Drivers/STM32F4xx_HAL_Driver/Src/stm32f4xx_hal_spi.o
                                      0xc6e0a (size before relaxing)
 .debug_str     0x00000000000cc646      0x1f9 ./Drivers/STM32F4xx_HAL_Driver/Src/stm32f4xx_hal_sram.o
                                      0xc6add (size before relaxing)
 .debug_str     0x00000000000cc83f      0xdc8 ./Drivers/STM32F4xx_HAL_Driver/Src/stm32f4xx_hal_tim.o
                                      0xc78ab (size before relaxing)
 .debug_str     0x00000000000cd607      0x4ee ./Drivers/STM32F4xx_HAL_Driver/Src/stm32f4xx_hal_tim_ex.o
                                      0xc704c (size before relaxing)
 .debug_str     0x00000000000cdaf5      0x5bc ./Drivers/STM32F4xx_HAL_Driver/Src/stm32f4xx_ll_fsmc.o
                                      0xc6e09 (size before relaxing)

.comment        0x0000000000000000       0x53
 .comment       0x0000000000000000       0x53 ./Core/Src/button.o
                                         0x54 (size before relaxing)
 .comment       0x0000000000000053       0x54 ./Core/Src/fsm.o
 .comment       0x0000000000000053       0x54 ./Core/Src/fsmc.o
 .comment       0x0000000000000053       0x54 ./Core/Src/gpio.o
 .comment       0x0000000000000053       0x54 ./Core/Src/lcd.o
 .comment       0x0000000000000053       0x54 ./Core/Src/led.o
 .comment       0x0000000000000053       0x54 ./Core/Src/main.o
 .comment       0x0000000000000053       0x54 ./Core/Src/picture.o
 .comment       0x0000000000000053       0x54 ./Core/Src/software_timer.o
 .comment       0x0000000000000053       0x54 ./Core/Src/spi.o
 .comment       0x0000000000000053       0x54 ./Core/Src/stm32f4xx_hal_msp.o
 .comment       0x0000000000000053       0x54 ./Core/Src/stm32f4xx_it.o
 .comment       0x0000000000000053       0x54 ./Core/Src/system_stm32f4xx.o
 .comment       0x0000000000000053       0x54 ./Core/Src/tim.o
 .comment       0x0000000000000053       0x54 ./Drivers/STM32F4xx_HAL_Driver/Src/stm32f4xx_hal.o
 .comment       0x0000000000000053       0x54 ./Drivers/STM32F4xx_HAL_Driver/Src/stm32f4xx_hal_cortex.o
 .comment       0x0000000000000053       0x54 ./Drivers/STM32F4xx_HAL_Driver/Src/stm32f4xx_hal_gpio.o
 .comment       0x0000000000000053       0x54 ./Drivers/STM32F4xx_HAL_Driver/Src/stm32f4xx_hal_rcc.o
 .comment       0x0000000000000053       0x54 ./Drivers/STM32F4xx_HAL_Driver/Src/stm32f4xx_hal_spi.o
 .comment       0x0000000000000053       0x54 ./Drivers/STM32F4xx_HAL_Driver/Src/stm32f4xx_hal_sram.o
 .comment       0x0000000000000053       0x54 ./Drivers/STM32F4xx_HAL_Driver/Src/stm32f4xx_hal_tim.o
 .comment       0x0000000000000053       0x54 ./Drivers/STM32F4xx_HAL_Driver/Src/stm32f4xx_hal_tim_ex.o
 .comment       0x0000000000000053       0x54 ./Drivers/STM32F4xx_HAL_Driver/Src/stm32f4xx_ll_fsmc.o

.debug_frame    0x0000000000000000     0x3dfc
 .debug_frame   0x0000000000000000       0xa0 ./Core/Src/button.o
 .debug_frame   0x00000000000000a0       0x9c ./Core/Src/fsm.o
 .debug_frame   0x000000000000013c       0xbc ./Core/Src/fsmc.o
 .debug_frame   0x00000000000001f8       0x34 ./Core/Src/gpio.o
 .debug_frame   0x000000000000022c      0x394 ./Core/Src/lcd.o
 .debug_frame   0x00000000000005c0       0xe0 ./Core/Src/led.o
 .debug_frame   0x00000000000006a0       0x88 ./Core/Src/main.o
 .debug_frame   0x0000000000000728       0xa8 ./Core/Src/software_timer.o
 .debug_frame   0x00000000000007d0       0x74 ./Core/Src/spi.o
 .debug_frame   0x0000000000000844       0x38 ./Core/Src/stm32f4xx_hal_msp.o
 .debug_frame   0x000000000000087c      0x120 ./Core/Src/stm32f4xx_it.o
 .debug_frame   0x000000000000099c       0x58 ./Core/Src/system_stm32f4xx.o
 .debug_frame   0x00000000000009f4       0x7c ./Core/Src/tim.o
 .debug_frame   0x0000000000000a70      0x374 ./Drivers/STM32F4xx_HAL_Driver/Src/stm32f4xx_hal.o
 .debug_frame   0x0000000000000de4      0x508 ./Drivers/STM32F4xx_HAL_Driver/Src/stm32f4xx_hal_cortex.o
 .debug_frame   0x00000000000012ec      0x14c ./Drivers/STM32F4xx_HAL_Driver/Src/stm32f4xx_hal_gpio.o
 .debug_frame   0x0000000000001438      0x1f0 ./Drivers/STM32F4xx_HAL_Driver/Src/stm32f4xx_hal_rcc.o
 .debug_frame   0x0000000000001628      0x828 ./Drivers/STM32F4xx_HAL_Driver/Src/stm32f4xx_hal_spi.o
 .debug_frame   0x0000000000001e50      0x30c ./Drivers/STM32F4xx_HAL_Driver/Src/stm32f4xx_hal_sram.o
 .debug_frame   0x000000000000215c     0x11c0 ./Drivers/STM32F4xx_HAL_Driver/Src/stm32f4xx_hal_tim.o
 .debug_frame   0x000000000000331c      0x638 ./Drivers/STM32F4xx_HAL_Driver/Src/stm32f4xx_hal_tim_ex.o
 .debug_frame   0x0000000000003954      0x2dc ./Drivers/STM32F4xx_HAL_Driver/Src/stm32f4xx_ll_fsmc.o
 .debug_frame   0x0000000000003c30       0x2c d:/installation_directory/stm32cubeide_1.7.0/stm32cubeide/plugins/com.st.stm32cube.ide.mcu.externaltools.gnu-tools-for-stm32.9-2020-q2-update.win32_2.0.0.202105311346/tools/bin/../lib/gcc/arm-none-eabi/9.3.1/../../../../arm-none-eabi/lib/thumb/v7e-m+fp/hard\libc_nano.a(lib_a-init.o)
 .debug_frame   0x0000000000003c5c       0x20 d:/installation_directory/stm32cubeide_1.7.0/stm32cubeide/plugins/com.st.stm32cube.ide.mcu.externaltools.gnu-tools-for-stm32.9-2020-q2-update.win32_2.0.0.202105311346/tools/bin/../lib/gcc/arm-none-eabi/9.3.1/../../../../arm-none-eabi/lib/thumb/v7e-m+fp/hard\libc_nano.a(lib_a-memset.o)
 .debug_frame   0x0000000000003c7c       0xac d:/installation_directory/stm32cubeide_1.7.0/stm32cubeide/plugins/com.st.stm32cube.ide.mcu.externaltools.gnu-tools-for-stm32.9-2020-q2-update.win32_2.0.0.202105311346/tools/bin/../lib/gcc/arm-none-eabi/9.3.1/thumb/v7e-m+fp/hard\libgcc.a(_arm_addsubdf3.o)
 .debug_frame   0x0000000000003d28       0x50 d:/installation_directory/stm32cubeide_1.7.0/stm32cubeide/plugins/com.st.stm32cube.ide.mcu.externaltools.gnu-tools-for-stm32.9-2020-q2-update.win32_2.0.0.202105311346/tools/bin/../lib/gcc/arm-none-eabi/9.3.1/thumb/v7e-m+fp/hard\libgcc.a(_arm_muldivdf3.o)
 .debug_frame   0x0000000000003d78       0x24 d:/installation_directory/stm32cubeide_1.7.0/stm32cubeide/plugins/com.st.stm32cube.ide.mcu.externaltools.gnu-tools-for-stm32.9-2020-q2-update.win32_2.0.0.202105311346/tools/bin/../lib/gcc/arm-none-eabi/9.3.1/thumb/v7e-m+fp/hard\libgcc.a(_arm_fixunsdfsi.o)
 .debug_frame   0x0000000000003d9c       0x2c d:/installation_directory/stm32cubeide_1.7.0/stm32cubeide/plugins/com.st.stm32cube.ide.mcu.externaltools.gnu-tools-for-stm32.9-2020-q2-update.win32_2.0.0.202105311346/tools/bin/../lib/gcc/arm-none-eabi/9.3.1/thumb/v7e-m+fp/hard\libgcc.a(_aeabi_uldivmod.o)
 .debug_frame   0x0000000000003dc8       0x34 d:/installation_directory/stm32cubeide_1.7.0/stm32cubeide/plugins/com.st.stm32cube.ide.mcu.externaltools.gnu-tools-for-stm32.9-2020-q2-update.win32_2.0.0.202105311346/tools/bin/../lib/gcc/arm-none-eabi/9.3.1/thumb/v7e-m+fp/hard\libgcc.a(_udivmoddi4.o)
