Archive member included to satisfy reference by file (symbol)

d:/installation_directory/stm32cubeide_1.7.0/stm32cubeide/plugins/com.st.stm32cube.ide.mcu.externaltools.gnu-tools-for-stm32.9-2020-q2-update.win32_2.0.0.202105311346/tools/bin/../lib/gcc/arm-none-eabi/9.3.1/../../../../arm-none-eabi/lib/thumb/v7e-m+fp/hard\libc_nano.a(lib_a-errno.o)
                              ./Core/Src/syscalls.o (__errno)
d:/installation_directory/stm32cubeide_1.7.0/stm32cubeide/plugins/com.st.stm32cube.ide.mcu.externaltools.gnu-tools-for-stm32.9-2020-q2-update.win32_2.0.0.202105311346/tools/bin/../lib/gcc/arm-none-eabi/9.3.1/../../../../arm-none-eabi/lib/thumb/v7e-m+fp/hard\libc_nano.a(lib_a-exit.o)
                              d:/installation_directory/stm32cubeide_1.7.0/stm32cubeide/plugins/com.st.stm32cube.ide.mcu.externaltools.gnu-tools-for-stm32.9-2020-q2-update.win32_2.0.0.202105311346/tools/bin/../lib/gcc/arm-none-eabi/9.3.1/../../../../arm-none-eabi/lib/thumb/v7e-m+fp/hard/crt0.o (exit)
d:/installation_directory/stm32cubeide_1.7.0/stm32cubeide/plugins/com.st.stm32cube.ide.mcu.externaltools.gnu-tools-for-stm32.9-2020-q2-update.win32_2.0.0.202105311346/tools/bin/../lib/gcc/arm-none-eabi/9.3.1/../../../../arm-none-eabi/lib/thumb/v7e-m+fp/hard\libc_nano.a(lib_a-impure.o)
                              d:/installation_directory/stm32cubeide_1.7.0/stm32cubeide/plugins/com.st.stm32cube.ide.mcu.externaltools.gnu-tools-for-stm32.9-2020-q2-update.win32_2.0.0.202105311346/tools/bin/../lib/gcc/arm-none-eabi/9.3.1/../../../../arm-none-eabi/lib/thumb/v7e-m+fp/hard\libc_nano.a(lib_a-exit.o) (_global_impure_ptr)
d:/installation_directory/stm32cubeide_1.7.0/stm32cubeide/plugins/com.st.stm32cube.ide.mcu.externaltools.gnu-tools-for-stm32.9-2020-q2-update.win32_2.0.0.202105311346/tools/bin/../lib/gcc/arm-none-eabi/9.3.1/../../../../arm-none-eabi/lib/thumb/v7e-m+fp/hard\libc_nano.a(lib_a-init.o)
                              d:/installation_directory/stm32cubeide_1.7.0/stm32cubeide/plugins/com.st.stm32cube.ide.mcu.externaltools.gnu-tools-for-stm32.9-2020-q2-update.win32_2.0.0.202105311346/tools/bin/../lib/gcc/arm-none-eabi/9.3.1/../../../../arm-none-eabi/lib/thumb/v7e-m+fp/hard/crt0.o (__libc_init_array)
d:/installation_directory/stm32cubeide_1.7.0/stm32cubeide/plugins/com.st.stm32cube.ide.mcu.externaltools.gnu-tools-for-stm32.9-2020-q2-update.win32_2.0.0.202105311346/tools/bin/../lib/gcc/arm-none-eabi/9.3.1/../../../../arm-none-eabi/lib/thumb/v7e-m+fp/hard\libc_nano.a(lib_a-memset.o)
                              d:/installation_directory/stm32cubeide_1.7.0/stm32cubeide/plugins/com.st.stm32cube.ide.mcu.externaltools.gnu-tools-for-stm32.9-2020-q2-update.win32_2.0.0.202105311346/tools/bin/../lib/gcc/arm-none-eabi/9.3.1/../../../../arm-none-eabi/lib/thumb/v7e-m+fp/hard/crt0.o (memset)
d:/installation_directory/stm32cubeide_1.7.0/stm32cubeide/plugins/com.st.stm32cube.ide.mcu.externaltools.gnu-tools-for-stm32.9-2020-q2-update.win32_2.0.0.202105311346/tools/bin/../lib/gcc/arm-none-eabi/9.3.1/../../../../arm-none-eabi/lib/thumb/v7e-m+fp/hard\libc_nano.a(lib_a-strlen.o)
                              ./Core/Src/lcd.o (strlen)
d:/installation_directory/stm32cubeide_1.7.0/stm32cubeide/plugins/com.st.stm32cube.ide.mcu.externaltools.gnu-tools-for-stm32.9-2020-q2-update.win32_2.0.0.202105311346/tools/bin/../lib/gcc/arm-none-eabi/9.3.1/thumb/v7e-m+fp/hard\libgcc.a(_aeabi_uldivmod.o)
                              ./Drivers/STM32F4xx_HAL_Driver/Src/stm32f4xx_hal_rcc.o (__aeabi_uldivmod)
d:/installation_directory/stm32cubeide_1.7.0/stm32cubeide/plugins/com.st.stm32cube.ide.mcu.externaltools.gnu-tools-for-stm32.9-2020-q2-update.win32_2.0.0.202105311346/tools/bin/../lib/gcc/arm-none-eabi/9.3.1/thumb/v7e-m+fp/hard\libgcc.a(_udivmoddi4.o)
                              d:/installation_directory/stm32cubeide_1.7.0/stm32cubeide/plugins/com.st.stm32cube.ide.mcu.externaltools.gnu-tools-for-stm32.9-2020-q2-update.win32_2.0.0.202105311346/tools/bin/../lib/gcc/arm-none-eabi/9.3.1/thumb/v7e-m+fp/hard\libgcc.a(_aeabi_uldivmod.o) (__udivmoddi4)
d:/installation_directory/stm32cubeide_1.7.0/stm32cubeide/plugins/com.st.stm32cube.ide.mcu.externaltools.gnu-tools-for-stm32.9-2020-q2-update.win32_2.0.0.202105311346/tools/bin/../lib/gcc/arm-none-eabi/9.3.1/thumb/v7e-m+fp/hard\libgcc.a(_dvmd_tls.o)
                              d:/installation_directory/stm32cubeide_1.7.0/stm32cubeide/plugins/com.st.stm32cube.ide.mcu.externaltools.gnu-tools-for-stm32.9-2020-q2-update.win32_2.0.0.202105311346/tools/bin/../lib/gcc/arm-none-eabi/9.3.1/thumb/v7e-m+fp/hard\libgcc.a(_aeabi_uldivmod.o) (__aeabi_ldiv0)

Allocating common symbols
Common symbol       size              file

uwTick              0x4               ./Drivers/STM32F4xx_HAL_Driver/Src/stm32f4xx_hal.o
pFlash              0x20              ./Drivers/STM32F4xx_HAL_Driver/Src/stm32f4xx_hal_flash.o
hsram1              0x50              ./Core/Src/fsmc.o
button_count        0x20              ./Core/Src/button.o
[...]
Memory Configuration

Name             Origin             Length             Attributes
CCMRAM           0x0000000010000000 0x0000000000010000 xrw
RAM              0x0000000020000000 0x0000000000020000 xrw
FLASH            0x0000000008000000 0x0000000000100000 xr
*default*        0x0000000000000000 0xffffffffffffffff

Linker script and memory map

LOAD d:/installation_directory/stm32cubeide_1.7.0/stm32cubeide/plugins/com.st.stm32cube.ide.mcu.externaltools.gnu-tools-for-stm32.9-2020-q2-update.win32_2.0.0.202105311346/tools/bin/../lib/gcc/arm-none-eabi/9.3.1/thumb/v7e-m+fp/hard/crti.o
LOAD d:/installation_directory/stm32cubeide_1.7.0/stm32cubeide/plugins/com.st.stm32cube.ide.mcu.externaltools.gnu-tools-for-stm32.9-2020-q2-update.win32_2.0.0.202105311346/tools/bin/../lib/gcc/arm-none-eabi/9.3.1/thumb/v7e-m+fp/hard/crtbegin.o
LOAD d:/installation_directory/stm32cubeide_1.7.0/stm32cubeide/plugins/com.st.stm32cube.ide.mcu.externaltools.gnu-tools-for-stm32.9-2020-q2-update.win32_2.0.0.202105311346/tools/bin/../lib/gcc/arm-none-eabi/9.3.1/../../../../arm-none-eabi/lib/thumb/v7e-m+fp/hard/crt0.o
LOAD ./Core/Src/button.o
LOAD ./Core/Src/fsmc.o
LOAD ./Core/Src/gpio.o
LOAD ./Core/Src/lcd.o
LOAD ./Core/Src/led_7seg.o
LOAD ./Core/Src/main.o
LOAD ./Core/Src/picture.o
LOAD ./Core/Src/software_timer.o
LOAD ./Core/Src/spi.o
LOAD ./Core/Src/stm32f4xx_hal_msp.o
LOAD ./Core/Src/stm32f4xx_it.o
LOAD ./Core/Src/syscalls.o
LOAD ./Core/Src/sysmem.o
LOAD ./Core/Src/system_stm32f4xx.o
LOAD ./Core/Src/tim.o
LOAD ./Core/Startup/startup_stm32f407zgtx.o
LOAD ./Drivers/STM32F4xx_HAL_Driver/Src/stm32f4xx_hal.o
LOAD ./Drivers/STM32F4xx_HAL_Driver/Src/stm32f4xx_hal_cortex.o
LOAD ./Drivers/STM32F4xx_HAL_Driver/Src/stm32f4xx_hal_dma.o
LOAD ./Drivers/STM32F4xx_HAL_Driver/Src/stm32f4xx_hal_dma_ex.o
LOAD ./Drivers/STM32F4xx_HAL_Driver/Src/stm32f4xx_hal_exti.o
LOAD ./Drivers/STM32F4xx_HAL_Driver/Src/stm32f4xx_hal_flash.o
LOAD ./Drivers/STM32F4xx_HAL_Driver/Src/stm32f4xx_hal_flash_ex.o
LOAD ./Drivers/STM32F4xx_HAL_Driver/Src/stm32f4xx_hal_flash_ramfunc.o
LOAD ./Drivers/STM32F4xx_HAL_Driver/Src/stm32f4xx_hal_gpio.o
LOAD ./Drivers/STM32F4xx_HAL_Driver/Src/stm32f4xx_hal_pwr.o
LOAD ./Drivers/STM32F4xx_HAL_Driver/Src/stm32f4xx_hal_pwr_ex.o
LOAD ./Drivers/STM32F4xx_HAL_Driver/Src/stm32f4xx_hal_rcc.o
LOAD ./Drivers/STM32F4xx_HAL_Driver/Src/stm32f4xx_hal_rcc_ex.o
LOAD ./Drivers/STM32F4xx_HAL_Driver/Src/stm32f4xx_hal_spi.o
LOAD ./Drivers/STM32F4xx_HAL_Driver/Src/stm32f4xx_hal_sram.o
LOAD ./Drivers/STM32F4xx_HAL_Driver/Src/stm32f4xx_hal_tim.o
LOAD ./Drivers/STM32F4xx_HAL_Driver/Src/stm32f4xx_hal_tim_ex.o
LOAD ./Drivers/STM32F4xx_HAL_Driver/Src/stm32f4xx_ll_fsmc.o
START GROUP
LOAD d:/installation_directory/stm32cubeide_1.7.0/stm32cubeide/plugins/com.st.stm32cube.ide.mcu.externaltools.gnu-tools-for-stm32.9-2020-q2-update.win32_2.0.0.202105311346/tools/bin/../lib/gcc/arm-none-eabi/9.3.1/../../../../arm-none-eabi/lib/thumb/v7e-m+fp/hard\libc_nano.a
LOAD d:/installation_directory/stm32cubeide_1.7.0/stm32cubeide/plugins/com.st.stm32cube.ide.mcu.externaltools.gnu-tools-for-stm32.9-2020-q2-update.win32_2.0.0.202105311346/tools/bin/../lib/gcc/arm-none-eabi/9.3.1/../../../../arm-none-eabi/lib/thumb/v7e-m+fp/hard\libm.a
END GROUP
START GROUP
LOAD d:/installation_directory/stm32cubeide_1.7.0/stm32cubeide/plugins/com.st.stm32cube.ide.mcu.externaltools.gnu-tools-for-stm32.9-2020-q2-update.win32_2.0.0.202105311346/tools/bin/../lib/gcc/arm-none-eabi/9.3.1/thumb/v7e-m+fp/hard\libgcc.a
LOAD d:/installation_directory/stm32cubeide_1.7.0/stm32cubeide/plugins/com.st.stm32cube.ide.mcu.externaltools.gnu-tools-for-stm32.9-2020-q2-update.win32_2.0.0.202105311346/tools/bin/../lib/gcc/arm-none-eabi/9.3.1/../../../../arm-none-eabi/lib/thumb/v7e-m+fp/hard\libc_nano.a
END GROUP
START GROUP
LOAD d:/installation_directory/stm32cubeide_1.7.0/stm32cubeide/plugins/com.st.stm32cube.ide.mcu.externaltools.gnu-tools-for-stm32.9-2020-q2-update.win32_2.0.0.202105311346/tools/bin/../lib/gcc/arm-none-eabi/9.3.1/thumb/v7e-m+fp/hard\libgcc.a
LOAD d:/installation_directory/stm32cubeide_1.7.0/stm32cubeide/plugins/com.st.stm32cube.ide.mcu.externaltools.gnu-tools-for-stm32.9-2020-q2-update.win32_2.0.0.202105311346/tools/bin/../lib/gcc/arm-none-eabi/9.3.1/../../../../arm-none-eabi/lib/thumb/v7e-m+fp/hard\libc_nano.a
LOAD d:/installation_directory/stm32cubeide_1.7.0/stm32cubeide/plugins/com.st.stm32cube.ide.mcu.externaltools.gnu-tools-for-stm32.9-2020-q2-update.win32_2.0.0.202105311346/tools/bin/../lib/gcc/arm-none-eabi/9.3.1/../../../../arm-none-eabi/lib/thumb/v7e-m+fp/hard\libnosys.a
END GROUP
START GROUP
LOAD d:/installation_directory/stm32cubeide_1.7.0/stm32cubeide/plugins/com.st.stm32cube.ide.mcu.externaltools.gnu-tools-for-stm32.9-2020-q2-update.win32_2.0.0.202105311346/tools/bin/../lib/gcc/arm-none-eabi/9.3.1/thumb/v7e-m+fp/hard\libgcc.a
LOAD d:/installation_directory/stm32cubeide_1.7.0/stm32cubeide/plugins/com.st.stm32cube.ide.mcu.externaltools.gnu-tools-for-stm32.9-2020-q2-update.win32_2.0.0.202105311346/tools/bin/../lib/gcc/arm-none-eabi/9.3.1/../../../../arm-none-eabi/lib/thumb/v7e-m+fp/hard\libc_nano.a
LOAD d:/installation_directory/stm32cubeide_1.7.0/stm32cubeide/plugins/com.st.stm32cube.ide.mcu.externaltools.gnu-tools-for-stm32.9-2020-q2-update.win32_2.0.0.202105311346/tools/bin/../lib/gcc/arm-none-eabi/9.3.1/../../../../arm-none-eabi/lib/thumb/v7e-m+fp/hard\libnosys.a
END GROUP
LOAD d:/installation_directory/stm32cubeide_1.7.0/stm32cubeide/plugins/com.st.stm32cube.ide.mcu.externaltools.gnu-tools-for-stm32.9-2020-q2-update.win32_2.0.0.202105311346/tools/bin/../lib/gcc/arm-none-eabi/9.3.1/thumb/v7e-m+fp/hard/crtend.o
LOAD d:/installation_directory/stm32cubeide_1.7.0/stm32cubeide/plugins/com.st.stm32cube.ide.mcu.externaltools.gnu-tools-for-stm32.9-2020-q2-update.win32_2.0.0.202105311346/tools/bin/../lib/gcc/arm-none-eabi/9.3.1/thumb/v7e-m+fp/hard/crtn.o
                0x0000000020020000                _estack = (ORIGIN (RAM) + LENGTH (RAM))
                0x0000000000000200                _Min_Heap_Size = 0x200
                0x0000000000000400                _Min_Stack_Size = 0x400

.isr_vector     0x0000000008000000      0x188
                0x0000000008000000                . = ALIGN (0x4)
 *(.isr_vector)
 .isr_vector    0x0000000008000000      0x188 ./Core/Startup/startup_stm32f407zgtx.o
                0x0000000008000000                g_pfnVectors
                0x0000000008000188                . = ALIGN (0x4)

.text           0x0000000008000188     0x39e0
                0x0000000008000188                . = ALIGN (0x4)
 *(.text)
 .text          0x0000000008000188       0x40 d:/installation_directory/stm32cubeide_1.7.0/stm32cubeide/plugins/com.st.stm32cube.ide.mcu.externaltools.gnu-tools-for-stm32.9-2020-q2-update.win32_2.0.0.202105311346/tools/bin/../lib/gcc/arm-none-eabi/9.3.1/thumb/v7e-m+fp/hard/crtbegin.o
 .text          0x00000000080001c8       0x10 d:/installation_directory/stm32cubeide_1.7.0/stm32cubeide/plugins/com.st.stm32cube.ide.mcu.externaltools.gnu-tools-for-stm32.9-2020-q2-update.win32_2.0.0.202105311346/tools/bin/../lib/gcc/arm-none-eabi/9.3.1/../../../../arm-none-eabi/lib/thumb/v7e-m+fp/hard\libc_nano.a(lib_a-strlen.o)
                0x00000000080001c8                strlen
 .text          0x00000000080001d8       0x30 d:/installation_directory/stm32cubeide_1.7.0/stm32cubeide/plugins/com.st.stm32cube.ide.mcu.externaltools.gnu-tools-for-stm32.9-2020-q2-update.win32_2.0.0.202105311346/tools/bin/../lib/gcc/arm-none-eabi/9.3.1/thumb/v7e-m+fp/hard\libgcc.a(_aeabi_uldivmod.o)
                0x00000000080001d8                __aeabi_uldivmod
 .text          0x0000000008000208      0x2c4 d:/installation_directory/stm32cubeide_1.7.0/stm32cubeide/plugins/com.st.stm32cube.ide.mcu.externaltools.gnu-tools-for-stm32.9-2020-q2-update.win32_2.0.0.202105311346/tools/bin/../lib/gcc/arm-none-eabi/9.3.1/thumb/v7e-m+fp/hard\libgcc.a(_udivmoddi4.o)
                0x0000000008000208                __udivmoddi4
 .text          0x00000000080004cc        0x4 d:/installation_directory/stm32cubeide_1.7.0/stm32cubeide/plugins/com.st.stm32cube.ide.mcu.externaltools.gnu-tools-for-stm32.9-2020-q2-update.win32_2.0.0.202105311346/tools/bin/../lib/gcc/arm-none-eabi/9.3.1/thumb/v7e-m+fp/hard\libgcc.a(_dvmd_tls.o)
                0x00000000080004cc                __aeabi_idiv0
                0x00000000080004cc                __aeabi_ldiv0
 *(.text*)
 .text.button_init
                0x00000000080004d0       0x18 ./Core/Src/button.o
                0x00000000080004d0                button_init
 .text.MX_FSMC_Init
                0x00000000080004e8       0xf4 ./Core/Src/fsmc.o
                0x00000000080004e8                MX_FSMC_Init
 .text.HAL_FSMC_MspInit
                0x00000000080005dc       0x98 ./Core/Src/fsmc.o
 .text.HAL_SRAM_MspInit
                0x0000000008000674       0x14 ./Core/Src/fsmc.o
                0x0000000008000674                HAL_SRAM_MspInit
 .text.MX_GPIO_Init
                0x0000000008000688      0x1f0 ./Core/Src/gpio.o
                0x0000000008000688                MX_GPIO_Init
 .text.LCD_WR_REG
                0x0000000008000878       0x20 ./Core/Src/lcd.o
                0x0000000008000878                LCD_WR_REG
 .text.LCD_WR_DATA
                0x0000000008000898       0x20 ./Core/Src/lcd.o
 .text.LCD_RD_DATA
                0x00000000080008b8       0x24 ./Core/Src/lcd.o
 .text.lcd_AddressSet
                0x00000000080008dc       0x98 ./Core/Src/lcd.o
                0x00000000080008dc                lcd_AddressSet
 .text.lcd_Clear
                0x0000000008000974       0x64 ./Core/Src/lcd.o
                0x0000000008000974                lcd_Clear
 .text.lcd_Fill
                0x00000000080009d8       0x6c ./Core/Src/lcd.o
                0x00000000080009d8                lcd_Fill
 .text.lcd_DrawPoint
                0x0000000008000a44       0x2e ./Core/Src/lcd.o
                0x0000000008000a44                lcd_DrawPoint
 *fill*         0x0000000008000a72        0x2 
 .text.lcd_ShowChar
                0x0000000008000a74      0x1a0 ./Core/Src/lcd.o
                0x0000000008000a74                lcd_ShowChar
 .text.lcd_ShowPicture
                0x0000000008000c14       0xac ./Core/Src/lcd.o
                0x0000000008000c14                lcd_ShowPicture
 .text.lcd_SetDir
                0x0000000008000cc0       0x48 ./Core/Src/lcd.o
                0x0000000008000cc0                lcd_SetDir
 .text.lcd_init
                0x0000000008000d08      0x2c0 ./Core/Src/lcd.o
                0x0000000008000d08                lcd_init
 .text._draw_circle_8
                0x0000000008000fc8      0x116 ./Core/Src/lcd.o
 .text.lcd_DrawCircle
                0x00000000080010de       0xd8 ./Core/Src/lcd.o
                0x00000000080010de                lcd_DrawCircle
 *fill*         0x00000000080011b6        0x2 
 .text.lcd_ShowStr
                0x00000000080011b8       0xc8 ./Core/Src/lcd.o
                0x00000000080011b8                lcd_ShowStr
 .text.lcd_StrCenter
                0x0000000008001280       0x64 ./Core/Src/lcd.o
                0x0000000008001280                lcd_StrCenter
 .text.led7_init
                0x00000000080012e4       0x18 ./Core/Src/led_7seg.o
                0x00000000080012e4                led7_init
 .text.led7_Scan
                0x00000000080012fc      0x118 ./Core/Src/led_7seg.o
                0x00000000080012fc                led7_Scan
 .text.led7_SetDigit
                0x0000000008001414       0x48 ./Core/Src/led_7seg.o
                0x0000000008001414                led7_SetDigit
 .text.main     0x000000000800145c       0x54 ./Core/Src/main.o
                0x000000000800145c                main
 .text.SystemClock_Config
                0x00000000080014b0       0xd4 ./Core/Src/main.o
                0x00000000080014b0                SystemClock_Config
 .text.system_init
                0x0000000008001584       0x40 ./Core/Src/main.o
                0x0000000008001584                system_init
 .text.test_LedDebug
                0x00000000080015c4       0x48 ./Core/Src/main.o
                0x00000000080015c4                test_LedDebug
 .text.test_LedY0
                0x000000000800160c       0x58 ./Core/Src/main.o
                0x000000000800160c                test_LedY0
 .text.test_LedY1
                0x0000000008001664       0x58 ./Core/Src/main.o
                0x0000000008001664                test_LedY1
 .text.test_7seg
                0x00000000080016bc       0x30 ./Core/Src/main.o
                0x00000000080016bc                test_7seg
 .text.test_lcd
                0x00000000080016ec       0x94 ./Core/Src/main.o
                0x00000000080016ec                test_lcd
 .text.Error_Handler
                0x0000000008001780        0xa ./Core/Src/main.o
                0x0000000008001780                Error_Handler
 *fill*         0x000000000800178a        0x2 
 .text.timer_init
                0x000000000800178c       0x14 ./Core/Src/software_timer.o
                0x000000000800178c                timer_init
 .text.setTimer2
                0x00000000080017a0       0x38 ./Core/Src/software_timer.o
                0x00000000080017a0                setTimer2
 .text.HAL_TIM_PeriodElapsedCallback
                0x00000000080017d8       0x54 ./Core/Src/software_timer.o
                0x00000000080017d8                HAL_TIM_PeriodElapsedCallback
 .text.MX_SPI1_Init
                0x000000000800182c       0x6c ./Core/Src/spi.o
                0x000000000800182c                MX_SPI1_Init
 .text.HAL_SPI_MspInit
                0x0000000008001898       0x90 ./Core/Src/spi.o
                0x0000000008001898                HAL_SPI_MspInit
 .text.HAL_MspInit
                0x0000000008001928       0x50 ./Core/Src/stm32f4xx_hal_msp.o
                0x0000000008001928                HAL_MspInit
 .text.NMI_Handler
                0x0000000008001978        0x6 ./Core/Src/stm32f4xx_it.o
                0x0000000008001978                NMI_Handler
 .text.HardFault_Handler
                0x000000000800197e        0x6 ./Core/Src/stm32f4xx_it.o
                0x000000000800197e                HardFault_Handler
 .text.MemManage_Handler
                0x0000000008001984        0x6 ./Core/Src/stm32f4xx_it.o
                0x0000000008001984                MemManage_Handler
 .text.BusFault_Handler
                0x000000000800198a        0x6 ./Core/Src/stm32f4xx_it.o
                0x000000000800198a                BusFault_Handler
 .text.UsageFault_Handler
                0x0000000008001990        0x6 ./Core/Src/stm32f4xx_it.o
                0x0000000008001990                UsageFault_Handler
 .text.SVC_Handler
                0x0000000008001996        0xe ./Core/Src/stm32f4xx_it.o
                0x0000000008001996                SVC_Handler
 .text.DebugMon_Handler
                0x00000000080019a4        0xe ./Core/Src/stm32f4xx_it.o
                0x00000000080019a4                DebugMon_Handler
 .text.PendSV_Handler
                0x00000000080019b2        0xe ./Core/Src/stm32f4xx_it.o
                0x00000000080019b2                PendSV_Handler
 .text.SysTick_Handler
                0x00000000080019c0        0xc ./Core/Src/stm32f4xx_it.o
                0x00000000080019c0                SysTick_Handler
 .text.TIM2_IRQHandler
                0x00000000080019cc       0x14 ./Core/Src/stm32f4xx_it.o
                0x00000000080019cc                TIM2_IRQHandler
 .text.SystemInit
                0x00000000080019e0       0x24 ./Core/Src/system_stm32f4xx.o
                0x00000000080019e0                SystemInit
 .text.MX_TIM2_Init
                0x0000000008001a04       0x98 ./Core/Src/tim.o
                0x0000000008001a04                MX_TIM2_Init
 .text.HAL_TIM_Base_MspInit
                0x0000000008001a9c       0x4c ./Core/Src/tim.o
                0x0000000008001a9c                HAL_TIM_Base_MspInit
 .text.Reset_Handler
                0x0000000008001ae8       0x50 ./Core/Startup/startup_stm32f407zgtx.o
                0x0000000008001ae8                Reset_Handler
 .text.Default_Handler
                0x0000000008001b38        0x2 ./Core/Startup/startup_stm32f407zgtx.o
                0x0000000008001b38                RTC_Alarm_IRQHandler
                0x0000000008001b38                HASH_RNG_IRQHandler
                0x0000000008001b38                EXTI2_IRQHandler
                0x0000000008001b38                TIM8_CC_IRQHandler
                0x0000000008001b38                TIM1_CC_IRQHandler
                0x0000000008001b38                DMA2_Stream5_IRQHandler
                0x0000000008001b38                DMA1_Stream5_IRQHandler
                0x0000000008001b38                PVD_IRQHandler
                0x0000000008001b38                SDIO_IRQHandler
                0x0000000008001b38                TAMP_STAMP_IRQHandler
                0x0000000008001b38                CAN2_RX1_IRQHandler
                0x0000000008001b38                EXTI3_IRQHandler
                0x0000000008001b38                TIM8_TRG_COM_TIM14_IRQHandler
                0x0000000008001b38                TIM1_UP_TIM10_IRQHandler
                0x0000000008001b38                TIM8_UP_TIM13_IRQHandler
                0x0000000008001b38                I2C3_ER_IRQHandler
                0x0000000008001b38                EXTI0_IRQHandler
                0x0000000008001b38                I2C2_EV_IRQHandler
                0x0000000008001b38                DMA1_Stream2_IRQHandler
                0x0000000008001b38                CAN1_RX0_IRQHandler
                0x0000000008001b38                FPU_IRQHandler
                0x0000000008001b38                OTG_HS_WKUP_IRQHandler
                0x0000000008001b38                CAN2_SCE_IRQHandler
                0x0000000008001b38                DMA2_Stream2_IRQHandler
                0x0000000008001b38                SPI1_IRQHandler
                0x0000000008001b38                TIM6_DAC_IRQHandler
                0x0000000008001b38                TIM1_BRK_TIM9_IRQHandler
                0x0000000008001b38                DCMI_IRQHandler
                0x0000000008001b38                CAN2_RX0_IRQHandler
                0x0000000008001b38                DMA2_Stream3_IRQHandler
                0x0000000008001b38                USART6_IRQHandler
                0x0000000008001b38                USART3_IRQHandler
                0x0000000008001b38                CAN1_RX1_IRQHandler
                0x0000000008001b38                UART5_IRQHandler
                0x0000000008001b38                DMA2_Stream0_IRQHandler
                0x0000000008001b38                TIM4_IRQHandler
                0x0000000008001b38                I2C1_EV_IRQHandler
                0x0000000008001b38                DMA1_Stream6_IRQHandler
                0x0000000008001b38                DMA1_Stream1_IRQHandler
                0x0000000008001b38                UART4_IRQHandler
                0x0000000008001b38                TIM3_IRQHandler
                0x0000000008001b38                RCC_IRQHandler
                0x0000000008001b38                TIM8_BRK_TIM12_IRQHandler
                0x0000000008001b38                Default_Handler
                0x0000000008001b38                EXTI15_10_IRQHandler
                0x0000000008001b38                ADC_IRQHandler
                0x0000000008001b38                DMA1_Stream7_IRQHandler
                0x0000000008001b38                TIM7_IRQHandler
                0x0000000008001b38                CAN2_TX_IRQHandler
                0x0000000008001b38                TIM5_IRQHandler
                0x0000000008001b38                DMA2_Stream7_IRQHandler
                0x0000000008001b38                I2C3_EV_IRQHandler
                0x0000000008001b38                EXTI9_5_IRQHandler
                0x0000000008001b38                RTC_WKUP_IRQHandler
                0x0000000008001b38                ETH_WKUP_IRQHandler
                0x0000000008001b38                SPI2_IRQHandler
                0x0000000008001b38                OTG_HS_EP1_IN_IRQHandler
                0x0000000008001b38                DMA1_Stream0_IRQHandler
                0x0000000008001b38                CAN1_TX_IRQHandler
                0x0000000008001b38                EXTI4_IRQHandler
                0x0000000008001b38                FSMC_IRQHandler
                0x0000000008001b38                ETH_IRQHandler
                0x0000000008001b38                OTG_HS_EP1_OUT_IRQHandler
                0x0000000008001b38                WWDG_IRQHandler
                0x0000000008001b38                OTG_FS_WKUP_IRQHandler
                0x0000000008001b38                TIM1_TRG_COM_TIM11_IRQHandler
                0x0000000008001b38                OTG_HS_IRQHandler
                0x0000000008001b38                EXTI1_IRQHandler
                0x0000000008001b38                USART2_IRQHandler
                0x0000000008001b38                I2C2_ER_IRQHandler
                0x0000000008001b38                DMA2_Stream1_IRQHandler
                0x0000000008001b38                CAN1_SCE_IRQHandler
                0x0000000008001b38                FLASH_IRQHandler
                0x0000000008001b38                DMA2_Stream4_IRQHandler
                0x0000000008001b38                USART1_IRQHandler
                0x0000000008001b38                OTG_FS_IRQHandler
                0x0000000008001b38                SPI3_IRQHandler
                0x0000000008001b38                DMA1_Stream4_IRQHandler
                0x0000000008001b38                I2C1_ER_IRQHandler
                0x0000000008001b38                DMA2_Stream6_IRQHandler
                0x0000000008001b38                DMA1_Stream3_IRQHandler
 *fill*         0x0000000008001b3a        0x2 
 .text.HAL_Init
                0x0000000008001b3c       0x44 ./Drivers/STM32F4xx_HAL_Driver/Src/stm32f4xx_hal.o
                0x0000000008001b3c                HAL_Init
 .text.HAL_InitTick
                0x0000000008001b80       0x60 ./Drivers/STM32F4xx_HAL_Driver/Src/stm32f4xx_hal.o
                0x0000000008001b80                HAL_InitTick
 .text.HAL_IncTick
                0x0000000008001be0       0x28 ./Drivers/STM32F4xx_HAL_Driver/Src/stm32f4xx_hal.o
                0x0000000008001be0                HAL_IncTick
 .text.HAL_GetTick
                0x0000000008001c08       0x18 ./Drivers/STM32F4xx_HAL_Driver/Src/stm32f4xx_hal.o
                0x0000000008001c08                HAL_GetTick
 .text.HAL_Delay
                0x0000000008001c20       0x48 ./Drivers/STM32F4xx_HAL_Driver/Src/stm32f4xx_hal.o
                0x0000000008001c20                HAL_Delay
 .text.__NVIC_SetPriorityGrouping
                0x0000000008001c68       0x48 ./Drivers/STM32F4xx_HAL_Driver/Src/stm32f4xx_hal_cortex.o
 .text.__NVIC_GetPriorityGrouping
                0x0000000008001cb0       0x1c ./Drivers/STM32F4xx_HAL_Driver/Src/stm32f4xx_hal_cortex.o
 .text.__NVIC_EnableIRQ
                0x0000000008001ccc       0x3c ./Drivers/STM32F4xx_HAL_Driver/Src/stm32f4xx_hal_cortex.o
 .text.__NVIC_SetPriority
                0x0000000008001d08       0x54 ./Drivers/STM32F4xx_HAL_Driver/Src/stm32f4xx_hal_cortex.o
 .text.NVIC_EncodePriority
                0x0000000008001d5c       0x66 ./Drivers/STM32F4xx_HAL_Driver/Src/stm32f4xx_hal_cortex.o
 *fill*         0x0000000008001dc2        0x2 
 .text.SysTick_Config
                0x0000000008001dc4       0x44 ./Drivers/STM32F4xx_HAL_Driver/Src/stm32f4xx_hal_cortex.o
 .text.HAL_NVIC_SetPriorityGrouping
                0x0000000008001e08       0x16 ./Drivers/STM32F4xx_HAL_Driver/Src/stm32f4xx_hal_cortex.o
                0x0000000008001e08                HAL_NVIC_SetPriorityGrouping
 .text.HAL_NVIC_SetPriority
                0x0000000008001e1e       0x38 ./Drivers/STM32F4xx_HAL_Driver/Src/stm32f4xx_hal_cortex.o
                0x0000000008001e1e                HAL_NVIC_SetPriority
 .text.HAL_NVIC_EnableIRQ
                0x0000000008001e56       0x1c ./Drivers/STM32F4xx_HAL_Driver/Src/stm32f4xx_hal_cortex.o
                0x0000000008001e56                HAL_NVIC_EnableIRQ
 .text.HAL_SYSTICK_Config
                0x0000000008001e72       0x18 ./Drivers/STM32F4xx_HAL_Driver/Src/stm32f4xx_hal_cortex.o
                0x0000000008001e72                HAL_SYSTICK_Config
 *fill*         0x0000000008001e8a        0x2 
 .text.HAL_GPIO_Init
                0x0000000008001e8c      0x338 ./Drivers/STM32F4xx_HAL_Driver/Src/stm32f4xx_hal_gpio.o
                0x0000000008001e8c                HAL_GPIO_Init
 .text.HAL_GPIO_WritePin
                0x00000000080021c4       0x32 ./Drivers/STM32F4xx_HAL_Driver/Src/stm32f4xx_hal_gpio.o
                0x00000000080021c4                HAL_GPIO_WritePin
 .text.HAL_GPIO_TogglePin
                0x00000000080021f6       0x34 ./Drivers/STM32F4xx_HAL_Driver/Src/stm32f4xx_hal_gpio.o
                0x00000000080021f6                HAL_GPIO_TogglePin
 *fill*         0x000000000800222a        0x2 
 .text.HAL_RCC_OscConfig
                0x000000000800222c      0x4f0 ./Drivers/STM32F4xx_HAL_Driver/Src/stm32f4xx_hal_rcc.o
                0x000000000800222c                HAL_RCC_OscConfig
 .text.HAL_RCC_ClockConfig
                0x000000000800271c      0x1cc ./Drivers/STM32F4xx_HAL_Driver/Src/stm32f4xx_hal_rcc.o
                0x000000000800271c                HAL_RCC_ClockConfig
 .text.HAL_RCC_GetSysClockFreq
                0x00000000080028e8      0x1c4 ./Drivers/STM32F4xx_HAL_Driver/Src/stm32f4xx_hal_rcc.o
                0x00000000080028e8                HAL_RCC_GetSysClockFreq
 .text.HAL_SPI_Init
                0x0000000008002aac      0x112 ./Drivers/STM32F4xx_HAL_Driver/Src/stm32f4xx_hal_spi.o
                0x0000000008002aac                HAL_SPI_Init
 .text.HAL_SPI_Transmit
                0x0000000008002bbe      0x278 ./Drivers/STM32F4xx_HAL_Driver/Src/stm32f4xx_hal_spi.o
                0x0000000008002bbe                HAL_SPI_Transmit
 *fill*         0x0000000008002e36        0x2 
 .text.SPI_WaitFlagStateUntilTimeout
                0x0000000008002e38      0x110 ./Drivers/STM32F4xx_HAL_Driver/Src/stm32f4xx_hal_spi.o
 .text.SPI_EndRxTxTransaction
                0x0000000008002f48       0x84 ./Drivers/STM32F4xx_HAL_Driver/Src/stm32f4xx_hal_spi.o
 .text.HAL_SRAM_Init
                0x0000000008002fcc       0x88 ./Drivers/STM32F4xx_HAL_Driver/Src/stm32f4xx_hal_sram.o
                0x0000000008002fcc                HAL_SRAM_Init
 .text.HAL_TIM_Base_Init
                0x0000000008003054       0x9e ./Drivers/STM32F4xx_HAL_Driver/Src/stm32f4xx_hal_tim.o
                0x0000000008003054                HAL_TIM_Base_Init
 *fill*         0x00000000080030f2        0x2 
 .text.HAL_TIM_Base_Start_IT
                0x00000000080030f4       0xe0 ./Drivers/STM32F4xx_HAL_Driver/Src/stm32f4xx_hal_tim.o
                0x00000000080030f4                HAL_TIM_Base_Start_IT
 .text.HAL_TIM_IRQHandler
                0x00000000080031d4      0x210 ./Drivers/STM32F4xx_HAL_Driver/Src/stm32f4xx_hal_tim.o
                0x00000000080031d4                HAL_TIM_IRQHandler
 .text.HAL_TIM_ConfigClockSource
                0x00000000080033e4      0x18e ./Drivers/STM32F4xx_HAL_Driver/Src/stm32f4xx_hal_tim.o
                0x00000000080033e4                HAL_TIM_ConfigClockSource
 .text.HAL_TIM_OC_DelayElapsedCallback
                0x0000000008003572       0x14 ./Drivers/STM32F4xx_HAL_Driver/Src/stm32f4xx_hal_tim.o
                0x0000000008003572                HAL_TIM_OC_DelayElapsedCallback
 .text.HAL_TIM_IC_CaptureCallback
                0x0000000008003586       0x14 ./Drivers/STM32F4xx_HAL_Driver/Src/stm32f4xx_hal_tim.o
                0x0000000008003586                HAL_TIM_IC_CaptureCallback
 .text.HAL_TIM_PWM_PulseFinishedCallback
                0x000000000800359a       0x14 ./Drivers/STM32F4xx_HAL_Driver/Src/stm32f4xx_hal_tim.o
                0x000000000800359a                HAL_TIM_PWM_PulseFinishedCallback
 .text.HAL_TIM_TriggerCallback
                0x00000000080035ae       0x14 ./Drivers/STM32F4xx_HAL_Driver/Src/stm32f4xx_hal_tim.o
                0x00000000080035ae                HAL_TIM_TriggerCallback
 *fill*         0x00000000080035c2        0x2 
 .text.TIM_Base_SetConfig
                0x00000000080035c4      0x140 ./Drivers/STM32F4xx_HAL_Driver/Src/stm32f4xx_hal_tim.o
                0x00000000080035c4                TIM_Base_SetConfig
 .text.TIM_TI1_ConfigInputStage
                0x0000000008003704       0x5e ./Drivers/STM32F4xx_HAL_Driver/Src/stm32f4xx_hal_tim.o
 .text.TIM_TI2_ConfigInputStage
                0x0000000008003762       0x60 ./Drivers/STM32F4xx_HAL_Driver/Src/stm32f4xx_hal_tim.o
 .text.TIM_ITRx_SetConfig
                0x00000000080037c2       0x36 ./Drivers/STM32F4xx_HAL_Driver/Src/stm32f4xx_hal_tim.o
 .text.TIM_ETR_SetConfig
                0x00000000080037f8       0x40 ./Drivers/STM32F4xx_HAL_Driver/Src/stm32f4xx_hal_tim.o
                0x00000000080037f8                TIM_ETR_SetConfig
 .text.HAL_TIMEx_MasterConfigSynchronization
                0x0000000008003838       0xf8 ./Drivers/STM32F4xx_HAL_Driver/Src/stm32f4xx_hal_tim_ex.o
                0x0000000008003838                HAL_TIMEx_MasterConfigSynchronization
 .text.HAL_TIMEx_CommutCallback
                0x0000000008003930       0x14 ./Drivers/STM32F4xx_HAL_Driver/Src/stm32f4xx_hal_tim_ex.o
                0x0000000008003930                HAL_TIMEx_CommutCallback
 .text.HAL_TIMEx_BreakCallback
                0x0000000008003944       0x14 ./Drivers/STM32F4xx_HAL_Driver/Src/stm32f4xx_hal_tim_ex.o
                0x0000000008003944                HAL_TIMEx_BreakCallback
 .text.FSMC_NORSRAM_Init
                0x0000000008003958       0xa4 ./Drivers/STM32F4xx_HAL_Driver/Src/stm32f4xx_ll_fsmc.o
                0x0000000008003958                FSMC_NORSRAM_Init
 .text.FSMC_NORSRAM_Timing_Init
                0x00000000080039fc       0x7a ./Drivers/STM32F4xx_HAL_Driver/Src/stm32f4xx_ll_fsmc.o
                0x00000000080039fc                FSMC_NORSRAM_Timing_Init
 *fill*         0x0000000008003a76        0x2 
 .text.FSMC_NORSRAM_Extended_Timing_Init
                0x0000000008003a78       0x80 ./Drivers/STM32F4xx_HAL_Driver/Src/stm32f4xx_ll_fsmc.o
                0x0000000008003a78                FSMC_NORSRAM_Extended_Timing_Init
 .text.__libc_init_array
                0x0000000008003af8       0x48 d:/installation_directory/stm32cubeide_1.7.0/stm32cubeide/plugins/com.st.stm32cube.ide.mcu.externaltools.gnu-tools-for-stm32.9-2020-q2-update.win32_2.0.0.202105311346/tools/bin/../lib/gcc/arm-none-eabi/9.3.1/../../../../arm-none-eabi/lib/thumb/v7e-m+fp/hard\libc_nano.a(lib_a-init.o)
                0x0000000008003af8                __libc_init_array
 .text.memset   0x0000000008003b40       0x10 d:/installation_directory/stm32cubeide_1.7.0/stm32cubeide/plugins/com.st.stm32cube.ide.mcu.externaltools.gnu-tools-for-stm32.9-2020-q2-update.win32_2.0.0.202105311346/tools/bin/../lib/gcc/arm-none-eabi/9.3.1/../../../../arm-none-eabi/lib/thumb/v7e-m+fp/hard\libc_nano.a(lib_a-memset.o)
                0x0000000008003b40                memset
 *(.glue_7)
 .glue_7        0x0000000008003b50        0x0 linker stubs
 *(.glue_7t)
 .glue_7t       0x0000000008003b50        0x0 linker stubs
 *(.eh_frame)
 .eh_frame      0x0000000008003b50        0x0 d:/installation_directory/stm32cubeide_1.7.0/stm32cubeide/plugins/com.st.stm32cube.ide.mcu.externaltools.gnu-tools-for-stm32.9-2020-q2-update.win32_2.0.0.202105311346/tools/bin/../lib/gcc/arm-none-eabi/9.3.1/thumb/v7e-m+fp/hard/crtbegin.o
 *(.init)
 .init          0x0000000008003b50        0x4 d:/installation_directory/stm32cubeide_1.7.0/stm32cubeide/plugins/com.st.stm32cube.ide.mcu.externaltools.gnu-tools-for-stm32.9-2020-q2-update.win32_2.0.0.202105311346/tools/bin/../lib/gcc/arm-none-eabi/9.3.1/thumb/v7e-m+fp/hard/crti.o
                0x0000000008003b50                _init
 .init          0x0000000008003b54        0x8 d:/installation_directory/stm32cubeide_1.7.0/stm32cubeide/plugins/com.st.stm32cube.ide.mcu.externaltools.gnu-tools-for-stm32.9-2020-q2-update.win32_2.0.0.202105311346/tools/bin/../lib/gcc/arm-none-eabi/9.3.1/thumb/v7e-m+fp/hard/crtn.o
 *(.fini)
 .fini          0x0000000008003b5c        0x4 d:/installation_directory/stm32cubeide_1.7.0/stm32cubeide/plugins/com.st.stm32cube.ide.mcu.externaltools.gnu-tools-for-stm32.9-2020-q2-update.win32_2.0.0.202105311346/tools/bin/../lib/gcc/arm-none-eabi/9.3.1/thumb/v7e-m+fp/hard/crti.o
                0x0000000008003b5c                _fini
 .fini          0x0000000008003b60        0x8 d:/installation_directory/stm32cubeide_1.7.0/stm32cubeide/plugins/com.st.stm32cube.ide.mcu.externaltools.gnu-tools-for-stm32.9-2020-q2-update.win32_2.0.0.202105311346/tools/bin/../lib/gcc/arm-none-eabi/9.3.1/thumb/v7e-m+fp/hard/crtn.o
                0x0000000008003b68                . = ALIGN (0x4)
                0x0000000008003b68                _etext = .

.vfp11_veneer   0x0000000008003b68        0x0
 .vfp11_veneer  0x0000000008003b68        0x0 linker stubs

.v4_bx          0x0000000008003b68        0x0
 .v4_bx         0x0000000008003b68        0x0 linker stubs

.iplt           0x0000000008003b68        0x0
 .iplt          0x0000000008003b68        0x0 d:/installation_directory/stm32cubeide_1.7.0/stm32cubeide/plugins/com.st.stm32cube.ide.mcu.externaltools.gnu-tools-for-stm32.9-2020-q2-update.win32_2.0.0.202105311346/tools/bin/../lib/gcc/arm-none-eabi/9.3.1/thumb/v7e-m+fp/hard/crtbegin.o

.rodata         0x0000000008003b68     0x6ef8
                0x0000000008003b68                . = ALIGN (0x4)
 *(.rodata)
 .rodata        0x0000000008003b68       0x20 ./Core/Src/main.o
 *(.rodata*)
 .rodata.ascii_1608
                0x0000000008003b88      0x5f0 ./Core/Src/lcd.o
                0x0000000008003b88                ascii_1608
 .rodata.ascii_2412
                0x0000000008004178     0x11d0 ./Core/Src/lcd.o
                0x0000000008004178                ascii_2412
 .rodata.ascii_3216
                0x0000000008005348     0x17c0 ./Core/Src/lcd.o
                0x0000000008005348                ascii_3216
 .rodata.gImage_logo
                0x0000000008006b08     0x3f48 ./Core/Src/picture.o
                0x0000000008006b08                gImage_logo
 .rodata.AHBPrescTable
                0x000000000800aa50       0x10 ./Core/Src/system_stm32f4xx.o
                0x000000000800aa50                AHBPrescTable
                0x000000000800aa60                . = ALIGN (0x4)

.ARM.extab      0x000000000800aa60        0x0
                0x000000000800aa60                . = ALIGN (0x4)
 *(.ARM.extab* .gnu.linkonce.armextab.*)
                0x000000000800aa60                . = ALIGN (0x4)

.ARM            0x000000000800aa60        0x8
                0x000000000800aa60                . = ALIGN (0x4)
                0x000000000800aa60                __exidx_start = .
 *(.ARM.exidx*)
 .ARM.exidx     0x000000000800aa60        0x8 d:/installation_directory/stm32cubeide_1.7.0/stm32cubeide/plugins/com.st.stm32cube.ide.mcu.externaltools.gnu-tools-for-stm32.9-2020-q2-update.win32_2.0.0.202105311346/tools/bin/../lib/gcc/arm-none-eabi/9.3.1/thumb/v7e-m+fp/hard\libgcc.a(_udivmoddi4.o)
                0x000000000800aa68                __exidx_end = .
                0x000000000800aa68                . = ALIGN (0x4)

.rel.dyn        0x000000000800aa68        0x0
 .rel.iplt      0x000000000800aa68        0x0 d:/installation_directory/stm32cubeide_1.7.0/stm32cubeide/plugins/com.st.stm32cube.ide.mcu.externaltools.gnu-tools-for-stm32.9-2020-q2-update.win32_2.0.0.202105311346/tools/bin/../lib/gcc/arm-none-eabi/9.3.1/thumb/v7e-m+fp/hard/crtbegin.o

.preinit_array  0x000000000800aa68        0x0
                0x000000000800aa68                . = ALIGN (0x4)
                0x000000000800aa68                PROVIDE (__preinit_array_start = .)
 *(.preinit_array*)
                0x000000000800aa68                PROVIDE (__preinit_array_end = .)
                0x000000000800aa68                . = ALIGN (0x4)

.init_array     0x000000000800aa68        0x4
                0x000000000800aa68                . = ALIGN (0x4)
                0x000000000800aa68                PROVIDE (__init_array_start = .)
 *(SORT_BY_NAME(.init_array.*))
 *(.init_array*)
 .init_array    0x000000000800aa68        0x4 d:/installation_directory/stm32cubeide_1.7.0/stm32cubeide/plugins/com.st.stm32cube.ide.mcu.externaltools.gnu-tools-for-stm32.9-2020-q2-update.win32_2.0.0.202105311346/tools/bin/../lib/gcc/arm-none-eabi/9.3.1/thumb/v7e-m+fp/hard/crtbegin.o
                0x000000000800aa6c                PROVIDE (__init_array_end = .)
                0x000000000800aa6c                . = ALIGN (0x4)

.fini_array     0x000000000800aa6c        0x4
                0x000000000800aa6c                . = ALIGN (0x4)
                [!provide]                        PROVIDE (__fini_array_start = .)
 *(SORT_BY_NAME(.fini_array.*))
 *(.fini_array*)
 .fini_array    0x000000000800aa6c        0x4 d:/installation_directory/stm32cubeide_1.7.0/stm32cubeide/plugins/com.st.stm32cube.ide.mcu.externaltools.gnu-tools-for-stm32.9-2020-q2-update.win32_2.0.0.202105311346/tools/bin/../lib/gcc/arm-none-eabi/9.3.1/thumb/v7e-m+fp/hard/crtbegin.o
                [!provide]                        PROVIDE (__fini_array_end = .)
                0x000000000800aa70                . = ALIGN (0x4)
                0x000000000800aa70                _sidata = LOADADDR (.data)

.data           0x0000000020000000       0x1c load address 0x000000000800aa70
                0x0000000020000000                . = ALIGN (0x4)
                0x0000000020000000                _sdata = .
 *(.data)
 *(.data*)
 .data.led7seg  0x0000000020000000        0x4 ./Core/Src/led_7seg.o
                0x0000000020000000                led7seg
 .data.arrayOfNum
                0x0000000020000004        0xa ./Core/Src/led_7seg.o
                0x0000000020000004                arrayOfNum
 .data.spi_buffer
                0x000000002000000e        0x2 ./Core/Src/led_7seg.o
                0x000000002000000e                spi_buffer
 .data.SystemCoreClock
                0x0000000020000010        0x4 ./Core/Src/system_stm32f4xx.o
                0x0000000020000010                SystemCoreClock
 .data.uwTickPrio
                0x0000000020000014        0x4 ./Drivers/STM32F4xx_HAL_Driver/Src/stm32f4xx_hal.o
                0x0000000020000014                uwTickPrio
 .data.uwTickFreq
                0x0000000020000018        0x1 ./Drivers/STM32F4xx_HAL_Driver/Src/stm32f4xx_hal.o
                0x0000000020000018                uwTickFreq
 *(.RamFunc)
 *(.RamFunc*)
                0x000000002000001c                . = ALIGN (0x4)
 *fill*         0x0000000020000019        0x3 
                0x000000002000001c                _edata = .
                0x000000000800aa8c                _siccmram = LOADADDR (.ccmram)

.igot.plt       0x000000002000001c        0x0 load address 0x000000000800aa8c
 .igot.plt      0x000000002000001c        0x0 d:/installation_directory/stm32cubeide_1.7.0/stm32cubeide/plugins/com.st.stm32cube.ide.mcu.externaltools.gnu-tools-for-stm32.9-2020-q2-update.win32_2.0.0.202105311346/tools/bin/../lib/gcc/arm-none-eabi/9.3.1/thumb/v7e-m+fp/hard/crtbegin.o

.ccmram         0x0000000010000000        0x0 load address 0x000000000800aa8c
                0x0000000010000000                . = ALIGN (0x4)
                0x0000000010000000                _sccmram = .
 *(.ccmram)
 *(.ccmram*)
                0x0000000010000000                . = ALIGN (0x4)
                0x0000000010000000                _eccmram = .
                0x0000000010000000                . = ALIGN (0x4)

.bss            0x000000002000001c      0x15c
                0x000000002000001c                _sbss = .
                0x000000002000001c                __bss_start__ = _sbss
 *(.bss)
 .bss           0x000000002000001c       0x1c d:/installation_directory/stm32cubeide_1.7.0/stm32cubeide/plugins/com.st.stm32cube.ide.mcu.externaltools.gnu-tools-for-stm32.9-2020-q2-update.win32_2.0.0.202105311346/tools/bin/../lib/gcc/arm-none-eabi/9.3.1/thumb/v7e-m+fp/hard/crtbegin.o
 *(.bss*)
 .bss.FSMC_Initialized
                0x0000000020000038        0x4 ./Core/Src/fsmc.o
 .bss.led7_index
                0x000000002000003c        0x2 ./Core/Src/led_7seg.o
                0x000000002000003c                led7_index
 .bss.count_led_debug
                0x000000002000003e        0x1 ./Core/Src/main.o
                0x000000002000003e                count_led_debug
 .bss.count_led_Y0
                0x000000002000003f        0x1 ./Core/Src/main.o
                0x000000002000003f                count_led_Y0
 .bss.count_led_Y1
                0x0000000020000040        0x1 ./Core/Src/main.o
                0x0000000020000040                count_led_Y1
 *fill*         0x0000000020000041        0x1 
 .bss.flag_timer2
                0x0000000020000042        0x2 ./Core/Src/software_timer.o
                0x0000000020000042                flag_timer2
 .bss.timer2_counter
                0x0000000020000044        0x2 ./Core/Src/software_timer.o
                0x0000000020000044                timer2_counter
 .bss.timer2_MUL
                0x0000000020000046        0x2 ./Core/Src/software_timer.o
                0x0000000020000046                timer2_MUL
 *(COMMON)
 COMMON         0x0000000020000048       0x50 ./Core/Src/fsmc.o
                0x0000000020000048                hsram1
 COMMON         0x0000000020000098       0x3a ./Core/Src/lcd.o
                0x0000000020000098                lcddev
                0x00000000200000a0                s
 *fill*         0x00000000200000d2        0x2 
 COMMON         0x00000000200000d4       0x58 ./Core/Src/spi.o
                0x00000000200000d4                hspi1
 COMMON         0x000000002000012c       0x48 ./Core/Src/tim.o
                0x000000002000012c                htim2
 COMMON         0x0000000020000174        0x4 ./Drivers/STM32F4xx_HAL_Driver/Src/stm32f4xx_hal.o
                0x0000000020000174                uwTick
                0x0000000020000178                . = ALIGN (0x4)
                0x0000000020000178                _ebss = .
                0x0000000020000178                __bss_end__ = _ebss

._user_heap_stack
                0x0000000020000178      0x600
                0x0000000020000178                . = ALIGN (0x8)
                [!provide]                        PROVIDE (end = .)
                0x0000000020000178                PROVIDE (_end = .)
                0x0000000020000378                . = (. + _Min_Heap_Size)
 *fill*         0x0000000020000178      0x200 
                0x0000000020000778                . = (. + _Min_Stack_Size)
 *fill*         0x0000000020000378      0x400 
                0x0000000020000778                . = ALIGN (0x8)

/DISCARD/
 libc.a(*)
 libm.a(*)
 libgcc.a(*)

.ARM.attributes
                0x0000000000000000       0x30
 *(.ARM.attributes)
 .ARM.attributes
                0x0000000000000000       0x1e d:/installation_directory/stm32cubeide_1.7.0/stm32cubeide/plugins/com.st.stm32cube.ide.mcu.externaltools.gnu-tools-for-stm32.9-2020-q2-update.win32_2.0.0.202105311346/tools/bin/../lib/gcc/arm-none-eabi/9.3.1/thumb/v7e-m+fp/hard/crti.o
 .ARM.attributes
                0x000000000000001e       0x34 d:/installation_directory/stm32cubeide_1.7.0/stm32cubeide/plugins/com.st.stm32cube.ide.mcu.externaltools.gnu-tools-for-stm32.9-2020-q2-update.win32_2.0.0.202105311346/tools/bin/../lib/gcc/arm-none-eabi/9.3.1/thumb/v7e-m+fp/hard/crtbegin.o
 .ARM.attributes
                0x0000000000000052       0x34 ./Core/Src/button.o
 .ARM.attributes
                0x0000000000000086       0x34 ./Core/Src/fsmc.o
 .ARM.attributes
                0x00000000000000ba       0x34 ./Core/Src/gpio.o
 .ARM.attributes
                0x00000000000000ee       0x34 ./Core/Src/lcd.o
 .ARM.attributes
                0x0000000000000122       0x34 ./Core/Src/led_7seg.o
 .ARM.attributes
                0x0000000000000156       0x34 ./Core/Src/main.o
 .ARM.attributes
                0x000000000000018a       0x39 ./Core/Src/picture.o
 .ARM.attributes
                0x00000000000001c3       0x34 ./Core/Src/software_timer.o
 .ARM.attributes
                0x00000000000001f7       0x34 ./Core/Src/spi.o
 .ARM.attributes
                0x000000000000022b       0x34 ./Core/Src/stm32f4xx_hal_msp.o
 .ARM.attributes
                0x000000000000025f       0x34 ./Core/Src/stm32f4xx_it.o
 .ARM.attributes
                0x0000000000000293       0x34 ./Core/Src/system_stm32f4xx.o
 .ARM.attributes
                0x00000000000002c7       0x34 ./Core/Src/tim.o
 .ARM.attributes
                0x00000000000002fb       0x21 ./Core/Startup/startup_stm32f407zgtx.o
 .ARM.attributes
                0x000000000000031c       0x34 ./Drivers/STM32F4xx_HAL_Driver/Src/stm32f4xx_hal.o
 .ARM.attributes
                0x0000000000000350       0x34 ./Drivers/STM32F4xx_HAL_Driver/Src/stm32f4xx_hal_cortex.o
 .ARM.attributes
                0x0000000000000384       0x34 ./Drivers/STM32F4xx_HAL_Driver/Src/stm32f4xx_hal_gpio.o
 .ARM.attributes
                0x00000000000003b8       0x34 ./Drivers/STM32F4xx_HAL_Driver/Src/stm32f4xx_hal_rcc.o
 .ARM.attributes
                0x00000000000003ec       0x34 ./Drivers/STM32F4xx_HAL_Driver/Src/stm32f4xx_hal_spi.o
 .ARM.attributes
                0x0000000000000420       0x34 ./Drivers/STM32F4xx_HAL_Driver/Src/stm32f4xx_hal_sram.o
 .ARM.attributes
                0x0000000000000454       0x34 ./Drivers/STM32F4xx_HAL_Driver/Src/stm32f4xx_hal_tim.o
 .ARM.attributes
                0x0000000000000488       0x34 ./Drivers/STM32F4xx_HAL_Driver/Src/stm32f4xx_hal_tim_ex.o
 .ARM.attributes
                0x00000000000004bc       0x34 ./Drivers/STM32F4xx_HAL_Driver/Src/stm32f4xx_ll_fsmc.o
 .ARM.attributes
                0x00000000000004f0       0x34 d:/installation_directory/stm32cubeide_1.7.0/stm32cubeide/plugins/com.st.stm32cube.ide.mcu.externaltools.gnu-tools-for-stm32.9-2020-q2-update.win32_2.0.0.202105311346/tools/bin/../lib/gcc/arm-none-eabi/9.3.1/../../../../arm-none-eabi/lib/thumb/v7e-m+fp/hard\libc_nano.a(lib_a-init.o)
 .ARM.attributes
                0x0000000000000524       0x34 d:/installation_directory/stm32cubeide_1.7.0/stm32cubeide/plugins/com.st.stm32cube.ide.mcu.externaltools.gnu-tools-for-stm32.9-2020-q2-update.win32_2.0.0.202105311346/tools/bin/../lib/gcc/arm-none-eabi/9.3.1/../../../../arm-none-eabi/lib/thumb/v7e-m+fp/hard\libc_nano.a(lib_a-memset.o)
 .ARM.attributes
                0x0000000000000558       0x17 d:/installation_directory/stm32cubeide_1.7.0/stm32cubeide/plugins/com.st.stm32cube.ide.mcu.externaltools.gnu-tools-for-stm32.9-2020-q2-update.win32_2.0.0.202105311346/tools/bin/../lib/gcc/arm-none-eabi/9.3.1/../../../../arm-none-eabi/lib/thumb/v7e-m+fp/hard\libc_nano.a(lib_a-strlen.o)
 .ARM.attributes
                0x000000000000056f       0x1e d:/installation_directory/stm32cubeide_1.7.0/stm32cubeide/plugins/com.st.stm32cube.ide.mcu.externaltools.gnu-tools-for-stm32.9-2020-q2-update.win32_2.0.0.202105311346/tools/bin/../lib/gcc/arm-none-eabi/9.3.1/thumb/v7e-m+fp/hard\libgcc.a(_aeabi_uldivmod.o)
 .ARM.attributes
                0x000000000000058d       0x34 d:/installation_directory/stm32cubeide_1.7.0/stm32cubeide/plugins/com.st.stm32cube.ide.mcu.externaltools.gnu-tools-for-stm32.9-2020-q2-update.win32_2.0.0.202105311346/tools/bin/../lib/gcc/arm-none-eabi/9.3.1/thumb/v7e-m+fp/hard\libgcc.a(_udivmoddi4.o)
 .ARM.attributes
                0x00000000000005c1       0x1e d:/installation_directory/stm32cubeide_1.7.0/stm32cubeide/plugins/com.st.stm32cube.ide.mcu.externaltools.gnu-tools-for-stm32.9-2020-q2-update.win32_2.0.0.202105311346/tools/bin/../lib/gcc/arm-none-eabi/9.3.1/thumb/v7e-m+fp/hard\libgcc.a(_dvmd_tls.o)
 .ARM.attributes
                0x00000000000005df       0x1e d:/installation_directory/stm32cubeide_1.7.0/stm32cubeide/plugins/com.st.stm32cube.ide.mcu.externaltools.gnu-tools-for-stm32.9-2020-q2-update.win32_2.0.0.202105311346/tools/bin/../lib/gcc/arm-none-eabi/9.3.1/thumb/v7e-m+fp/hard/crtn.o
OUTPUT(Ex1_LAB3.elf elf32-littlearm)
LOAD linker stubs
LOAD d:/installation_directory/stm32cubeide_1.7.0/stm32cubeide/plugins/com.st.stm32cube.ide.mcu.externaltools.gnu-tools-for-stm32.9-2020-q2-update.win32_2.0.0.202105311346/tools/bin/../lib/gcc/arm-none-eabi/9.3.1/../../../../arm-none-eabi/lib/thumb/v7e-m+fp/hard\libc.a
LOAD d:/installation_directory/stm32cubeide_1.7.0/stm32cubeide/plugins/com.st.stm32cube.ide.mcu.externaltools.gnu-tools-for-stm32.9-2020-q2-update.win32_2.0.0.202105311346/tools/bin/../lib/gcc/arm-none-eabi/9.3.1/../../../../arm-none-eabi/lib/thumb/v7e-m+fp/hard\libm.a
LOAD d:/installation_directory/stm32cubeide_1.7.0/stm32cubeide/plugins/com.st.stm32cube.ide.mcu.externaltools.gnu-tools-for-stm32.9-2020-q2-update.win32_2.0.0.202105311346/tools/bin/../lib/gcc/arm-none-eabi/9.3.1/thumb/v7e-m+fp/hard\libgcc.a

.debug_info     0x0000000000000000    0x12151
 .debug_info    0x0000000000000000      0x7f4 ./Core/Src/button.o
 .debug_info    0x00000000000007f4      0xa96 ./Core/Src/fsmc.o
 .debug_info    0x000000000000128a      0x569 ./Core/Src/gpio.o
 .debug_info    0x00000000000017f3     0x1759 ./Core/Src/lcd.o
 .debug_info    0x0000000000002f4c      0x89c ./Core/Src/led_7seg.o
 .debug_info    0x00000000000037e8     0x1b0e ./Core/Src/main.o
 .debug_info    0x00000000000052f6       0x98 ./Core/Src/picture.o
 .debug_info    0x000000000000538e      0xaa1 ./Core/Src/software_timer.o
 .debug_info    0x0000000000005e2f      0xa5a ./Core/Src/spi.o
 .debug_info    0x0000000000006889      0x394 ./Core/Src/stm32f4xx_hal_msp.o
 .debug_info    0x0000000000006c1d      0x801 ./Core/Src/stm32f4xx_it.o
 .debug_info    0x000000000000741e      0x5a4 ./Core/Src/system_stm32f4xx.o
 .debug_info    0x00000000000079c2      0xc88 ./Core/Src/tim.o
 .debug_info    0x000000000000864a       0x22 ./Core/Startup/startup_stm32f407zgtx.o
 .debug_info    0x000000000000866c      0x9b2 ./Drivers/STM32F4xx_HAL_Driver/Src/stm32f4xx_hal.o
 .debug_info    0x000000000000901e      0xed7 ./Drivers/STM32F4xx_HAL_Driver/Src/stm32f4xx_hal_cortex.o
 .debug_info    0x0000000000009ef5      0x83e ./Drivers/STM32F4xx_HAL_Driver/Src/stm32f4xx_hal_gpio.o
 .debug_info    0x000000000000a733      0x996 ./Drivers/STM32F4xx_HAL_Driver/Src/stm32f4xx_hal_rcc.o
 .debug_info    0x000000000000b0c9     0x17c0 ./Drivers/STM32F4xx_HAL_Driver/Src/stm32f4xx_hal_spi.o
 .debug_info    0x000000000000c889      0xbab ./Drivers/STM32F4xx_HAL_Driver/Src/stm32f4xx_hal_sram.o
 .debug_info    0x000000000000d434     0x2c22 ./Drivers/STM32F4xx_HAL_Driver/Src/stm32f4xx_hal_tim.o
 .debug_info    0x0000000000010056     0x15a2 ./Drivers/STM32F4xx_HAL_Driver/Src/stm32f4xx_hal_tim_ex.o
 .debug_info    0x00000000000115f8      0xb59 ./Drivers/STM32F4xx_HAL_Driver/Src/stm32f4xx_ll_fsmc.o

.debug_abbrev   0x0000000000000000     0x2b26
 .debug_abbrev  0x0000000000000000      0x1bf ./Core/Src/button.o
 .debug_abbrev  0x00000000000001bf      0x1e2 ./Core/Src/fsmc.o
 .debug_abbrev  0x00000000000003a1      0x14e ./Core/Src/gpio.o
 .debug_abbrev  0x00000000000004ef      0x3aa ./Core/Src/lcd.o
 .debug_abbrev  0x0000000000000899      0x1a9 ./Core/Src/led_7seg.o
 .debug_abbrev  0x0000000000000a42      0x2da ./Core/Src/main.o
 .debug_abbrev  0x0000000000000d1c       0x71 ./Core/Src/picture.o
 .debug_abbrev  0x0000000000000d8d      0x1d6 ./Core/Src/software_timer.o
 .debug_abbrev  0x0000000000000f63      0x1bb ./Core/Src/spi.o
 .debug_abbrev  0x000000000000111e      0x11d ./Core/Src/stm32f4xx_hal_msp.o
 .debug_abbrev  0x000000000000123b      0x176 ./Core/Src/stm32f4xx_it.o
 .debug_abbrev  0x00000000000013b1      0x145 ./Core/Src/system_stm32f4xx.o
 .debug_abbrev  0x00000000000014f6      0x1bb ./Core/Src/tim.o
 .debug_abbrev  0x00000000000016b1       0x12 ./Core/Startup/startup_stm32f407zgtx.o
 .debug_abbrev  0x00000000000016c3      0x1ed ./Drivers/STM32F4xx_HAL_Driver/Src/stm32f4xx_hal.o
 .debug_abbrev  0x00000000000018b0      0x33c ./Drivers/STM32F4xx_HAL_Driver/Src/stm32f4xx_hal_cortex.o
 .debug_abbrev  0x0000000000001bec      0x1f1 ./Drivers/STM32F4xx_HAL_Driver/Src/stm32f4xx_hal_gpio.o
 .debug_abbrev  0x0000000000001ddd      0x275 ./Drivers/STM32F4xx_HAL_Driver/Src/stm32f4xx_hal_rcc.o
 .debug_abbrev  0x0000000000002052      0x26e ./Drivers/STM32F4xx_HAL_Driver/Src/stm32f4xx_hal_spi.o
 .debug_abbrev  0x00000000000022c0      0x1f4 ./Drivers/STM32F4xx_HAL_Driver/Src/stm32f4xx_hal_sram.o
 .debug_abbrev  0x00000000000024b4      0x25e ./Drivers/STM32F4xx_HAL_Driver/Src/stm32f4xx_hal_tim.o
 .debug_abbrev  0x0000000000002712      0x266 ./Drivers/STM32F4xx_HAL_Driver/Src/stm32f4xx_hal_tim_ex.o
 .debug_abbrev  0x0000000000002978      0x1ae ./Drivers/STM32F4xx_HAL_Driver/Src/stm32f4xx_ll_fsmc.o

.debug_aranges  0x0000000000000000      0xed0
 .debug_aranges
                0x0000000000000000       0x28 ./Core/Src/button.o
 .debug_aranges
                0x0000000000000028       0x40 ./Core/Src/fsmc.o
 .debug_aranges
                0x0000000000000068       0x20 ./Core/Src/gpio.o
 .debug_aranges
                0x0000000000000088       0xd8 ./Core/Src/lcd.o
 .debug_aranges
                0x0000000000000160       0x48 ./Core/Src/led_7seg.o
 .debug_aranges
                0x00000000000001a8       0x70 ./Core/Src/main.o
 .debug_aranges
                0x0000000000000218       0x18 ./Core/Src/picture.o
 .debug_aranges
                0x0000000000000230       0x30 ./Core/Src/software_timer.o
 .debug_aranges
                0x0000000000000260       0x30 ./Core/Src/spi.o
 .debug_aranges
                0x0000000000000290       0x20 ./Core/Src/stm32f4xx_hal_msp.o
 .debug_aranges
                0x00000000000002b0       0x68 ./Core/Src/stm32f4xx_it.o
 .debug_aranges
                0x0000000000000318       0x28 ./Core/Src/system_stm32f4xx.o
 .debug_aranges
                0x0000000000000340       0x30 ./Core/Src/tim.o
 .debug_aranges
                0x0000000000000370       0x28 ./Core/Startup/startup_stm32f407zgtx.o
 .debug_aranges
                0x0000000000000398       0xf0 ./Drivers/STM32F4xx_HAL_Driver/Src/stm32f4xx_hal.o
 .debug_aranges
                0x0000000000000488      0x118 ./Drivers/STM32F4xx_HAL_Driver/Src/stm32f4xx_hal_cortex.o
 .debug_aranges
                0x00000000000005a0       0x58 ./Drivers/STM32F4xx_HAL_Driver/Src/stm32f4xx_hal_gpio.o
 .debug_aranges
                0x00000000000005f8       0x88 ./Drivers/STM32F4xx_HAL_Driver/Src/stm32f4xx_hal_rcc.o
 .debug_aranges
                0x0000000000000680      0x1d0 ./Drivers/STM32F4xx_HAL_Driver/Src/stm32f4xx_hal_spi.o
 .debug_aranges
                0x0000000000000850       0xa0 ./Drivers/STM32F4xx_HAL_Driver/Src/stm32f4xx_hal_sram.o
 .debug_aranges
                0x00000000000008f0      0x3d0 ./Drivers/STM32F4xx_HAL_Driver/Src/stm32f4xx_hal_tim.o
 .debug_aranges
                0x0000000000000cc0      0x168 ./Drivers/STM32F4xx_HAL_Driver/Src/stm32f4xx_hal_tim_ex.o
 .debug_aranges
                0x0000000000000e28       0xa8 ./Drivers/STM32F4xx_HAL_Driver/Src/stm32f4xx_ll_fsmc.o

.debug_ranges   0x0000000000000000      0xd60
 .debug_ranges  0x0000000000000000       0x18 ./Core/Src/button.o
 .debug_ranges  0x0000000000000018       0x30 ./Core/Src/fsmc.o
 .debug_ranges  0x0000000000000048       0x10 ./Core/Src/gpio.o
 .debug_ranges  0x0000000000000058       0xc8 ./Core/Src/lcd.o
 .debug_ranges  0x0000000000000120       0x38 ./Core/Src/led_7seg.o
 .debug_ranges  0x0000000000000158       0x60 ./Core/Src/main.o
 .debug_ranges  0x00000000000001b8       0x20 ./Core/Src/software_timer.o
 .debug_ranges  0x00000000000001d8       0x20 ./Core/Src/spi.o
 .debug_ranges  0x00000000000001f8       0x10 ./Core/Src/stm32f4xx_hal_msp.o
 .debug_ranges  0x0000000000000208       0x58 ./Core/Src/stm32f4xx_it.o
 .debug_ranges  0x0000000000000260       0x18 ./Core/Src/system_stm32f4xx.o
 .debug_ranges  0x0000000000000278       0x20 ./Core/Src/tim.o
 .debug_ranges  0x0000000000000298       0x20 ./Core/Startup/startup_stm32f407zgtx.o
 .debug_ranges  0x00000000000002b8       0xe0 ./Drivers/STM32F4xx_HAL_Driver/Src/stm32f4xx_hal.o
 .debug_ranges  0x0000000000000398      0x108 ./Drivers/STM32F4xx_HAL_Driver/Src/stm32f4xx_hal_cortex.o
 .debug_ranges  0x00000000000004a0       0x48 ./Drivers/STM32F4xx_HAL_Driver/Src/stm32f4xx_hal_gpio.o
 .debug_ranges  0x00000000000004e8       0x78 ./Drivers/STM32F4xx_HAL_Driver/Src/stm32f4xx_hal_rcc.o
 .debug_ranges  0x0000000000000560      0x1c0 ./Drivers/STM32F4xx_HAL_Driver/Src/stm32f4xx_hal_spi.o
 .debug_ranges  0x0000000000000720       0x90 ./Drivers/STM32F4xx_HAL_Driver/Src/stm32f4xx_hal_sram.o
 .debug_ranges  0x00000000000007b0      0x3c0 ./Drivers/STM32F4xx_HAL_Driver/Src/stm32f4xx_hal_tim.o
 .debug_ranges  0x0000000000000b70      0x158 ./Drivers/STM32F4xx_HAL_Driver/Src/stm32f4xx_hal_tim_ex.o
 .debug_ranges  0x0000000000000cc8       0x98 ./Drivers/STM32F4xx_HAL_Driver/Src/stm32f4xx_ll_fsmc.o

.debug_macro    0x0000000000000000    0x224f9
 .debug_macro   0x0000000000000000      0x216 ./Core/Src/button.o
 .debug_macro   0x0000000000000216      0xaa8 ./Core/Src/button.o
 .debug_macro   0x0000000000000cbe      0x2a1 ./Core/Src/button.o
 .debug_macro   0x0000000000000f5f       0x2e ./Core/Src/button.o
 .debug_macro   0x0000000000000f8d       0x2f ./Core/Src/button.o
 .debug_macro   0x0000000000000fbc       0x22 ./Core/Src/button.o
 .debug_macro   0x0000000000000fde       0x8e ./Core/Src/button.o
 .debug_macro   0x000000000000106c       0x51 ./Core/Src/button.o
 .debug_macro   0x00000000000010bd      0x103 ./Core/Src/button.o
 .debug_macro   0x00000000000011c0       0x6a ./Core/Src/button.o
 .debug_macro   0x000000000000122a      0x1df ./Core/Src/button.o
 .debug_macro   0x0000000000001409       0x1c ./Core/Src/button.o
 .debug_macro   0x0000000000001425       0x22 ./Core/Src/button.o
 .debug_macro   0x0000000000001447       0xdf ./Core/Src/button.o
 .debug_macro   0x0000000000001526     0x102d ./Core/Src/button.o
 .debug_macro   0x0000000000002553      0x11f ./Core/Src/button.o
 .debug_macro   0x0000000000002672    0x15e58 ./Core/Src/button.o
 .debug_macro   0x00000000000184ca       0x6d ./Core/Src/button.o
 .debug_macro   0x0000000000018537     0x3666 ./Core/Src/button.o
 .debug_macro   0x000000000001bb9d      0x174 ./Core/Src/button.o
 .debug_macro   0x000000000001bd11       0x5c ./Core/Src/button.o
 .debug_macro   0x000000000001bd6d      0x96b ./Core/Src/button.o
 .debug_macro   0x000000000001c6d8      0x9fe ./Core/Src/button.o
 .debug_macro   0x000000000001d0d6      0x116 ./Core/Src/button.o
 .debug_macro   0x000000000001d1ec      0x13e ./Core/Src/button.o
 .debug_macro   0x000000000001d32a       0xa5 ./Core/Src/button.o
 .debug_macro   0x000000000001d3cf      0x174 ./Core/Src/button.o
 .debug_macro   0x000000000001d543      0x287 ./Core/Src/button.o
 .debug_macro   0x000000000001d7ca       0x5f ./Core/Src/button.o
 .debug_macro   0x000000000001d829      0x236 ./Core/Src/button.o
 .debug_macro   0x000000000001da5f      0x12c ./Core/Src/button.o
 .debug_macro   0x000000000001db8b      0x21e ./Core/Src/button.o
 .debug_macro   0x000000000001dda9       0x2e ./Core/Src/button.o
 .debug_macro   0x000000000001ddd7      0x543 ./Core/Src/button.o
 .debug_macro   0x000000000001e31a      0x11a ./Core/Src/button.o
 .debug_macro   0x000000000001e434       0x7e ./Core/Src/button.o
 .debug_macro   0x000000000001e4b2       0x89 ./Core/Src/button.o
 .debug_macro   0x000000000001e53b      0x225 ./Core/Src/button.o
 .debug_macro   0x000000000001e760      0x8d1 ./Core/Src/button.o
 .debug_macro   0x000000000001f031       0x47 ./Core/Src/button.o
 .debug_macro   0x000000000001f078      0x12d ./Core/Src/button.o
 .debug_macro   0x000000000001f1a5       0x88 ./Core/Src/button.o
 .debug_macro   0x000000000001f22d      0x202 ./Core/Src/fsmc.o
 .debug_macro   0x000000000001f42f      0x202 ./Core/Src/gpio.o
 .debug_macro   0x000000000001f631      0x317 ./Core/Src/lcd.o
 .debug_macro   0x000000000001f948       0x18 ./Core/Src/lcd.o
 .debug_macro   0x000000000001f960       0x52 ./Core/Src/lcd.o
 .debug_macro   0x000000000001f9b2       0x3c ./Core/Src/lcd.o
 .debug_macro   0x000000000001f9ee       0x34 ./Core/Src/lcd.o
 .debug_macro   0x000000000001fa22       0x16 ./Core/Src/lcd.o
 .debug_macro   0x000000000001fa38       0x35 ./Core/Src/lcd.o
 .debug_macro   0x000000000001fa6d       0x16 ./Core/Src/lcd.o
 .debug_macro   0x000000000001fa83       0x43 ./Core/Src/lcd.o
 .debug_macro   0x000000000001fac6       0x34 ./Core/Src/lcd.o
 .debug_macro   0x000000000001fafa       0x10 ./Core/Src/lcd.o
 .debug_macro   0x000000000001fb0a       0x58 ./Core/Src/lcd.o
 .debug_macro   0x000000000001fb62       0x71 ./Core/Src/lcd.o
 .debug_macro   0x000000000001fbd3       0x1c ./Core/Src/lcd.o
 .debug_macro   0x000000000001fbef      0x12a ./Core/Src/lcd.o
 .debug_macro   0x000000000001fd19      0x333 ./Core/Src/lcd.o
 .debug_macro   0x000000000002004c       0x16 ./Core/Src/lcd.o
 .debug_macro   0x0000000000020062       0x29 ./Core/Src/lcd.o
 .debug_macro   0x000000000002008b       0x16 ./Core/Src/lcd.o
 .debug_macro   0x00000000000200a1       0x20 ./Core/Src/lcd.o
 .debug_macro   0x00000000000200c1       0xca ./Core/Src/lcd.o
 .debug_macro   0x000000000002018b      0x20c ./Core/Src/led_7seg.o
 .debug_macro   0x0000000000020397      0x36b ./Core/Src/main.o
 .debug_macro   0x0000000000020702       0x1b ./Core/Src/picture.o
 .debug_macro   0x000000000002071d      0x22a ./Core/Src/software_timer.o
 .debug_macro   0x0000000000020947      0x202 ./Core/Src/spi.o
 .debug_macro   0x0000000000020b49      0x1f8 ./Core/Src/stm32f4xx_hal_msp.o
 .debug_macro   0x0000000000020d41      0x202 ./Core/Src/stm32f4xx_it.o
 .debug_macro   0x0000000000020f43      0x1e9 ./Core/Src/system_stm32f4xx.o
 .debug_macro   0x000000000002112c      0x202 ./Core/Src/tim.o
 .debug_macro   0x000000000002132e      0x249 ./Drivers/STM32F4xx_HAL_Driver/Src/stm32f4xx_hal.o
 .debug_macro   0x0000000000021577      0x1e9 ./Drivers/STM32F4xx_HAL_Driver/Src/stm32f4xx_hal_cortex.o
 .debug_macro   0x0000000000021760      0x1ef ./Drivers/STM32F4xx_HAL_Driver/Src/stm32f4xx_hal_gpio.o
 .debug_macro   0x000000000002194f      0x20d ./Drivers/STM32F4xx_HAL_Driver/Src/stm32f4xx_hal_rcc.o
 .debug_macro   0x0000000000021b5c      0x1f8 ./Drivers/STM32F4xx_HAL_Driver/Src/stm32f4xx_hal_spi.o
 .debug_macro   0x0000000000021d54      0x1e9 ./Drivers/STM32F4xx_HAL_Driver/Src/stm32f4xx_hal_sram.o
 .debug_macro   0x0000000000021f3d      0x1ea ./Drivers/STM32F4xx_HAL_Driver/Src/stm32f4xx_hal_tim.o
 .debug_macro   0x0000000000022127      0x1e9 ./Drivers/STM32F4xx_HAL_Driver/Src/stm32f4xx_hal_tim_ex.o
 .debug_macro   0x0000000000022310      0x1e9 ./Drivers/STM32F4xx_HAL_Driver/Src/stm32f4xx_ll_fsmc.o

.debug_line     0x0000000000000000    0x1256b
 .debug_line    0x0000000000000000      0x7ff ./Core/Src/button.o
 .debug_line    0x00000000000007ff      0x874 ./Core/Src/fsmc.o
 .debug_line    0x0000000000001073      0x7d2 ./Core/Src/gpio.o
 .debug_line    0x0000000000001845     0x10de ./Core/Src/lcd.o
 .debug_line    0x0000000000002923      0x86f ./Core/Src/led_7seg.o
 .debug_line    0x0000000000003192      0xbee ./Core/Src/main.o
 .debug_line    0x0000000000003d80       0x4f ./Core/Src/picture.o
 .debug_line    0x0000000000003dcf      0x7f2 ./Core/Src/software_timer.o
 .debug_line    0x00000000000045c1      0x7e6 ./Core/Src/spi.o
 .debug_line    0x0000000000004da7      0x774 ./Core/Src/stm32f4xx_hal_msp.o
 .debug_line    0x000000000000551b      0x84e ./Core/Src/stm32f4xx_it.o
 .debug_line    0x0000000000005d69      0x7f5 ./Core/Src/system_stm32f4xx.o
 .debug_line    0x000000000000655e      0x7e1 ./Core/Src/tim.o
 .debug_line    0x0000000000006d3f       0x88 ./Core/Startup/startup_stm32f407zgtx.o
 .debug_line    0x0000000000006dc7      0xa5b ./Drivers/STM32F4xx_HAL_Driver/Src/stm32f4xx_hal.o
 .debug_line    0x0000000000007822      0xd0a ./Drivers/STM32F4xx_HAL_Driver/Src/stm32f4xx_hal_cortex.o
 .debug_line    0x000000000000852c      0xbd1 ./Drivers/STM32F4xx_HAL_Driver/Src/stm32f4xx_hal_gpio.o
 .debug_line    0x00000000000090fd      0xdd7 ./Drivers/STM32F4xx_HAL_Driver/Src/stm32f4xx_hal_rcc.o
 .debug_line    0x0000000000009ed4     0x1ce3 ./Drivers/STM32F4xx_HAL_Driver/Src/stm32f4xx_hal_spi.o
 .debug_line    0x000000000000bbb7      0xbfd ./Drivers/STM32F4xx_HAL_Driver/Src/stm32f4xx_hal_sram.o
 .debug_line    0x000000000000c7b4     0x374f ./Drivers/STM32F4xx_HAL_Driver/Src/stm32f4xx_hal_tim.o
 .debug_line    0x000000000000ff03     0x1a58 ./Drivers/STM32F4xx_HAL_Driver/Src/stm32f4xx_hal_tim_ex.o
 .debug_line    0x000000000001195b      0xc10 ./Drivers/STM32F4xx_HAL_Driver/Src/stm32f4xx_ll_fsmc.o

.debug_str      0x0000000000000000    0xcd012
 .debug_str     0x0000000000000000    0xc5f63 ./Core/Src/button.o
                                      0xc626e (size before relaxing)
 .debug_str     0x00000000000c5f63      0x3e1 ./Core/Src/fsmc.o
                                      0xc646b (size before relaxing)
 .debug_str     0x00000000000c6344       0x3c ./Core/Src/gpio.o
                                      0xc5f49 (size before relaxing)
 .debug_str     0x00000000000c6380     0x371a ./Core/Src/lcd.o
                                      0xc959d (size before relaxing)
 .debug_str     0x00000000000c9a9a       0x98 ./Core/Src/led_7seg.o
                                      0xc62aa (size before relaxing)
 .debug_str     0x00000000000c9b32      0x494 ./Core/Src/main.o
                                      0xc9f4f (size before relaxing)
 .debug_str     0x00000000000c9fc6       0x16 ./Core/Src/picture.o
                                       0x2e05 (size before relaxing)
 .debug_str     0x00000000000c9fdc       0x88 ./Core/Src/software_timer.o
                                      0xc656b (size before relaxing)
 .debug_str     0x00000000000ca064       0x4b ./Core/Src/spi.o
                                      0xc63a6 (size before relaxing)
 .debug_str     0x00000000000ca0af       0x2c ./Core/Src/stm32f4xx_hal_msp.o
                                      0xc5eac (size before relaxing)
 .debug_str     0x00000000000ca0db       0xcd ./Core/Src/stm32f4xx_it.o
                                      0xc6371 (size before relaxing)
 .debug_str     0x00000000000ca1a8       0xaf ./Core/Src/system_stm32f4xx.o
                                      0xc5cfc (size before relaxing)
 .debug_str     0x00000000000ca257      0x5c8 ./Core/Src/tim.o
                                      0xc69c9 (size before relaxing)
 .debug_str     0x00000000000ca81f       0x36 ./Core/Startup/startup_stm32f407zgtx.o
                                         0x7d (size before relaxing)
 .debug_str     0x00000000000ca855      0x583 ./Drivers/STM32F4xx_HAL_Driver/Src/stm32f4xx_hal.o
                                      0xc67de (size before relaxing)
 .debug_str     0x00000000000cadd8      0x399 ./Drivers/STM32F4xx_HAL_Driver/Src/stm32f4xx_hal_cortex.o
                                      0xc65cd (size before relaxing)
 .debug_str     0x00000000000cb171      0x15a ./Drivers/STM32F4xx_HAL_Driver/Src/stm32f4xx_hal_gpio.o
                                      0xc5ea3 (size before relaxing)
 .debug_str     0x00000000000cb2cb      0x259 ./Drivers/STM32F4xx_HAL_Driver/Src/stm32f4xx_hal_rcc.o
                                      0xc60fe (size before relaxing)
 .debug_str     0x00000000000cb524      0x57f ./Drivers/STM32F4xx_HAL_Driver/Src/stm32f4xx_hal_spi.o
                                      0xc65a0 (size before relaxing)
 .debug_str     0x00000000000cbaa3      0x1b4 ./Drivers/STM32F4xx_HAL_Driver/Src/stm32f4xx_hal_sram.o
                                      0xc6216 (size before relaxing)
 .debug_str     0x00000000000cbc57      0xdc8 ./Drivers/STM32F4xx_HAL_Driver/Src/stm32f4xx_hal_tim.o
                                      0xc702b (size before relaxing)
 .debug_str     0x00000000000cca1f      0x4ee ./Drivers/STM32F4xx_HAL_Driver/Src/stm32f4xx_hal_tim_ex.o
                                      0xc67dc (size before relaxing)
 .debug_str     0x00000000000ccf0d      0x105 ./Drivers/STM32F4xx_HAL_Driver/Src/stm32f4xx_ll_fsmc.o
                                      0xc60dd (size before relaxing)

.comment        0x0000000000000000       0x53
 .comment       0x0000000000000000       0x53 ./Core/Src/button.o
                                         0x54 (size before relaxing)
 .comment       0x0000000000000053       0x54 ./Core/Src/fsmc.o
 .comment       0x0000000000000053       0x54 ./Core/Src/gpio.o
 .comment       0x0000000000000053       0x54 ./Core/Src/lcd.o
 .comment       0x0000000000000053       0x54 ./Core/Src/led_7seg.o
 .comment       0x0000000000000053       0x54 ./Core/Src/main.o
 .comment       0x0000000000000053       0x54 ./Core/Src/picture.o
 .comment       0x0000000000000053       0x54 ./Core/Src/software_timer.o
 .comment       0x0000000000000053       0x54 ./Core/Src/spi.o
 .comment       0x0000000000000053       0x54 ./Core/Src/stm32f4xx_hal_msp.o
 .comment       0x0000000000000053       0x54 ./Core/Src/stm32f4xx_it.o
 .comment       0x0000000000000053       0x54 ./Core/Src/system_stm32f4xx.o
 .comment       0x0000000000000053       0x54 ./Core/Src/tim.o
 .comment       0x0000000000000053       0x54 ./Drivers/STM32F4xx_HAL_Driver/Src/stm32f4xx_hal.o
 .comment       0x0000000000000053       0x54 ./Drivers/STM32F4xx_HAL_Driver/Src/stm32f4xx_hal_cortex.o
 .comment       0x0000000000000053       0x54 ./Drivers/STM32F4xx_HAL_Driver/Src/stm32f4xx_hal_gpio.o
 .comment       0x0000000000000053       0x54 ./Drivers/STM32F4xx_HAL_Driver/Src/stm32f4xx_hal_rcc.o
 .comment       0x0000000000000053       0x54 ./Drivers/STM32F4xx_HAL_Driver/Src/stm32f4xx_hal_spi.o
 .comment       0x0000000000000053       0x54 ./Drivers/STM32F4xx_HAL_Driver/Src/stm32f4xx_hal_sram.o
 .comment       0x0000000000000053       0x54 ./Drivers/STM32F4xx_HAL_Driver/Src/stm32f4xx_hal_tim.o
 .comment       0x0000000000000053       0x54 ./Drivers/STM32F4xx_HAL_Driver/Src/stm32f4xx_hal_tim_ex.o
 .comment       0x0000000000000053       0x54 ./Drivers/STM32F4xx_HAL_Driver/Src/stm32f4xx_ll_fsmc.o

.debug_frame    0x0000000000000000     0x3bc0
 .debug_frame   0x0000000000000000       0x50 ./Core/Src/button.o
 .debug_frame   0x0000000000000050       0xbc ./Core/Src/fsmc.o
 .debug_frame   0x000000000000010c       0x34 ./Core/Src/gpio.o
 .debug_frame   0x0000000000000140      0x394 ./Core/Src/lcd.o
 .debug_frame   0x00000000000004d4       0xe8 ./Core/Src/led_7seg.o
 .debug_frame   0x00000000000005bc      0x15c ./Core/Src/main.o
 .debug_frame   0x0000000000000718       0x78 ./Core/Src/software_timer.o
 .debug_frame   0x0000000000000790       0x74 ./Core/Src/spi.o
 .debug_frame   0x0000000000000804       0x38 ./Core/Src/stm32f4xx_hal_msp.o
 .debug_frame   0x000000000000083c      0x120 ./Core/Src/stm32f4xx_it.o
 .debug_frame   0x000000000000095c       0x58 ./Core/Src/system_stm32f4xx.o
 .debug_frame   0x00000000000009b4       0x7c ./Core/Src/tim.o
 .debug_frame   0x0000000000000a30      0x374 ./Drivers/STM32F4xx_HAL_Driver/Src/stm32f4xx_hal.o
 .debug_frame   0x0000000000000da4      0x498 ./Drivers/STM32F4xx_HAL_Driver/Src/stm32f4xx_hal_cortex.o
 .debug_frame   0x000000000000123c      0x14c ./Drivers/STM32F4xx_HAL_Driver/Src/stm32f4xx_hal_gpio.o
 .debug_frame   0x0000000000001388      0x1f0 ./Drivers/STM32F4xx_HAL_Driver/Src/stm32f4xx_hal_rcc.o
 .debug_frame   0x0000000000001578      0x824 ./Drivers/STM32F4xx_HAL_Driver/Src/stm32f4xx_hal_spi.o
 .debug_frame   0x0000000000001d9c      0x2a0 ./Drivers/STM32F4xx_HAL_Driver/Src/stm32f4xx_hal_sram.o
 .debug_frame   0x000000000000203c     0x11c4 ./Drivers/STM32F4xx_HAL_Driver/Src/stm32f4xx_hal_tim.o
 .debug_frame   0x0000000000003200      0x638 ./Drivers/STM32F4xx_HAL_Driver/Src/stm32f4xx_hal_tim_ex.o
 .debug_frame   0x0000000000003838      0x2dc ./Drivers/STM32F4xx_HAL_Driver/Src/stm32f4xx_ll_fsmc.o
 .debug_frame   0x0000000000003b14       0x2c d:/installation_directory/stm32cubeide_1.7.0/stm32cubeide/plugins/com.st.stm32cube.ide.mcu.externaltools.gnu-tools-for-stm32.9-2020-q2-update.win32_2.0.0.202105311346/tools/bin/../lib/gcc/arm-none-eabi/9.3.1/../../../../arm-none-eabi/lib/thumb/v7e-m+fp/hard\libc_nano.a(lib_a-init.o)
 .debug_frame   0x0000000000003b40       0x20 d:/installation_directory/stm32cubeide_1.7.0/stm32cubeide/plugins/com.st.stm32cube.ide.mcu.externaltools.gnu-tools-for-stm32.9-2020-q2-update.win32_2.0.0.202105311346/tools/bin/../lib/gcc/arm-none-eabi/9.3.1/../../../../arm-none-eabi/lib/thumb/v7e-m+fp/hard\libc_nano.a(lib_a-memset.o)
 .debug_frame   0x0000000000003b60       0x2c d:/installation_directory/stm32cubeide_1.7.0/stm32cubeide/plugins/com.st.stm32cube.ide.mcu.externaltools.gnu-tools-for-stm32.9-2020-q2-update.win32_2.0.0.202105311346/tools/bin/../lib/gcc/arm-none-eabi/9.3.1/thumb/v7e-m+fp/hard\libgcc.a(_aeabi_uldivmod.o)
 .debug_frame   0x0000000000003b8c       0x34 d:/installation_directory/stm32cubeide_1.7.0/stm32cubeide/plugins/com.st.stm32cube.ide.mcu.externaltools.gnu-tools-for-stm32.9-2020-q2-update.win32_2.0.0.202105311346/tools/bin/../lib/gcc/arm-none-eabi/9.3.1/thumb/v7e-m+fp/hard\libgcc.a(_udivmoddi4.o)
